1c.ru # TLD
1cupis.ru # TLD
1tv.ru # TLD
1xbet.kz # TLD
2gis.com # GeoIP (RU)
2gis.ru # TLD
2giskz.app # GeoIP (RU)
5ka.ru # TLD
acint.net # GeoIP (RU)
ad-tech.ru # TLD
adfox.ru # TLD
adhigh.net # GeoIP (RU)
adiam.tech # GeoIP (RU)
adlook.online # GeoIP (RU)
adlooxtracking.ru # TLD
adplay.ru # TLD
adriver.ru # TLD
adspend.space # GeoIP (RU)
adtec.ru # TLD
advertronic.io # GeoIP (RU)
adx.com.ru # TLD
aeroflot.ru # TLD
al-adtech.com # GeoIP (RU)
alfabank.ru # TLD
alfasense.net # GeoIP (RU)
aliexpress.ru # TLD
amocrm.ru # TLD
apiblink.ru # TLD
apptracer.ru # TLD
apteka.ru # TLD
atol.ru # TLD
auto.ru # TLD
aviasales.ru # TLD
avito.ru # TLD
avito.st # GeoIP (RU)
beeline.ru # TLD
beget.com # GeoIP (RU)
belta.by # TLD
betboom.ru # TLD
betcity.ru # TLD
betweendigital.com # GeoIP (RU)
bidvol.com # GeoIP (RU)
bitrix.info # GeoIP (RU)
bitrix24.ru # TLD
bk6bba-resources.ru # TLD
blink-maps.com # GeoIP (RU)
boosty.to # GeoIP (RU)
botfaqtor.ru # TLD
bspb.ru # TLD
buzzoola.com # GeoIP (RU)
calltouch.ru # TLD
carrotquest.app # GeoIP (RU)
catsnetwork.ru # TLD
cdek.ru # TLD
cdn-cian.ru # TLD
cdn-tinkoff.ru # TLD
cdn-vk.ru # TLD
cdnvideo.ru # TLD
championat.com # GeoIP (RU)
chemport.ru # TLD
cian.ru # TLD
cldmail.ru # TLD
cmediahub.ru # TLD
cnt.my # GeoIP (RU)
corbina.net # GeoIP (RU)
crpt.ru # TLD
dbankcdn.ru # TLD
dbankcloud.ru # TLD
detmir.ru # TLD
digital.gov.ru # TLD
digitaltarget.ru # TLD
dns-shop.ru # TLD
domclick.ru # TLD
dontworry.su # TLD
drom.ru # TLD
dzen.ru # TLD
dzeninfra.ru # TLD
eapteka.ru # TLD
edgecdn.ru # TLD
edna.ru # TLD
expf.ru # TLD
facct.ru # TLD
fastpic.ru # TLD
fotostrana.ru # TLD
gdemoideti.ru # TLD
geobasket.ru # TLD
getcourse.ru # TLD
gid.ru # TLD
gismeteo.ru # TLD
gloryads.ru # TLD
gnezdo.ru # TLD
goldapple.ru # TLD
google.by # TLD
google.kz # TLD
google.ru # TLD
gosuslugi.ru # TLD
gpb.ru # TLD
gu-st.ru # TLD
happ.su # TLD
hexawall.ru # TLD
hh.ru # TLD
hostingradio.ru # TLD
huawei.ru # TLD
hwcdn.ru # TLD
icmp0.ru # TLD
imgsmail.ru # TLD
inappstory.ru # TLD
ivi.ru # TLD
izap24.ru # TLD
jivo.ru # TLD
jscrambler.com # Keyword
kaspi.kz # TLD
keenetic.ru # TLD
kill-bot.ru # TLD
kinopoisk.ru # TLD
kion.ru # TLD
kontur.ru # TLD
lamoda.ru # TLD
lenta.ru # TLD
lenta.tech # GeoIP (RU)
lesta.ru # TLD
likeevideo.ru # TLD
linkssp.ru # TLD
litres.ru # TLD
livetex.ru # TLD
lmcdn.ru # TLD
magnit.ru # TLD
magonet.ru # TLD
mail.ru # TLD
matchtv.ru # TLD
max.ru # TLD
me-talk.ru # TLD
mediatoday.ru # TLD
mediavitrina.ru # TLD
megafon.ru # TLD
mfms.ru # TLD
mhverifier.ru # TLD
mindbox.ru # TLD
mos.ru # TLD
mosmetro.ru # TLD
moviead55.ru # TLD
mpsuadv.ru # TLD
mrgcdn.ru # TLD
mts.ru # TLD
mybusiness38.ru # TLD
nic.ru # TLD
odnoklassniki.ru # TLD
ok.ru # TLD
okcdn.ru # TLD
olimpic.ru # TLD
olx.kz # TLD
oneme.ru # TLD
onetarget.ru # TLD
opendsp.ru # TLD
openssp.ru # TLD
opticbox.ru # TLD
otclick-adv.ru # TLD
ozon.kz # TLD
ozon.ru # TLD
ozone.ru # TLD
pb06e2-resources.ru # TLD
perekrestok.ru # TLD
petrovich.ru # TLD
pikabu.ru # TLD
playfamily.ru # TLD
playground.ru # TLD
profi.ru # TLD
punchmedia.ru # TLD
pushed.ru # TLD
raiffeisen.ru # TLD
rambler.ru # TLD
rbc.ru # TLD
refno.ru # TLD
reg.ru # TLD
retailrocket.ru # TLD
ria.ru # TLD
rt.ru # TLD
rtbcdn.ru # TLD
rustore.ru # TLD
rutarget.ru # TLD
rutube.ru # TLD
rzd.ru # TLD
saby.ru # TLD
samokat.ru # TLD
sape.ru # TLD
sber.ru # TLD
sberbank.ru # TLD
sberdevices.ru # TLD
sbis.ru # TLD
sendsay.ru # TLD
servicecdn.ru # TLD
serving-sys.ru # TLD
skcrtxr.com # GeoIP (RU)
smi2.ru # TLD
smotrim.ru # TLD
soloway.ru # TLD
sovcombank.ru # TLD
spb.ru # TLD
sports.ru # TLD
sportsapi.ru # TLD
starline.ru # TLD
stbid.ru # TLD
studilka.ru # TLD
supercdn.ru # TLD
sutochno.ru # TLD
sweb.ru # TLD
sz.kz # TLD
t-bank-app.su # TLD
t-static.ru # TLD
t2.ru # TLD
tabor.ru # TLD
tbank.ru # TLD
telecid.ru # TLD
tennisi.kz # TLD
tgstat.ru # TLD
thepoizon.ru # TLD
timeweb.ru # TLD
tinkoff.ru # TLD
tmiaf.ru # TLD
tns-counter.ru # TLD
top100.ru # TLD
trace-flow.ru # TLD
troywell.org # GeoIP (RU)
tutu.ru # TLD
utkacraft.ru # TLD
uxfeedback.ru # TLD
v2z.ru # TLD
vc.ru # TLD
video-mech.ru # TLD
videonow.ru # TLD
vk-analytics.ru # TLD
vk-cdn.net # Keyword
vk.com # Keyword
vk.ru # TLD
vkplay.ru # TLD
vkuser.net # Keyword
vkuseraudio.net # Keyword
vkuseraudio.ru # TLD
vkuserphoto.ru # TLD
vkusvill.ru # TLD
vkvideo.ru # TLD
vniiftri.ru # TLD
voskhod.ru # TLD
vseinstrumenti.ru # TLD
vtb.ru # TLD
wb.ru # TLD
wbbasket.ru # TLD
weborama-tech.ru # TLD
wildberries.ru # TLD
winline.ru # TLD
wordunscrambler.net # Keyword
x5.ru # TLD
x5media.ru # TLD
xbox-dns.ru # TLD
ya.ru # TLD
yadro.ru # TLD
yandex-net.ru # TLD
yandex-team.ru # TLD
yandex.az # Keyword
yandex.by # TLD
yandex.co.il # Keyword
yandex.com # Keyword
yandex.com.ge # Keyword
yandex.com.tr # Keyword
yandex.fi # Keyword
yandex.kz # TLD
yandex.md # Keyword
yandex.net # Keyword
yandex.ru # TLD
yandex.uz # Keyword
yandexadexchange.net # Keyword
yandexcloud.net # Keyword
yccdn.ru # TLD
yoomoney.ru # TLD
yota.ru # TLD
yulengine.ru # TLD
zetsource.su # TLD
zin.ru # TLD
