011st.com
0xrpc.io
1000bulbs.com
10010.com
10086.cn
10jqka.com.cn
11467.com
11st.co.kr
122271.art
123c.vn
123presto.com
123rf.com
126.net
127.net
1337x.to
163.com
163data.com.cn
163jiasu.com
1688.com
17track.net
17u.cn
182682.xyz
189.cn
18comic.vip
1905.com
19gogo.net
1clickvpn.net
1drv.com
1map.com
1password.com
1password.eu
1rpc.io
1und1.de
1worldsync.com
2022welcome.com
21cn.com
21wiz.com
225284.xyz
247sports.com
24smi.net
25u.com
28y58.com
2cnt.net
2ksports.com
2likemobile.com
2miners.com
2osb.com
2trk.info
2xstorage.com
300624.com
3322.net
33across.com
345ddz.com
360.cn
360.com
360buyimg.com
360kuai.com
360monitoring.io
360safe.com
360totalsecurity.com
360yield.com
365scores.com
37games.com
3cx.com
3cx.us
3dos.io
3ds.com
3gl.net
3lift.com
3shape.com
3shapecommunicate.com
3u.com
3xpl.com
4archive.org
4cdn.org
4dcloud.fr
4dsply.com
4shared.com
4store.com
4wps.net
506.io
51.la
520.jp
58.com
58cdn.com.cn
5ch.io
6677g.com
699pic.com
6sense.com
711proxy.com
799dy.com
7games.bet.br
7tv.app
7tv.io
8-lives-cat.io
8888.google
8x8.com
93soso.com
943seo.com
94baxa.com
94kkkb.com
99app.com
99taxis.mobi
9gag.com
9gtb.com
9hits.com
9mod.com
a-ads.com
a-mo.net
a.co
a1.net
a47b.com
aa.com
aalto.fi
aaronweintraubfromcogent.com
aaronweintraubwantstobecyberpolice.com
aarp.org
aastocks.com
abb.com
abc.com
abc.net.au
abcdef.wiki
abcnews.com
abcvg.info
abebooks.co.uk
abebooks.com
abebooks.de
abebooks.fr
ably-realtime.com
ably.io
ably.net
aboutyou.com
aboutyou.de
abr.ge
abtasty.com
abupdate.com
abuse.ch
abv.bg
academia.edu
acast.com
accel.li
accenture.com
accompany.com
accor.com
accountkit.com
accuweather.com
acehardware.com
acesso.gov.br
acm.org
acmeaom.com
acrobat.com
acrobits.cz
acronis.com
acs.org
acsbapp.com
acscdn.com
acsechocaptiveportal.com
actalis.it
action1.com
activehosted.com
activision.com
acuityplatform.com
ad-delivery.net
ad-score.com
ad-srv.net
ad-stir.com
ad.gt
ad4m.at
ada.support
adaptiva.cloud
adapty.io
adaptytech.com
adara.com
adblockdns.com
adblockplus.org
adbro.me
addevent.com
addigy.com
addtoany.com
adelement.com
adelion.com
adentifi.com
adexchangerapid.com
adform.net
adfuse-ssp.com
adglare.net
adguard-dns.com
adguard.com
adidas.com
adikteev.com
adingo.jp
adintl.cn
adition.com
aditude.cloud
aditude.io
adivery.com
adj.st
adjoe-programmatic.com
adjoe.zone
adjust.com
adjust.io
adjust.net.in
adkernel.com
adlightning.com
adlooxtracking.com
admanmedia.com
admaster.cc
admatic.com.tr
admatic.de
admicro.vn
admin.ch
admixer.com
admixer.net
admob.com
admost.com
adnami.io
adnxs.com
adnz.co
adobe.com
adobe.io
adobe.net
adobeaemcloud.com
adobeconnect.com
adobelogin.com
adobeprimetime.com
adocean.pl
adop.cc
adotmob.com
adovid.com
adp.com
adprime.com
adpushup.com
adrise.tv
adroll.com
adrta.com
adsafeprotected.com
adsafety.net
adsbexchange.com
adsbynimbus.com
adscale.de
adsco.re
adsensecustomsearchads.com
adsinteractive.com
adskeeper.com
adsmeasurement.com
adsmoloco.com
adsmovil.com
adsninja.ca
adsolut.in
adspector.io
adspower.com
adspower.net
adsrvr.org
adstanding.com
adster.tech
adstork.com
adsurge.com
adswizz.com
adtarget.biz
adtarget.com.tr
adtech.ink
adtelligent.com
adthrive.com
adtidy.org
adtiming.com
adtonos.com
adtrafficquality.google
adup-tech.com
adups.com
adv094.in
advanseads.com
adventori.com
advertising.com
adverttise.com
advfn.com
advisor.travel
advlion.com
advolve.io
adx.ws
adxcorp.kr
adxflyer.com
adyen.com
adzl888.com
adzuna.co.uk
adzuna.com
ae.com
ae12372.com
aerobasegroup.com
affec.tv
affirm.com
afraid.org
afrdtech.com
afrinic.net
afternic.com
afterpay.com
agego.com
agentclientprotocol.com
agenteimmobiliare.info
ageverif.com
aggle.net
agnss.goog
agoda.com
agoda.net
agora.io
ahacdn.me
ahagamecenter.com
ahajournals.org
ahcdn.com
ahnlab.com
ahrefs.com
aicdn.com
aichat4search.com
aichouphaugn.com
aidata.io
aidcgroup.net
aifpleasurebeh.org
aihelp.net
aimarx.com
aiotsecu.com
airarabia.com
airasia.com
airbnb.com
airbrake.io
airbridge.io
aircall.io
aircanada.com
airdroid.com
airfind.com
airpay.co.id
airport.us
airtable.com
airtel.in
airwallex.com
aiscore.com
aisee.tv
ajax.systems
ajay.app
ajcloud.net
ajio.com
aka.ms
akamai.com
aktuality.sk
akuvox.com
aladin.co.kr
alamy.com
alar.my
alarm.com
alberta.ca
albiononline.com
alchemer.com
alchemy.com
alcmpn.com
aldat.online
alfasense.com
algolia.io
algolia.net
algolianet.com
algorecs.com
alhapi.com
alibaba-inc.com
alibaba.com
alibabachengdun.com
alibabacloud.com
alibabacorp.com
alibabausercontent.com
alicdn.com
alice.it
alidns.com
aliexpress.com
aliexpress.us
alikunlun.com
alikunlun.net
alipay.com
alipaydns.com
alipayobjects.com
alipayplus.com
aliyun.com
aliyuncs.com
aliyuncsslb.com
aljazeera.com
alk.com
all.biz
allapp.link
allawntech.com
alldatasheet.com
alldatasheet.net
alldocumentexplor.pro
allegro.pl
allegroimg.com
allmusic.com
allrecipes.com
allseason.vip
alltrails.com
almalinux.org
alocdn.com
alpaca.markets
alphonso.tv
alpinelinux.org
alta.inc
altervista.org
altium.com
altmetric.com
alza.cz
amadeus.com
amagi.tv
amap.com
amazon-adsystem.com
amazon.ae
amazon.ca
amazon.co.jp
amazon.co.uk
amazon.co.za
amazon.com
amazon.com.au
amazon.com.be
amazon.com.br
amazon.com.mx
amazon.com.tr
amazon.de
amazon.eg
amazon.es
amazon.eu
amazon.fr
amazon.ie
amazon.in
amazon.it
amazon.nl
amazon.pl
amazon.sa
amazon.se
amazon.sg
amazonalexa.com
amazonaws.com
amazonaws.com.cn
amazonses.com
amazonsilk.com
amazontrust.com
amazonvideo.com
ambientweather.net
ambitionbox.com
amcdn.vn
amcrestcloud.com
amcrestview.com
amctheatres.com
amd.com
ameba.jp
ameblo.jp
amemv.com
americanas.com.br
americanexpress.com
amoad.com
amperwave.net
amplitude.com
ampproject.net
ampproject.org
amspbs.com
amung.us
amx1.net
amxrtb.com
ana.co.jp
ancestry.com
andbeyond.media
android.com
angelone.in
anghami.com
angi.com
anilist.co
anirena.com
aniview.com
anjuke.com
anker-in.com
anker.com
ankr.com
anlian.co
anm.co.uk
announcekit.app
announcekit.co
anonm.io
anonymised.io
antgain.app
anthill.farm
anthropic.com
anthropologie.com
anticheatexpert.com
antigravity-unleash.goog
antpeak.com
antpool.com
anydesk.com
anymind360.com
anyrtb.com
anywhereworks.com
anz.com
aol.com
aosulife.com
apache.org
aparat.com
apartments.com
api-dc-prod-009.cyou
api-dc2-prod-09.cyou
api-sports.io
api-taboola.com
apibay.org
apify.com
apkpure.com
apkpure.net
aplo-evnt.com
apnews.com
apnic.net
apollo.io
apotube.com
app-ads-services.com
app-analytics-services-att.com
app-analytics-services.com
app-measurement.com
app.link
appbaqend.com
appboy.com
appboycdn.com
appcenter.ms
appcues.com
appdome.com
appdynamics.com
appexnw.com
appier.net
apple-cloudkit.com
apple.com
apple.com.cn
apple.news
appleiphonecell.com
applovin.com
appmate.io
appnext.com
appodeal.com
approov.io
appsdevlab.com
appsflyer.com
appsflyersdk.com
appspot.com
apptentive.com
apptimize.com
apsystemsema.com
aptoide.com
aptrinsic.com
apxor.com
aqara.com
aqua-calc.com
aralego.com
arastirmax.com
arbiscan.io
arbitrum.io
arca.live
arcgis.com
arcgisonline.com
archive-digger.com
archive-it.org
archive.org
archiveofourown.org
archlinux.org
archonph.com
arcor.de
arcpublishing.com
arcspire.io
arcticwolf.net
arduino.cc
arenabg.com
arenabreakout.com
argos.co.uk
ariba.com
arin.net
arity.com
arixo.shop
arkoselabs.com
arlo.com
armcloud.net
armdb.org
arstechnica.com
articulate.com
artillex-studios.com
artixlinux.org
artlist.io
artsdot.com
artstation.com
arttrk.com
aruba.it
arubainstanton.com
arubanetworks.com
arxiv.org
as.com
asana.com
ascelibrary.org
ascopubs.org
ashemaletube.com
asia-home.com
asics.com
ask.com
askfilo.com
askubuntu.com
asm.org
asos.com
aspendiscovery.org
assemblyexchange.com
assertcom.de
assetsconfigcdn.org
asterdex.com
astro.com
asurascans.com
asus.com
asuscomm.com
aswpsdkus.com
atelier-socle.com
atera.com
aternity.com
aternos.me
aternos.org
athenahealth.com
athwartwhoafat.com
atl-paas.net
atlassian.com
atlassian.net
atom.com
atomex.net
atsptp.com
att.com
att.net
attentionxyz.com
attentivemobile.com
attheraces.com
attn.tv
au.com
auction.co.kr
auctor.tv
audible.com
audioeye.com
audiomack.com
audioscrobbler.com
audrte.com
august.com
austlii.edu.au
autel.com
auteltech.net
auth0.com
authorize.net
authorizedvault.com
autodesk.com
autodoc.de
autoelevate.com
autohome.com.cn
autoimg.cn
automizely.com
automox.com
autonavi.com
autorefresh.io
autoscout24.com
autotrader.com
autozone.com
auvik.com
av380.net
avada.io
avads.net
avasecurity.com
avast.com
avastbrowser.com
avax.network
avg.com
avgbrowser.com
avianca.com
aviasales.com
aviationweather.gov
avid.com
avigilon.com
avira.com
avls18.com
avlyun.com
avplayer.com
avs.io
avsxappcaptiveportal.com
avsystem.cloud
awardpongsur.org
awdeliverynet.com
awin1.com
aws.com
awsapps.com
axcient.net
axept.io
axiom.co
axiom.trade
axiombid.com
axios.com
axis-marketplace.com
axis.com
axon.ai
axonix.com
axs.com
ay.delivery
ayads.co
aylanetworks.com
azerion.com
azioncdn.net
azionedge.com
azionedge.net
aznude.com
azure.cn
azure.com
azure.net
azurecontainerapps.io
azurecr.io
azurerms.com
b-cdn.net
b2b168.com
b2bhint.com
ba-sh.com
ba.gov.br
bab.la
bablosoft.com
babybus.com
bac.com
backblaze.com
backblazeb2.com
backtrace.io
badambiz.com
badoo.com
badoocdn.com
bagankeyboard.com
bahn.de
baidu.com
baidustatic.com
baike.com
baishan-cloud.net
baitoru.com
bale.ai
balena-cloud.com
baliusuperapp.xyz
bamboohr.com
bambulab.com
bambuser.com
bamlabs.com
banco.bradesco
bancointer.com.br
bancopan.com.br
bancosantander.es
band.us
bandcamp.com
bandlab.com
bandsintown.com
banggood.com
bangumi.moe
bankingcircleconnect.com
bankofamerica.com
banyanops.com
baomoi.com
baqend.com
barclays.co.uk
bark.us
barnesandnoble.com
barracuda.com
barracudanetworks.com
base.org
base44.app
basecamp.com
basescan.org
baseten.co
basf.com
basis.net
batch.com
batdongsan.com.vn
batteriesinaflash.com
battle.net
battleye.com
bazaarvoice.com
bb.com.br
bbb.org
bbc.co.uk
bbc.com
bbci.co.uk
bblmw.com
bbtgz.cn
bbvms.com
bc0a.com
bcb.gov.br
bcc-ads.com
bcf.com.au
bdimg.com
bdstatic.com
beachdibs.com
beacondb.net
beatport.com
beautylisher.com
bebee.com
becdn.net
bedbathandbeyond.com
beeg.com
beehiiv.com
beeper.com
beepityping.com
beepong.net
beezlepongmad.com
behance.net
beizi.biz
belezanaweb.com.br
belk.com
belka-games.com
belkin.com
bell.ca
bell.net
bellaliant.net
bendibao.com
bendingspoons.com
bendingspoonsapps.com
bennadel.com
benphe.cc
bentley.com
benzinga.com
bereal.com
berkeley.edu
best61.com
best82.com
bestbuy.com
bet365.bet.br
bet365.com
bet6.com.br
betano.bet.br
betano.com
betao.bet.br
betfair.com
bethesda.net
betonuniversel.com
betsapi.com
betsfan.com
betsson.com
betterroblox.com
betterstack.com
betterstackdata.com
betterttv.net
beusable.net
beyondwickedmapping.org
beyondwords.io
bezeq.co.il
bezeqint.net
bezformata.com
bfmio.com
bhphotovideo.com
biblegateway.com
biblio.com
bibliocommons.com
bidberry.net
bidease.com
bidence.net
bidgx.com
bidmachine.io
bidmatic.io
bidnex.com
bids.ws
bidster.net
bidtheatre.com
bigbasket.com
bigcartel.com
bigcommerce.com
bigcontent.io
bigcrunch.com
bigdatacloud.net
biggogo.com
bigo.sg
bigolive.tv
bild.de
bilibili.com
bilibili.tv
biligame.com
biliintl.com
bimmerpost.com
binance.com
binance.info
binance.org
binance.us
binance.vision
bing.com
bing.net
bingx.com
biorxiv.org
bip.com
birdie.so
bisecthosting.com
bistudio.com
bit.ly
bitbrowser.net
bitbucket.org
bitcore.io
bitdefender.com
bitdefender.net
bitdrift.io
bitflyer.com
bitget.com
bithumb.com
bitmoji.com
bitmovin.com
bitpay.com
bitping.com
bitrix24.com
bitsearch.to
bitstamp.net
bittor.pw
bittorrent.com
bitunix.com
bitwarden.com
bizible.com
bka.sh
blablacar.com
blackberry.com
blackberry.net
blackboard.com
blackcomb-shop.eu
blackfaggot.online
blackspider.com
blackview.hk
blackwells.co.uk
blastapi.io
ble.ir
blibli.com
bliink.io
blink.com
blinkit.com
blippington.com
blismedia.com
blisspointmedia.com
blitz.gg
blizzard.com
blockadsnot.com
blockchain.info
blockcypher.com
blockifyapp.com
blockscout.com
blockshopper.com
blocksite.co
blockstream.info
blogblog.com
blogger.com
blogspot.com
bloomberg.com
bloomingdales.com
bloomreach.com
bluebeam.com
bluebillywig.com
bluecava.com
blueconic.net
bluecore.com
bluehost.com
bluestacks.com
bluetrafficstream.com
bluewin.ch
bluexad.ai
blurams.com
bm-ads.io
bmj.com
bmw.com
bmwgroup.com
bnbchain.org
bnf.fr
boats.com
boatsgroup.com
bol.com
bol.com.br
bolt.com
bolt.eu
boltgaming.io
bongacams.com
bongacams4.com
bongsterpong.com
bonusdrama.com
bonusnun.com
bookcdn.com
bookdelivery.com
booking.com
bookmate.com
bookmsg.com
books.com.tw
booksamillion.com
bookshop.org
boomplay.com
boomplaymusic.com
boomtrain.com
booth.pm
boots.com
bootstrapcdn.com
botslab.com
bounceexchange.com
bouncex.net
box.com
box.net
boxcloud.com
boyfriendtv.com
boyuanhulian.com
bqstreamer.com
bradesco.com.br
braiins.com
braintreegateway.com
branch.io
brand-display.com
brandcdn.com
brandmetrics.com
brave.com
braveglobal.tv
bravesoftware.com
brawlstars.com
braze-images.com
braze.com
braze.eu
brdtest.com
breakingtrumpnews.icu
brevo.com
brew.sh
bri.co.id
bricks-co.com
bright-sdk.com
brightcloud.com
brightcove.com
brightline.tv
brightspace.com
brightvpn.com
brilliant.tech
britannica.com
brivo.com
broadcom.com
broadsign.com
bromium-online.com
brother.co.jp
brother.com
browser-intake-datadoghq.com
browser-intake-datadoghq.eu
browser-intake-us3-datadoghq.com
browser-intake-us5-datadoghq.com
browser-update.org
browserstack.com
browsiprod.com
bruteprotect.com
bsclink.cn
bscscan.com
bsgslb.cn
bsgslb.com
bsky.app
bsky.network
bsky.social
bsn.cloud
bsportsfan.com
bstatic.com
bstats.org
bt.com
bt4g.com
btcscan.org
btg360.com.br
btinternet.com
btloader.com
btmessage.com
bttrack.com
btttag.com
bu.edu
bucoup.com
buffalo.jp
buffbuff.com
bugfender.com
bugherd.com
bugsnag.com
buienradar.nl
builder.io
buildkite.com
bumble.com
bund.de
bungie.net
bunny.net
bureau.id
buscari.com
businessinsider.com
buyee.jp
buyhatke.com
buzzfeed.com
buzzsprout.com
bvsalud.org
bybanking.com
bybit.biz
bybit.com
bychips.com
bydata.com
bynder.com
bytebrew.io
bytecdn.cn
byteconnect.io
bytedance.com
bytello.com
c-ctrip.com
c6gj-static.net
ca.gov
cachenetworks.com
cadent.com
cafe24.com
cafe24data.com
cafebazaar.ir
caixa.gov.br
calendly.com
calix.com
calldorado.com
callofduty.com
callrail.com
caltech.edu
cam4.com
cambaddies.com
cambiumnetworks.com
cambridge.org
camscanner.com
camsite26.lol
camsoda.com
canada.ca
canalplustech.pro
candy.ai
canireachthe.net
canny.io
canon.com
canonical.com
canva.com
capcut.com
capitalone.com
capitaloneshopping.com
capitaltop.org
captioncall.com
cardinalcommerce.com
carfax.com
cargurus.com
carrefour.com.br
carriersignal.info
cars.com
carsbidshistory.com
cartrawler.com
casalemedia.com
casaos.app
casasbahia.com.br
castbox.fm
cat.com
catawiki.com
catonetworks.com
cawsg.com
cbc.ca
cbphe.com
cbs.com
cbsi.com
cbsnews.com
cbssports.com
cbx-rtb.com
cc.cd
ccb.com
cctv.com
ccwu.cc
cdc.gov
cdiscount.com
cdlib.org
cdn-api-weglot.com
cdn-cookieyes.com
cdn-fc.com
cdn-fileserver.com
cdn-go.cn
cdn-net.com
cdn.house
cdn4image.com
cdndex.io
cdnfonts.com
cdngslb.com
cdnjs.com
cdnpf.com
cdnpk.net
cdnpure.com
cdnsolutions.media
cdnwidget.com
cdreader.com
ce.gov.br
cebupacificair.com
cede.com
cedock.com
cellrebel.com
celtra.com
ceneo.pl
centauro.com.br
centos.org
centralnic.com
centrum.sk
centurygame.com
centurygames.net
centurylink.net
cer24.com
cern.ch
certainly.com
certum.pl
cettire.com
cfx.re
cgkthn.com
challonge.com
chameleon.io
change.org
changeip.com
changelly.com
channel.io
channel4.com
character.ai
characterai.io
chargebee.com
chargepoint.com
chartbeat.com
chartbeat.net
chartboost.com
charter.com
charter.net
chase.com
chaseherbalpasty.com
chatgpt.com
chatgpt.site
chatra.io
chatsports.com
chaturbate.com
chatwoot.com
chavoads.com
cheatblocker.com
check24.de
checkout.com
checkpoint.com
chegg.com
chemicalbook.com
chess.com
chewy.com
chickenkiller.com
chime.aws
chimpstatic.com
china-porno.com
chinamobile.com
chinanews.com
chmfin.com
chocolateplatform.com
chocolatey.org
chocopinglate.org
christianbook.com
christliche-kunst-bauer.de
chrome.com
chrono24.com
chujingapp.com
churchcenter.com
churchofjesuschrist.org
churnkey.co
churnzero.net
cibntv.net
ciciai.com
cielo.com.br
cilema.xyz
cimri.com
cinemahq.app
ciph.chat
cira.ca
circleci.com
cisco.com
ciscospark.com
citi.com
citigroup.com
citrix.com
civiccomputing.com
civitai.com
clamav.net
clarip.com
clarity.ms
claro.com.br
clashofclans.com
clashroyale.com
classdojo.com
classicistranieri.com
classistatic.de
claude.ai
claude.com
clean.gg
cleanbrowsing.org
cleantalk.org
clearsale.com.br
clerk.com
clerk.io
cleverpush.com
clevertap-prod.com
cleverwebserver.com
click2cart.com
clickadu.net
clickagy.com
clickcease.com
clickhouse.cloud
clickiocdn.com
clicktale.net
clicktripz.com
clickup.com
clinch.co
cline.bot
clip-studio.com
clipro.tv
clips4sale.com
clmbtech.com
clockify.me
closeli.com
cloud.com
cloud.globo
cloud.microsoft
cloud.sap
cloudamqp.com
cloudappsecurity.com
cloudbackup.management
cloudbeds.com
cloudbees.io
cloudbirds.cn
cloudcovermusic.com
cloudfilter.net
cloudflare-dns.com
cloudflare-ech.com
cloudflare-eth.com
cloudflare-quic.com
cloudflare.com
cloudflare.dev
cloudflare.net
cloudflareaccess.com
cloudflareclient.com
cloudflarecp.com
cloudflareinsights.com
cloudflareok.com
cloudflareportal.com
cloudflaressl.com
cloudflarestatus.com
cloudflarestorage.com
cloudflarestream.com
cloudimg.io
cloudinary.com
cloudlinks.cn
cloudlinux.com
cloudmark.com
cloudns.net
cloudpath.live
cloudseeplus.com
cloudseetech.com
cloudtrax.com
cloudx.io
cloudx2.com
clover.com
clrt.ai
clustrmaps.com
clvrads.com
cmac.ws
cmcm.com
cmecloud.cn
cmpassport.com
cmrkcpa.com
cmtelematics.com
cmu.edu
cn.com
cnbc.com
cnbcfm.com
cnet.com
cnn.com
cnnbrasil.com.br
cnrs.fr
cnstrc.com
cnzz.com
coca-cola.com
coccoc.com
cock.li
cococut.net
coconts.com
code.org
code42.com
codeberg.org
codeblackbelt.com
codedish.co
codeforces.com
codeium.com
cogeco.ca
coinbase.com
coindesk.com
coinex.com
coingecko.com
coinglass.com
coingraph-update.com
coinmarketcap.com
coles.com.au
collegeboard.org
collinsdictionary.com
collinsonmedia.com
colnsedge.com
colorado.edu
coloros.com
colossusssp.com
columbia.edu
comanicilikeiste.com
comc.com
comcast.com
comcast.net
comfy.org
comfylink.com
comix.to
commander1.com
comodo.com
comodoca.com
company-target.com
compass.com
computrabajo.com
concursolutions.com
conectiva.io
config-security.com
configcat.com
confirmit.com
confluent.cloud
connatix.com
connectad.io
connecteam.com
connectedpdf.com
connectwise.com
connextra.com
connman.net
consentframework.com
consentmanager.net
consentmo.com
constantcontact.com
contactout.com
contentful.com
contentinsights.com
contentstack.com
contentstack.io
contextweb.com
control4.com
controld.com
controlup.com
converteai.net
convertingcolors.com
convertkit.com
conviva.com
cookie-script.com
cookiebot.com
cookiebot.eu
cookiefirst.com
cookieinformation.com
cookielaw.org
cookiepro.com
cookieyes.com
cookpad.com
cooktime.gr
coolacloud.com
coolccloud.com
coolita.com
coolkit.cc
coolky.net
coosync.com
cootlogix.com
copart.com
copilot.com
coppel.com
copper6.com
coppersurfer.tk
coralogix.com
corel.com
cornell.edu
cornfused.org
corpscorp.online
correios.com.br
corriere.it
corsair.com
corsanywhere.org
cortexbid.com
cosmose.co
costco.com
counterpath.com
coupang.com
coupert.com
coursehero.com
coursera.org
courtlistener.com
coveo.com
cox.net
coxautoinc.com
cpanel.net
cpmstar.com
cppreference.com
cpx-research.com
cquotient.com
cra.cz
craigslist.org
crashlytics.com
crazygames.com
crazymaplestudios.com
crcldu.com
cre.ma
crealitycloud.cn
crealitycloud.com
createjs.com
creativecdn.com
creativefabrica.com
creazilla.com
creditkarma.com
creditsafe.com
crestron.io
cribl.cloud
cricinfo.com
cricut.com
crisp.chat
criteo.com
crm.dev
crmared.com
crossref.org
crowd-umlaut.com
crowdin.net
crowdsec.net
crowdstrike.com
crowsember.com
crtrcloud.com
crunchbase.com
crunchyroll.com
crushblocks.com
crushon.ai
crwdcntrl.net
crypto.com
crystalcanesugar.com
csasecurityapp.com
cscdns.net
csdn.net
csfloat.com
csgo.com
cspserver.net
ctmail.com
ctnsnet.com
cuhk.edu.hk
cults3d.com
cvte.com
cyberprotector.online
dailyvoice.com
data.gov.hr
datadome.co
datasette.io
dealerinspire.com
deepseek.com
delta.com
devicetrust.com
dewu.com
dkimwl.org
docker.io
doi.org
dola.com
dollargeneral.com
dominos.com
doofinder.com
doubao.com
drdrab.com
dreametrip.com
dtscout.com
duolingo.com
dynssl.com
e-hentai.org
easycounter.com
ebay.com
ecouser.net
effectivecpmnetwork.com
einnews.com
elasticbeanstalk.com
elementor.com
emailapi.info
epson.com
eutelia.it
exoclick.com
eyeo.com
factors.ai
farlightgames.com
fb.com
fb.gg
feathr.co
fedex.com
feishu.cn
fextralife.com
files.fm
finalfantasyxiv.com
flaticon.com
fleraprt.com
forter.com
foundit.in
freeterabox.com
fronius.com
gdms.cloud
geforce.com
gemtracks.com
geotrust.com
getelevar.com
getpostman.com
getyourguide.com
glancecdn.net
globalsign.com
globalspec.com
gloria.tv
gmx.ch
go0gles.cc
gokwik.co
goodwe-power.com
google.bt
google.com.cy
google.fr
google.gm
google.ms
google.so
google.vg
gotomeet.me
grafana.com
grammarly.net
greenhouse.io
growthrx.in
guance.com
gwadar.cn
gxcorner.games
hacklink.space
hbomax.com
healthline.com
herdr.dev
heytapdownload.com
heytapmobi.com
hihonorcloud.com
hilton.com
hotmail.com
huangye88.com
huawei.com.cn
huaweicloudwaf.com
icecat.dk
icht.fun
ident.me
iesnare.com
ign.com
ihg.com
iii.com
imall.net
immersivetranslate.com
immomo.com
imoulife.com
imsowiwiwiwiwi.com
inadsexchange.com
infinity-tracking.com
ingka.com
inhouseclick.net
inpvp.net
instant.audio
internet-census.org
internetwarriors.net
ip2location.io
ipapi.is
iperceptions.com
izatcloud.net
jcpenney.com
jetblue.com
jinftry.com
jjwxc.net
jobstreet.com
jpush.cn
jpush.io
jstor.org
junglefrog.com
justwatch.com
kabum.com.br
kbb.com
keepersecurity.com
kettledroopingcontinuation.com
kohls.com
kropozel.com
lahuashanbx.com
languagetoolplus.com
launchpad.net
lazada.vn
ldmnq.com
lenovomm.com
levect.com
lexisnexis.com
lgappstv.com
lgbusinesscloud.com
libtorrent.org
linkedin.com
lionic.com
lnkd.in
loc.gov
logitech.com
long.tv
loom.com
loox.io
lorealpartnershop.com
loudecho.ai
lovart.ai
lowyat.net
lululemon.com
macrium.com
macroaxis.com
macromedia.com
mailmunch.co
mantis-intelligence.com
manus.im
mariadb.org
mattermost.com
medscape.com
meituan.net
meizu.com
meliuz.com.br
menards.com
mercadolivre.com.br
mgln.ai
mit.edu
moloco.com
monday.com
mosyle.com
msedge.net
myavlive.com
mydw.cloud
mynexia.com
mypurecloud.com
myworkdaycdn.com
n-able.com
nagich.com
namemc.com
nationalstocknumber.org
nectsideaments.com
netflix.com
netflix.net
nextcloud.com
nextdirect.com
nexx360.io
ngrok.com
ninjarmm.com
nitrocdn.com
nnmclub.to
noip.com
nu.nl
nvidia.com
nxvms.com
ocdn.eu
ofcs.top
office365.com
ondigitalocean.com
onelink.me
onlineradiobox.com
ooma.com
open-meteo.com
openacs.org
openweb.com
opera-api2.com
opera.com
optimove.net
oranthservice.site
osdkupdatenw.com
otter.ai
oup.com
oxylabs.io
packetsdk.xyz
palmplaystore.com
parklogicchannel.com
pavv.co.kr
pbssrv-centralevents.com
peakgames.net
peplink.com
petsmart.com
pingtest.net
pixabay.com
pixnet.net
playstation.com
podium.com
polomap.com
ponghive.org
pool.org
pop-convert.com
popcash.net
powerplatform.com
powerreviews.com
poxo.com
pr.gov.br
preyproject.com
primefaces.org
prismic.io
privateinternetaccess.com
prusa3d.com
pwc.com
pxhere.com
pypi.org
qcloudcdn.com
qiezibenpao.com
quantcount.com
quest.com
qvdt3feo.com
rakuten.com
ravm.tv
rdstation.com.br
rebuyengine.com
recaptcha.net
red-gate.com
relevant-digital.com
resetdigital.co
revcontent.com
reverso.net
richaudience.com
ridgwayband.com
ring.com
riotgames.com
ripe.net
roborock.com
rollbar.com
rollic.gs
ruckuswireless.com
rudderstack.com
rule34.xxx
sage.com
salesmanago.pl
samsung.com
santandernetibe.com.br
scalefusion.com
schlund.de
sciencemag.org
scirp.org
scribehow.com
sendgrid.com
sensorsdata.com
servicewechat.com
setapp.com
sex-studentki.live
sfr.fr
shazam.com
shopee.co.th
shopee.com.br
shopifycloud.com
shorebird.dev
shuzilm.cn
signageos.io
silvermob.com
simpli.fi
sina.cn
skylinewebcams.com
skyscanner.net
skyscnr.com
skyts.net
sliide.cloud
smarthint.co
snapkit.com
snowflakecomputing.com
solitairegrandharvest.com
sonicwall.com
sonyentertainmentnetwork.com
soti.net
spectrum.net
spot.im
spotify.com
springernature.com
stardusttime.com
strava.com
substack.com
successfactors.com
supabase.com
supechcopa.com
superawesome.tv
superhuman.com
survicate.com
sustainability-directory.com
swymrelay.com
syncthing.net
synxis.com
teacherspayteachers.com
technovedic.cc
telerik.com
telkomsel.com
teltonika-networks.com
teramind.co
teslamotors.com
thecas.xyz
thequizgo.com
timdovs.com
tracker.network
tractorsupply.com
tradeindia.com
traveloka.com
truoptik.com
trustedform.com
tsyndicate.com
ttpsdk.info
tts-group.co.uk
tum.de
tumblr.com
turkishairlines.com
turner.com
tvinteractive.tv
ubisoft.com
ucsc.edu
uipath.com
umeng.com
umn.edu
umu.se
un.org
uni-erlangen.de
uniflowonline.com
unileversolutions.com
unraid.net
unsplash.com
upeer.me
upenn.edu
uplynk.com
uptodown.app
usablenet.com
useinsider.com
userflow.com
ussearch.com
utah.edu
utoronto.ca
va.gov
ventusky.com
verizon.net
vimeo.com
virustotal.com
vonage.com
vungle.com
wa.me
warframe.market
webpushr.com
weplayapp.com
wikidata.org
wikipedia.org
windstream.net
wistia.com
wonderpush.com
wondershare.com
woocommerce.com
wooga.com
worldcat.org
wtfismyip.com
xhwide.com
xiaomi.net
xinhuanet.com
xunyou.mobi
yahoosandbox.net
yammer.com
ydycdn.com
yumpu.com
yunxinfw.com
zazzle.com
zer0day.to
zhhainiao.com
zimad.com
