.ac
.ad
.ae
.af
.ag
.al
.am
.ao
.aq
.ar
.as
.at
.au
.aw
.ax
.az
.ba
.bb
.bd
.be
.bf
.bg
.bh
.bi
.bj
.bm
.bn
.bo
.br
.bs
.bt
.bv
.bw
.by
.bz
.ca
.cd
.cf
.cg
.ch
.ci
.ck
.cl
.cm
.cn
.cr
.cu
.cv
.cw
.cx
.cy
.cz
.de
.dj
.dk
.dm
.do
.dz
.ec
.ee
.eg
.er
.es
.et
.eu
.fi
.fj
.fk
.fm
.fo
.fr
.ga
.gb
.gd
.ge
.gf
.gg
.gh
.gi
.gl
.gm
.gn
.gp
.gr
.gs
.gt
.gu
.gw
.gy
.hm
.hn
.hr
.ht
.hu
.id
.ie
.il
.im
.in
.iq
.ir
.is
.it
.je
.jm
.jo
.jp
.ke
.kg
.kh
.ki
.km
.kn
.kp
.kr
.kw
.ky
.kz
.la
.lb
.lc
.li
.lk
.lr
.ls
.lt
.lu
.lv
.ly
.ma
.mc
.md
.mg
.mh
.mk
.ml
.mm
.mn
.mo
.mp
.mq
.mr
.ms
.mt
.mu
.mv
.mw
.mx
.my
.mz
.na
.nc
.ne
.nf
.ng
.ni
.nl
.no
.np
.nr
.nu
.nz
.om
.pa
.pe
.pf
.pg
.ph
.pk
.pl
.pm
.pn
.pr
.ps
.pt
.py
.qa
.re
.ro
.rs
.rw
.sa
.sb
.sc
.sd
.se
.sg
.sh
.si
.sj
.sk
.sl
.sm
.sn
.so
.sr
.ss
.st
.sv
.sx
.sy
.sz
.tc
.td
.tf
.tg
.th
.tj
.tk
.tl
.tm
.tn
.to
.tr
.tt
.tw
.tz
.ua
.ug
.uk
.us
.uy
.uz
.va
.vc
.ve
.vg
.vi
.vn
.vu
.wf
.ws
.ye
.yt
.za
.zm
.zw
.adult
.zappos
.youtube
.yamaxun
.yahoo
.xn--qcka1pmc
.xn--jlq480n2rg
.xn--flw351e
.xn--cg4bki
.xn--cckwcxetd
.xbox
.windows
.weatherchannel
.weather
.walmart
.volvo
.target
.sony
.softbank
.skype
.sky
.samsung
.porn
.playstation
.panasonic
.oracle
.office
.nike
.nico
.nhk
.nexus
.mit
.mini
.microsoft
.kindle
.java
.intuit
.imdb
.ibm
.hsbc
.hotmail
.hbo
.hangout
.guge
.gucci
.google
.goog
.godaddy
.gmo
.gmail
.gle
.gbiz
.fox
.flickr
.dell
.dclk
.cisco
.chrome
.cern
.canon
.bridgestone
.bmw
.bloomberg
.bing
.bbc
.azure
.aws
.apple
.android
.amazon
2ch.hk
2ch.org
ajay.app
cityhost.se
coloros.com
duckdns.org
duckduckgo.com
firefox.com
getgems.io
githubassets.com
heytapdl.com
heytapmobile.com
hls.gd
kiloapps.io
mozilla.com
mozilla.net
mzona.net
newcoolproject.io
ooklaserver.net
phantom.app
ropro.io
sagernet.org
tradingview.com
tvpl.me
ubuntu.com
vscode-cdn.net
ydns.eu
ziffstatic.com