.
0emm.com
12dagenkerstbijitunes.com
12diasdepresentesdeitunes.com
12diasderegalosdeitunes.cl
12diasderegalosdeitunes.co
12diasderegalosdeitunes.co.cr
12diasderegalosdeitunes.co.ve
12diasderegalosdeitunes.com
12diasderegalosdeitunes.com.co
12diasderegalosdeitunes.com.hn
12diasderegalosdeitunes.com.ni
12diasderegalosdeitunes.com.ve
12diasderegalosdeitunes.cr
12diasderegalosdeitunes.gt
12diasderegalosdeitunes.hn
12diasderegalosdeitunes.pe
12joursdecadeauxdeitunes.com
12joursdecadeauxdeitunes.fr
1drv.com
1drv.ms
1e100.net
1to1computing.com.au
1to1conference.com.au
1ucrs.com
21150.com
21vbc.com
21vbluecloud.com
21vbluecloud.net
265.com
2mdn-cn.net
2mdn.net
3576.net
38389438.com
3banana.com
3banana.net
3rdpartytestwebkit.org
466453.com
466453.com[6]
5lineml.com
5lml.com
5lml.org
7sou.com
7tv.app
7tv.io
88388w.com
95539.com
9991999h.com
a-beatsbydrestudio.us
a-msedge.net
a0pple.net
a2z.com
aadrm.cn
aadrm.com
aapl.tw
aaplimg.com
aaplnews.com
aapple.com.br
abbloccdn.com
abc.xyz
abolfvfpvyma.in
acdn1.com
acdn2.com
acdn3.com
acdn4.com
acot2.com
acrobat.com
acxpress.com
adaptivecards.io
adbecrsl.com
adbephotos.com
adgoogle.net
admeld.com
admob-cn.com
admob.com
adobe-identity.com
adobe-services.com
adobe.com
adobe.io
adobe.ly
adobecc.com
adobecces.com
adobeccstatic.com
adobedtm.com
adobeexchange.com
adobegenuine.com
adobegov.com
adobejanus.com
adobelogin.com
adobeoobe.com
adobeprojectm.com
adobesc.com
adobesensei.io
adobess.com
adobesunbreak.com
adobetag.com
ads-apple.com.cn
adsense.com
adsense.net
adsensecustomsearchads.com
adsenseformobileapps.com
advertisercommunity.com
advertiserscommunity.com
adwords-community.com
adwords-select.com
adwords.be
adwords.com
adwords.net
adwords.nl
adwords.org
adwordselect.com
adwordsexample.com
adwordsexpress.com
adwordsselect.com
adwordsselect.net
adwordsselect.org
af-play.com
af-stream.com
agendafest.com
aggresmart.com
agruimjfsklcyp.com
agruimjfsklcyp.net
aidungeon.com
airport.brussels
airport.com
airport.eu
airport.info
airsupportapp.com
airtunes.com
airtunes.info
airtunes.net
aka.ms
akadns.net
akamai.net
akamaiedge.net
akamaihd.net
akamaitechnologies.com
akamaized.net
akeeban.net
akibantech.net
akibantechnologies.net
akibantechnology.net
aknotepad.com
akwan.com
alchemysynth.com
aliapple.net
allevil.org
alphapushpin.com
alphapushpin.info
alphapushpin.net
alphapushpin.org
alpppyqwrlnoerr.com
alpppyqwrlnoerr.net
altos.us
amazon.ae
amazon.ca
amazon.cn
amazon.co
amazon.co.jp
amazon.co.uk
amazon.co.za
amazon.com
amazon.com.au
amazon.com.br
amazon.com.cn
amazon.com.mx
amazon.com.sg
amazon.com.tr
amazon.de
amazon.eg
amazon.es
amazon.fr
amazon.ie
amazon.in
amazon.it
amazon.nl
amazon.pl
amazon.sa
amazon.se
amazon.sg
amazonaws.com
amdknmotredqcq.com
amdknmotredqcq.net
ampproject.org
android.com
androidify.com
angulardart.org
aniliberty.top
ankarazirvesi2018.com
answer-google.com
answergoogle.com
answers-google.com
answersgoogle.com
antifriz.tv
anydesk.com
apache.org
aperture.camera
aperture.photography
api-extractor.com
api.ai
apigee.com
apihub-internal.cn
apisof.net
aple.com
aplestore.com
app-measurement-cn.com
app-measurement.com
app-store.wang
app.link
appbridge.ca
appbridge.io
appbridge.it
appcenter.ms
apphb.com
appl-e.com
appl.com
appl3e.com
applde.com
apple-9.com
apple-appstore.cn
apple-cloudkit.com
apple-computer.com
apple-darwin.com
apple-darwin.net
apple-darwin.org
apple-dns.cn
apple-dns.com
apple-dns.com.cn
apple-dns.net
apple-downloads.com
apple-enews.com
apple-expo.com
apple-expo.eu
apple-expo.net
apple-geo.com
apple-hk.com
apple-ibooks.cn
apple-icloud.cn
apple-imac.com
apple-inc.com
apple-inc.net
apple-ipod.ca
apple-itunes.cn
apple-livephotoskit.com
apple-mapkit.com
apple-maps.cn
apple-myhealth.net
apple-mywellness.net
apple-online.com
apple-pay.com
apple-pay.rs
apple-pay.wang
apple-store.cn
apple-store.com
apple-store.net
apple-store.wang
apple-studies.com
apple-usa.net
apple-wallet.com
apple-wallet.net
apple-wallet.org
apple-watch.com.ru
apple.at
apple.be
apple.bg
apple.bo
apple.bs
apple.by
apple.ca
apple.camera
apple.car
apple.ch
apple.cl
apple.cm
apple.cn
apple.co
apple.co.cr
apple.co.hu
apple.co.jp
apple.co.kr
apple.co.mz
apple.co.nz
apple.co.th
apple.co.uk
apple.com
apple.com.au
apple.com.bo
apple.com.br
apple.com.cn
apple.com.co
apple.com.do
apple.com.gr
apple.com.jm
apple.com.mx
apple.com.my
apple.com.ni
apple.com.pa
apple.com.pe
apple.com.pl
apple.com.pt
apple.com.py
apple.com.sg
apple.com.sv
apple.com.tr
apple.com.tw
apple.com.uy
apple.com.ve
apple.cz
apple.de
apple.dk
apple.ee
apple.es
apple.eu
apple.fi
apple.fr
apple.hamburg
apple.hn
apple.hr
apple.hu
apple.ie
apple.in
apple.is
apple.it
apple.jo
apple.jp
apple.kr
apple.lk
apple.lt
apple.lv
apple.me
apple.movie
apple.my
apple.net
apple.news
apple.nl
apple.no
apple.pa
apple.photography
apple.pk
apple.pl
apple.pr
apple.pt
apple.ro
apple.rs
apple.ru
apple.sa
apple.se
apple.sg
apple.si
apple.sk
apple.so
apple.store
apple.studio
apple.sv
apple.th
apple.tt
apple.tv
apple.tw
apple.uk
apple.us
apple.xn--czr694b
apple.xn--fiqs8s
apple.xyz
appleaccount.net
appleafrica.com
appleantilles.com
appleappstore.cn
appleappstore.net
appleappstore.tv
appleaustralia.com
appleaustralia.com.au
appleaustralia.net
applebk.net
applebrasil.com.br
applecarbon.com
applecard.apple
applecard.tv
applecare.berlin
applecare.cc
applecare.com
applecare.eu
applecare.hamburg
applecare.info
applecare.wang
applecentar.rs
applecenter.cn
applecenter.com.cn
applecentre.com.au
applecentre.info
applechile.cl
appleclub.com.hk
applecom.com
applecomputer-imac.com
applecomputer.biz
applecomputer.cn
applecomputer.co.in
applecomputer.co.nz
applecomputer.com
applecomputer.com.cn
applecomputer.com.hk
applecomputer.com.tw
applecomputer.hu
applecomputer.info
applecomputer.kr
applecomputerimac.com
applecomputerinc.info
applecomputers.co.nz
applecomputers.net
appleconcert.com
applecoronavirus.com
appledarwin.com
appledarwin.net
appledesigns.com
appledns.cn
appledns.com.cn
appleenews.com
appleexclusive.com
appleexpo.eu
appleexpo.info
applefilmaker.com
applefilmmaker.com
applefinalcutproworld.com
applefinalcutproworld.net
applefinalcutproworld.org
applegeniusgrove.com
applegermany.com
applehelp.net
applehongkong.com
applehongkong.com.hk
appleicloud.cn
appleid-applemx.com
appleid-applemx.us
appleid-iclou.com
appleid-uk.us
appleid.berlin
appleid.com
appleid.hamburg
appleid.hk
appleid.org
appleimac.com
appleinclegal.com
appleiphone.hu
appleiphone.net
appleiphonecell.com
appleipodsettlement.com
appleiservices.com
applelink.com
applelivephotos.net
applelivephotoskit.com
applemagickeyboard.com
applemagickeyboard.net
applemagicmouse.com
applemagictrackpad.com
applemalaysia.com.my
applemaps.us
applemasters.info
applemusic.berlin
applemusic.co
applemusic.com
applemusic.com.au
applemusic.hamburg
applemusic.wang
applemusicconnect.com
applemusicfestival.com
applemusicfestival.net
applemx-icloud.com
applenews.berlin
applenews.hamburg
applenews.tv
applenewsapp.com
applenewsformat.com
applenewspublisher.com
appleone.audio
appleone.blog
appleone.chat
appleone.cloud
appleone.club
appleone.com
appleone.community
appleone.film
appleone.guide
appleone.host
appleone.space
appleone.tech
appleone.website
appleonline.com
appleonline.net
appleonlinealerts.com
appleoriginalproductions.com
appleos.tv
applepay.berlin
applepay.com.tw
applepay.hamburg
applepay.hk
applepay.info
applepay.jp
applepay.rs
applepay.tv
applepaycash.cn
applepaycash.com.cn
applepaycash.net
applepaycash.tv
applepayeurope.com
applepaymerchantsupplies.info
applepaymerchantsupplies.net
applepays.com
applepaysupplies.berlin
applepaysupplies.cn
applepaysupplies.com
applepaysupplies.com.cn
applepaysupplies.info
applepaysupplies.net
applepaysupplies.tv
applepaysupplies.xn--3ds443g
applepeekandpop.net
applepencil.net
applepodcasts.com
applepremiumreseller.com.au
applepremiumresellers.com.au
applepurchase.com
applereach.com
applereach.net
applersvp.com
apples-msk.ru
applesc.com
appleschoolcontent.com
applescreensavers.com
applescript.com
applescript.info
appleshare.info
appleshop.co.uk
applesiri.cn
applestor.com
applestore.bg
applestore.cc
applestore.ch
applestore.cm
applestore.cn
applestore.co.hu
applestore.co.jp
applestore.co.ug
applestore.co.uk
applestore.com
applestore.com.au
applestore.com.bn
applestore.com.cn
applestore.com.ee
applestore.com.eg
applestore.com.es
applestore.com.gr
applestore.com.hk
applestore.com.hr
applestore.com.jo
applestore.com.my
applestore.com.ph
applestore.com.pl
applestore.com.pt
applestore.com.ro
applestore.com.ru
applestore.com.tw
applestore.de
applestore.hk
applestore.info
applestore.kr
applestore.me
applestore.net
applestore.ph
applestore.qa
applestore.sg
applestore.wang
applestoreindonesia.com
applestoreonline.com
applestorepro.eu
applestpre.com
applesurveys.com
appleswift.com
appletaiwan.com
appletestcase.com
applethunderboltdisplay.com
appletips.net
appletrackpad.com
appletv.com
appletv.fr
appletv.info
appletv.wang
appletv4.cn
appletv4.com.cn
appletvos.net
appletvstore.net
applewallet.com
applewallet.org
applewallet.tv
applewatch.hk
applewatch.tv
applewatch.tw
applewatch.wang
applewatchedition.com
applewatchseries3.net
applewatchsport.com
appleweb.net
applexpo.net
appleyouraccount.com
applezh.com
applicationinsights.io
applicationinsights.net
appliedsemantics.com
applle.com
applstore.th
appmediagroup.com
appple.com
appple.us
appsem.com
appserviceenvironment.cn
appsforearth.com
appspot.com
appsto.re
appstore.co.id
appstore.com
appstore.com.br
appstore.hk
appstore.my
appstore.ph
appstoreapple.cn
appule.com
appvpc.net
apsem.com
apture.com
apzones.com
ar-benchmark.com
ar-benchmark.net
ar-benchmark.org
ar-browser.com
ar-browser.info
ar-browser.org
ar-engine.com
ar-live.com
ar-live.net
ar-live.org
ar-utopia.com
arabgoogle.com
arabicgoogle.com
arbenchmark.com
arbenchmark.net
arbenchmark.org
area120.com
arengine.com
arengine.net
arengine.org
argotunnel.com
aria.ms
arkoselabs.co
arkoselabs.com
armusement.com
arutopia.com
askgoogle.com
asp-cc.com
asp.net
aspnetcdn.com
associatedpartytestwebkit.org
asto.re
astockcdn.net
atlantis9.org
atom.io
attackertestwebkit.org
augmented-reality-solutions.com
augmented-solutions.com
augmentedcitadel.com
augmentedmetropolis.com
augmentedreality101.com
augmentedrealityengine.com
augmentedrealityinsider.com
augmentedrealitynetwork.com
augmentedutopia.com
augmentmyreality.com
augmentourreality.com
autodraw.com
avatar-cam.com
avatar-store.com
avateer.com
avateers.com
avatr.ch
averitablebevy.com
avilus.org
awdnp.net
awmdm.com
axple.com
azchcdna.com
azchcdnb.com
azchcdnc.com
azchcdnd.com
azchcdne.com
azchcdnf.com
azchcdng.com
azchcdnh.com
azchcdni.com
azchcdnj.com
azchcdnk.com
azchcdnl.com
azchcdnm.com
azchcdnn.com
azchcdno.com
azchcdnp.com
azchcdnq.com
azchcdnr.com
azchcdns.com
azcrmc-test.cn
azcrmc.cn
azk8s.cn
aznbcontent.cn
aztask.cn
azure-api.cn
azure-apihub.cn
azure-automation.cn
azure-connectedvehicles-stage.cn
azure-connectedvehicles.cn
azure-devices-int.net
azure-devices-provisioning.cn
azure-devices.cn
azure-devices.net
azure-dns-1.cn
azure-dns-10.cn
azure-dns-2.cn
azure-dns-3.cn
azure-dns-4.cn
azure-dns-5.cn
azure-dns-6.cn
azure-dns-7.cn
azure-dns-8.cn
azure-dns-9.cn
azure-dns.cn
azure-dns.com
azure-dns.info
azure-dns.net
azure-dns.org
azure-mobile.net
azure-sphere.com
azure-test.net
azure.cn
azure.com
azure.net
azurecomcdn.net
azurecomm.net
azurecontainer.io
azurecosmos.net
azurecosmosdb.com
azurecosmosdb.info
azurecosmosdb.net
azurecr-test.cn
azurecr.cn
azuredatabricks.net
azuredevopslaunch.com
azuredigitaltwin.com
azuredigitaltwins.com
azuredigitaltwins.net
azuredns-prd.info
azuredns-prd.org
azureedge-test.net
azureedge.net
azurefd.net
azurehdinsight.cn
azureiotcentral.com
azureiotsolutions.com
azureiotsuite.cn
azureiotsuite.com
azuremresolver.cn
azureplanetscale.info
azureplanetscale.net
azureprivatedns.cn
azurerms.cn
azuresandbox.cn
azureserviceprofiler.com
azuresmartspaces.net
azurestackvalidation.com
azurewebsites.net
b2clogin.cn
b3itech.cn
bakuhatsu.net
bandmetric.com
bandpage.com
baselinestudy.com
baselinestudy.org
bazel.build
bdn.dev
beasbydresale.us
beats-bydrdre.us
beats-headphones.us
beats-soaho.us
beats1.cn
beats1.com
beats1.com.cn
beats1.net
beats1radio.com
beats2.com.cn
beats4.cn
beats4monster.us
beatsbarrahouse.com
beatsbydr-causad.us
beatsbydrcheapoutlet.us
beatsbydrdre-store.us
beatsbydrdrestore.us
beatsbydre-sales.us
beatsbydre.com
beatsbydre.com.br
beatsbydre.com.cn
beatsbydre.pro
beatsbydrecheaponline.us
beatsbydreheadphones.us
beatsbydresales.us
beatsbydresolohd.us
beatsbydreus.us
beatsbydreusa.us
beatscheapsale.us
beatsdrdre.us
beatsdreus.us
beatsep.cn
beatsep.com
beatsep.net
beatsep.org
beatsepheadphone.com
beatsepheadphones.com
beatsepwireless.com
beatsmonstercheap.us
beatsmusic.co.in
beatsone.com
beatsone.info
beatsone.net
beatsone.org
beatsoneradio.com
beatsoneradio.info
beatsoneradio.net
beatsoneradio.org
beatsstore.us
beatsstudio.us
beatswholesale.us
beatthatquote.com
beddit.tv
behance.net
bellytime.org
bestbeatsheadphones.us
bestbybeatsbydre.us
bestiphonestuff.com
betterttv.net
bigcitysmallbank.com
bigdoc.net
binads.com
bing.com
bing.com.cn
bing.net
bing123.com
bingads.com @ads
bingagencyawards.com
bingapis.com
bingapistatistics.com
bingparachute.com
bingsandbox.com
bingvisualsearch.com
bingworld.com
blazor.net
blink.org
blitz.gg
blitz.gg,
blog.br
blog.google
blogblog.com
blogger.com
blogger.eu
blogspot.ae
blogspot.al
blogspot.am
blogspot.ba
blogspot.be
blogspot.bg
blogspot.bj
blogspot.ca
blogspot.cf
blogspot.ch
blogspot.cl
blogspot.co.at
blogspot.co.id
blogspot.co.il
blogspot.co.ke
blogspot.co.nz
blogspot.co.uk
blogspot.co.za
blogspot.com
blogspot.com.ar
blogspot.com.au
blogspot.com.br
blogspot.com.by
blogspot.com.co
blogspot.com.cy
blogspot.com.ee
blogspot.com.eg
blogspot.com.es
blogspot.com.mt
blogspot.com.ng
blogspot.com.tr
blogspot.com.uy
blogspot.cv
blogspot.cz
blogspot.de
blogspot.dk
blogspot.fi
blogspot.fr
blogspot.gr
blogspot.hk
blogspot.hr
blogspot.hu
blogspot.ie
blogspot.in
blogspot.is
blogspot.it
blogspot.jp
blogspot.kr
blogspot.li
blogspot.lt
blogspot.lu
blogspot.md
blogspot.mk
blogspot.mr
blogspot.mx
blogspot.my
blogspot.nl
blogspot.no
blogspot.pe
blogspot.pt
blogspot.qa
blogspot.re
blogspot.ro
blogspot.rs
blogspot.ru
blogspot.se
blogspot.sg
blogspot.si
blogspot.sk
blogspot.sn
blogspot.td
blogspot.tw
blogspot.ug
blogspot.vn
blox.com
blueaggrestore.com
bluecloudprod.com
bluehatil.com
bluehatnights.com
bluestacks.com
bon-vivant.net
book300.com
bookgenome.net
booklamp.net
bookmetric.com
boombeach.com
boswp.com
botframework.com
braeburncapital.com
brawlstars.com
brazilpartneruniversity.com
breakdown.me
brocaproject.com
brotli.org
browser.run
bsky.app
bsky.network
bsky.social
bumpshare.com
bumptop.ca
bumptop.com
bumptop.net
bumptop.org
bumptunes.com
burstly.net
burstlyrewards.com
businesscatalyst.com
buy-different.net
buyaapl.com
buyaapl.net
buyaple.com
buyaple.net
buydifferent.net
c-msedge.net
calendar-server.net
calendarserver.org
callersbane.com
camelphat.com
camelspaceeffect.com
campuslondon.com
canalportugal.info
carbon.com
carekit.org
cashexperiment.com
catalina.hk
catalogsgoogle.com
catch-trunk.com
catch-trunk.net
catch.com
cc-dt.com
cdn-apple.com
cegid-cloud.cn
centralvalidation.com
centurygame.com
centurygames.net
certificate-transparency.org
cf-china.info
cf-ipfs.com
cf-ns.com
cf-ns.net
cf-ns.site
cf-ns.tech
cfargotunnel.com
cfdata.org
cfl.re
cftest5.cn
cftest6.cn
cftest7.com
cftest8.com
ch9.ms
channel.support
charlestonroadregistry.com
charticulator.com
cheapbeats.us
cheapbeatsbydre.us
cheapbeatsbydresale.us
cheapbeatsheadphones.us
cheapmonsterbeatsusa.us
cheapnbeatsbydre.us
checkrepairapple.com
cheerwholesale.us
chezaimee.net
chime.aws
chinacloud-mobile.cn
chinacloudapi.cn
chinacloudapp.cn
chinacloudsites.cn
chinagoogle.com
chomp.com
chrome.com
chromebook.com
chromecast.com
chromeos.dev
chromium.org
chronicle.security
chroniclesec.com
citya-r.com
cityaugmented.com
cityaugmentedreality.com
clarevision.com
claris.com
clarity.ms
clash.com
clashmini.com
clashofclans.com
clashroyale.com
clinilab.net
cloudapp.net
cloudappsecurity.com
cloudburstresearch.com
cloudflare-cn.com
cloudflare-dns.com
cloudflare-ech.com
cloudflare-esni.com
cloudflare-gateway.com
cloudflare-ipfs.com
cloudflare-quic.com
cloudflare-terms-of-service-abuse.com
cloudflare.com
cloudflare.dev
cloudflare.net
cloudflare.tv
cloudflareaccess.com
cloudflareanycast.net
cloudflareapps.com
cloudflarebolt.com
cloudflarebrowser.com
cloudflarechallenge.com
cloudflarechina.cn
cloudflareclient.com
cloudflarecn.net
cloudflarecp.com
cloudflareglobal.net
cloudflareinsights-cn.com
cloudflareinsights.com
cloudflareok.com
cloudflarepartners.com
cloudflareperf.com
cloudflareportal.com
cloudflarepreview.com
cloudflareprod.com
cloudflareregistrar.com
cloudflareresearch.com
cloudflareresolve.com
cloudflaressl.com
cloudflarestaging.com
cloudflarestatus.com
cloudflarestorage.com
cloudflarestoragegw.com
cloudflarestream.com
cloudflaresupport.com
cloudflaretest.com
cloudflarewarp.com
cloudflareworkers.com
cloudfront.net
cloudfunctions.net
cloudkit.io
cloudproxy.app
cloudrobotics.com
clwfnpueywccc.in
co.ao
co.com
co.ni
co.pn
co.rs
co.vi
cobrasearch.com
codecanyon.net
codeml.org
codespot.com
codethemicrobit.com
codifiable.com
cohere.com
collab.services
collectfaces.com
com.af
com.ag
com.be
com.bz
com.ca
com.ch
com.cu
com.de
com.fr
com.gi
com.google
com.gy
com.lc
com.lk
com.mg
com.mm
com.na
com.nf
com.pg
com.pr
com.sl
com.sn
com.tj
com.tt
com.vc
communitiesapple.com
computervisionbenchmark.com
computervisionbenchmark.net
computervisionbenchmark.org
comscoreresearch.com
conscrypt.com
conscrypt.org
conversionuniversity.com
cookiechoices.org
coova.com
coova.net
coova.org
coreml.net
cortanaanalytics.com
cortanaskills.com
cosmosdb.info
cosmosdb.net
cossutia.com
crashlytics.com
creativecloud.com
crmdynint-gcc.com
crmdynint.com
crossborderexpansion.com
crossmediapanel.com
crotales.com
crr.com
cs4hs.com
ctch.it
cups.org
custom-beatsbydre.us
dart.dev
dartlang.org
dartpad.dev
dartsearch-cn.net
dartsearch.net
darwinsource.com
darwinsource.org
darwinsourcecode.com
dashwood360.com
data-science-summit.com
datafabric.net
dataliberation.org
datasciencesummit.info
datasciencesummit.net
datascisummit.com
datoanalytics.com
datoanalytics.org
datobot.com
datoco.com
datoco.org
datoinc.com
datoinc.org
datoml.com
datonuvo.com
datonuvo.org
dbanks.org
dcerpc.org
debug.com
debugproject.com
deepmind.com
deepmind.google
deja-discussions.com
deja-tracker.com
deja.com
deja.net
dejadiscussion.com
dejadiscussions.com
dejanews.com
dejanews.net
dejanews.org
dejastinks.com
dejastinks.net
dejasucks.net
dejatracker.com
delsolpm.net
demandbase.com
demdex.net
demounit.net
dependabot.com
deps.dev
deps.info
desbloquear-celular.net
desktopmovie.com
desktopmovie.net
desktopmovie.org
desktopmovies.net
desktopmovies.org
destinationurl.com
developer-advisor.com
device-manager.us
devopsassessment.net
devopsms.com
devsitetest.how
di-rbx.com
dialogflow.com
dice.se
dictate.ms
digitalassetlinks.org
digitalhub.com
digitalocean.com
discusfarm.us
discussionsapple.com
discussionschineseapple.com
discussionsjapanapple.com
discussionskoreaapple.com
divesfl.com
dmarc.net
docs.com
docs.new
dodgeball.com
domains.google
dontswitch.com
dot-mac.de
dot.net
dotmac.com
dotmac.de
doubleclick-cn.net
doubleclick.cn
doubleclick.com
doubleclick.net
downloadsforipod.com
drdre-beatsheadphones.us
drdrebeatssolo.us
drdreoutlets.us
drdresolo.us
drebeatscheap.us
drebeatsheadphones.us
duck.com
dvdmaestro.com
dvdstudiopro.biz
dvdstudiopro.com
dvdstudiopro.info
dvdstudiopro.net
dvdstudiopro.org
dvdstudiopro.us
dynamics.cn
dynamics.com
e-perfumez.com
e17.org
ea.com
earpod.net
earthender.com
earthender.net
earthgoogle.com
earthrender.com
earthrender.net
earthstream.com
earthviewer.com
earthviewer.net
earthviewer.org
ecgapp.com.cn
ecgapp.net
edge.apple
edgefonts.net
edgekey.net
edu-research.com
edu-research.org
efproject.net
elgoog.com
elgoog.net
elgoog.org
emac.co.in
emac.in
emagic.de
embarkthere.com
emilytravels.net
emotient.biz
emotient.info
emotient.mobi
emotient.net
emotient.org
emotient.us
emotientnetworks.biz
emotientnetworks.com
emotientnetworks.info
emotientnetworks.net
emotientsoftware.biz
emotientsoftware.com
emotientsoftware.info
emotientsoftware.net
emotientsoftware.org
emotientsystems.biz
emotientsystems.info
emotientsystems.mobi
emotientsystems.net
emotienttechnologie.com
emotienttechnologie.net
emotientuniversity.com
emotionuniversity.com
emotionuniversity.info
emotionuniversity.net
emotionuniversity.org
emtlic.com
emtlic.net
encryptedsni.com
enexpress.app
engkoo.com
entailo.com
entailo.org
envato-static.com
envatousercontent.com
eperfumez.com
epicgames.com
epicgames.comapi
epicgames.comstatic
episodic.com
everesttech.net
every1dns.net
eworld.com
exitgames.com
exp-tas.com
experience.apple
experiences.apple
expire.ws
ext-twitch.tv
face-shift.ch
face-shift.com
face-shift.de
faceid99.com
faceid99.net
faceidglobal.com
faceshift-express.com
faceshift-studio.com
faceshift.at
faceshift.biz
faceshift.cn
faceshift.in
facetime.camera
facetime.net
facetime.photography
fakebeatsbydre.us
fastlane.ci
fastlane.tools
fastly.net
fasttrackreadysupport.com
fearsomepanda.com
feedburner.com
femalefounderscomp.com
fflick.com
figma.com
filemaker.com
filemaker.ru
files-slack-files.com
filmmetric.com
finalcutpro.com
finalcutproworld.com
finalcutproworld.net
finalcutproworld.org
financeleadsonline.com
find-apple.com
firebase.com
firebase.io
firebaseapp.com
firebaseio.com
firehunt.com
firewire.cl
firewire.com
firewire.com.br
firewire.eu
firewire.org
fitbit.com
flipwithsurface.com
floonet.goog
floralartbyamy.com
fluidpreview.com
flutter.dev
flutterapp.com
flybymedia.us
foofle.com
footprintdns.com
forthecolorful.net
forthecolorful.org
forthecolourful.net
forthecolourful.org
foundationdb.com
foundationdb.net
foundationdb.org
foundationdns.com
foundationdns.net
foundationdns.org
fourth-party.com
fourth-party.net
fourth-party.org
fourthparty.net
fourthparty.org
frame.io
frankerfacez.com
fridata.net
froogel.com
froogle.com
frooglegoogle.com
froogol.com
frooogle.com
ftcdn.net
fuchsia.dev
g-tun.com
g.cn
g.co
g.dev
g.page
g00gle.com
gameofbooks.net
gamepass.com
gamesfirsthelsinki.com
gamesstack.com
gameuxmasterguide.com
gaming-sdk.com
gateway.dev
gbrowser.com
gbrowser.net
gbrowser.org
gcalendar.com
gchat.biz
gchat.us
gcr.io
gdrive.com
gears5.com
gearspop.com
gearstactics.com
generativeai.google
geoffk@apple.com
geoport.com
gerritcodereview.com
get.app
get.dev
get.how
get.new
get.page
get.rsvp
getbumptop.com
gethealed.org
gewgle.com
gewgol.com
gfx.ms
gg-center.net
ggoogle.com
ggooglers.net
ggooglers.org
ggpht.com
gh.io
ghcr.io
ghut.org
gigagoogle.com
gigagoogle.net
gigagoogle.org
gigjam.com
gipscorp.com
git.io
github.ai
github.blog
github.com
github.community
github.dev
github.io
github.new
githubapp.com
githubassets.com
githubcopilot.com
githubhackathon.com
githubnext.com
githubpreview.dev
githubstatus.com
githubuniverse.com
githubusercontent.com
gkecnapps.cn
gliimpse.com
gliimpse.info
gliimpse.net
gliimpse.org
gliimpse.us
gliimpsedirect.com
glimpsedirect.com
globaledu.org
globalgamers-center.net
globalgamerscenter.net
globalgames-center.net
gmail.com
gmale.com
gmmgjd.net
gmmgjd.org
gmmgjdwap.com
gmodule.com
gmodules.com
gngjd.com
go-lang.com
go-lang.net
go-lang.org
go.dev
goblocks.com
goblox.com
godoc.org
gogle.com
gogle.de
gogole.com
golang.com
golang.net
golang.org
gonglchuangl.net
gongyichuangyi.net
goo.gl
gooblox.com
goodbeatsoutletus.us
goodbeatsstore.us
goog1e.com
googel.com
googel.de
googil.com
googl.com
googlapis.com
google-access.com
google-access.net
google-analytics-cn.com
google-analytics.com
google-answer.com
google-answers.com
google-compute.com
google-computing.com
google-desktop.com
google-inc.com
google-reader.com
google-reader.info
google-reader.net
google-reader.org
google-stuff.com
google-syndication.com
google.ac
google.ad
google.ae
google.al
google.am
google.as
google.at
google.az
google.ba
google.be
google.berlin
google.bf
google.bg
google.bi
google.biz
google.bj
google.bs
google.bt
google.by
google.ca
google.cat
google.cc
google.cd
google.cf
google.cg
google.ch
google.ci
google.cl
google.cm
google.cn
google.co
google.co.bw
google.co.ck
google.co.cr
google.co.hu
google.co.id
google.co.il
google.co.in
google.co.jp
google.co.ke
google.co.kr
google.co.ls
google.co.ma
google.co.mz
google.co.nz
google.co.th
google.co.tz
google.co.ug
google.co.uk
google.co.uz
google.co.ve
google.co.za
google.co.zm
google.co.zw
google.com
google.com.ai
google.com.ar
google.com.au
google.com.bd
google.com.bh
google.com.bn
google.com.bo
google.com.br
google.com.co
google.com.cy
google.com.do
google.com.ec
google.com.eg
google.com.et
google.com.fj
google.com.gh
google.com.gt
google.com.hk
google.com.jm
google.com.kh
google.com.kw
google.com.lb
google.com.ly
google.com.mt
google.com.mx
google.com.my
google.com.ng
google.com.ni
google.com.np
google.com.om
google.com.pa
google.com.pe
google.com.ph
google.com.pk
google.com.pl
google.com.py
google.com.qa
google.com.sa
google.com.sb
google.com.sg
google.com.sv
google.com.tr
google.com.tw
google.com.ua
google.com.uy
google.com.vn
google.cv
google.cz
google.de
google.dev
google.dj
google.dk
google.dm
google.dz
google.ee
google.es
google.fi
google.fm
google.fr
google.ga
google.ge
google.gf
google.gg
google.gl
google.gm
google.gp
google.gr
google.gy
google.hn
google.hr
google.ht
google.hu
google.ie
google.im
google.info
google.io
google.iq
google.is
google.it
google.je
google.jo
google.kg
google.ki
google.kz
google.la
google.li
google.lk
google.lt
google.lu
google.lv
google.md
google.me
google.mg
google.mk
google.ml
google.mn
google.ms
google.mu
google.mv
google.mw
google.ne
google.net
google.nl
google.no
google.nr
google.nu
google.org
google.pl
google.pn
google.ps
google.pt
google.ro
google.rs
google.ru
google.rw
google.sc
google.se
google.sh
google.si
google.sk
google.sm
google.sn
google.so
google.sr
google.st
google.td
google.tg
google.tk
google.tl
google.tm
google.tn
google.to
google.tt
google.us
google.vc
google.ventures
google.vg
google.vu
google.ws
google1.com
google2.com
google3.com
google4mp3.com
googleaccelerator.com
googleaccess.com
googleacquisitionmigration.com
googleadapis.com
googleads-cn.com
googleads.com
googleadsense.com
googleadservices-cn.com
googleadservices.com
googleadsserving.cn
googleadult.com
googleadvancedsearch.com
googleanalytic.com
googleanalyticas.com
googleanalytics.com
googleanswer.com
googleanswers.com
googleapis-cn.com
googleapis.cn
googleapis.com
googleapps-cn.com
googleapps.com
googlearabic.com
googlearchive.com
googlearchives.com
googlearth.com
googlebase.com
googlebay.com
googleblog.biz
googleblog.com
googleblog.info
googleblog.net
googleblog.org
googleblows.com
googleblows.net
googleblows.org
googlebot.com
googlebox.biz
googlebox.com
googlebox.info
googlebox.net
googlebox.org
googlebrowserbutton.com
googlebrowserbuttons.com
googlebucks.com
googlebutton.com
googlebutton.net
googlebutton.org
googlebuttons.com
googlebuy.com
googlebuy.info
googlebuy.net
googlebuy.org
googlebuyers.com
googlecache.com
googlecalendar.net
googlecapital.com
googlecatalog.com
googlecatalogs.com
googlecert.net
googleclips.com
googlecnapps.cn
googlecode.com
googlecom.com
googlecommerce.com
googlecompare.co.uk
googlecompute.com
googlecompute.net
googlecompute.org
googlecomputers.com
googlecomputing.com
googledanmark.com
googledesktop.com
googledigital.info
googledigital.net
googledigital.org
googledirectory.com
googledirectory.net
googledirectory.org
googledomains.com
googledoodle.com
googledoodle.net
googledoodle.org
googledrive.com
googlee.com
googleearth.com
googleearth.info
googleearth.net
googleearth.org
googlefiber.com
googlefiber.net
googlefinland.com
googleflights-cn.net
googleflights.net
googlefoundation.com
googlefoundation.net
googlefoundation.org
googlegalactic.com
googlegear.com
googlegear.net
googlegear.org
googlegoods.com
googlegroups.com
googleguy.com
googleimageads.com
googleimages.com
googleimagesearch.com
googleinstantmessenger.com
googleit.com
googleit.net
googleit.org
googlejobs.com
googlejobs.net
googlejournals.com
googlelabs.info
googlelabs.net
googlelabs.org
googlelecture.com
googlelibrary.com
googlelibrary.info
googlelibrary.net
googlelibrary.org
googlelocal.net
googlelocal.org
googlelyrics.com
googlemagazines.com
googlemagazines.info
googlemagazines.net
googlemagazines.org
googlemail.biz
googlemail.com
googlemail.info
googlemail.org
googlemail.us
googlemaps.com
googlemaps.org
googlemastercard.com
googleme.com
googlemember.com
googlemembers.com
googlemicrofilm.com
googlemicrofilm.info
googlemicrofilm.net
googlemicrofilm.org
googlemini.com.cn
googlemotherfucker.com
googlemovie.info
googlemovie.net
googlemovie.org
googlemovies.info
googlemovies.net
googlemovies.org
googlemusic.com
googlenestcommunity.com
googlenews.net
googlenews.org
googlenum.com
googleoogle.com
googleoogle.net
googleoogle.org
googleoptimize-cn.com
googleoptimize.com
googlepage.org
googlepagecreator.com
googlepapers.com
googlepapers.info
googlepapers.net
googlepapers.org
googlephotos.com
googleplay.com
googleplex.com
googleplex.org
googleplus.com
googleporn.com
googleprint.biz
googleprint.com
googleprint.info
googleprint.net
googleprint.org
googleprint.us
googleproxy.com
googlequiz.com
googlequiz.net
googlequiz.org
googleratings.com
googlereader.com
googlereader.info
googlereader.net
googlereader.org
googleregistrar.com
googlereviews.com
googlesatellite.com
googlesatellite.info
googlesatellite.net
googlesatellite.org
googlescholar.com
googlesearch.com
googlesearch.net
googleseek.com
googlesex.com
googlesex.info
googleshopping.com
googleshopping.net
googleshopping.org
googleshoppinglist.com
googlesidebar.com
googlesidebar.net
googlesidebar.org
googlesimplex.com
googlesms.biz
googlesms.info
googlesms.net
googlesms.org
googlesms.us
googlesolarsystem.com
googlesource.com
googlesponsoredlinks.com
googlestore.com
googlestuff.com
googlesucks.com
googlesucks.net
googlesucks.org
googlesverige.com
googlesyndication-cn.com
googlesyndication.com
googletagmanager-cn.com
googletagmanager.com
googletagservices-cn.com
googletagservices.com
googletalk.info
googletalk.net
googletalk.org
googletoolbar.com
googletraveladservices-cn.com
googletraveladservices.com
googletv.com
googletv.net
googletv.org
googleusercontent.com
googlevads-cn.com
googleventures.com
googlevideo.biz
googlevideo.com
googlevillage.com
googleweblight.in
googlewifi.info
googlewifi.net
googlewifi.org
googlewireless.info
googlewireless.net
googlewireless.org
googlewishlist.com
googleworld.org
googlezip.net
googli.com
googlie.com
googlr.com
goolge.com
gooogle.com
gotcosmos.com
gotgoogle.com
gppgle.com
gppglr.com
graphchi.com
graphchi.org
graphengine.io
graphlab.org
gridaware.app
groupsgoogle.com
gsrc.io
gstatic-cn.com
gstatic.cn
gstatic.com
gstaticcnapps.cn
gsuite.com
gtalkr.com
gtempaccount.com
guugle.com
guugle.org
guyindia.com
gv.com
gvt0.com
gvt1-cn.com
gvt1.com
gvt2-cn.com
gvt2.com
gvt3.com
gvt5.com
gvt6.com
gvt7.com
gvt9.com
habsplanet.com
haplorrhini.com
hayday.com
haydaygame.com
hdinsightservices.cn
hdrplusdata.org
hey.boo
highbolt.net
highboltnetwork.net
highboltnetworks.net
highboltsystem.net
highboltsystems.net
hindiweb.com
ho.org
hockeyapp.net
hololens.com
homepod.cn
hoostop.com
hop-stop.com
hopsketch.com
hopstop.se
hopstop.tv
hotmail.co
hotmail.com
hotmail.eu
hotmail.net
hotmail.org
howtobuyaweddingring.com
howtogetmo.co.uk
html5rocks.com
humancoexperience.com
hummingbird.ms
hwgo.com
i-book.com
i-book.net
ialoud.com
iam.soy
iamremarkable.org
iapplenet.net
ibook.co.nz
ibook.com
ibook.eu
ibook.net
ibookpartner.com
ibooksauthor.com
ichat.co.in
ichat.com
icheapbeatsbydre.us
icheapestbeatsbydrdre.us
icheapestbeatsbydre.us
iclnud.com
iclotd.com
icloud-apple.cn
icloud-content.com
icloud-isupport.com
icloud-sandbox.com
icloud.ch
icloud.cl
icloud.com
icloud.com.cn
icloud.de
icloud.ee
icloud.fi
icloud.fr
icloud.hu
icloud.ie
icloud.is
icloud.jp
icloud.lv
icloud.net.cn
icloud.om
icloud.org
icloud.pt
icloud.ro
icloud.se
icloud.si
icloud.sk
icloud.vn
iclouda.net
icloudaccess.net
icloudads.net
icloudalliance.net
icloudapple.cn
icloudblog.net
icloudbox.net
icloudbrowser.net
icloudcast.net
icloudcell.net
iclouddrive.net
icloude.com
icloude.net
iclouder.net
iclouderp.net
iclouders.net
icloudexplorer.net
icloudfeed.net
icloudfriends.net
icloudhome.com
iclouding.net
icloudinstant.net
icloudkeychain.com
icloudlet.net
icloudlets.net
icloudlife.net
icloudlight.net
icloudlite.net
icloudlive.net
icloudmail.net
icloudmarket.net
icloudmashup.net
icloudmedia.net
icloudmeet.net
icloudmovie.net
icloudmusic.net
icloudnavigator.net
icloudnet.net
icloudo.com
icloudo.de
icloudo.net
icloudoffice.net
icloudos.de
icloudos.net
icloudpad.net
icloudpay.net
icloudpc.net
icloudpeople.net
icloudplayer.net
icloudradio.net
icloudready.net
icloudsales.net
icloudsecure.net
icloudsetup.com
icloudshare.net
icloudsocial.net
icloudspace.net
icloudtags.net
icloudtouch.net
icloudtrust.net
icloudtube.net
icloudwidgets.net
icloudwiki.net
icloudworld.net
idmsa-apple.net
idmsa-apple.org
ids-apple.com
idvd.eu
idx.dev
ie10.com
ie11.com
ie8.co
ie9.com
iesdev.com
iesdev.com,
igoogle.com
igoogle.net
igoogle.org
ijtbfwrvydan.com
ikids.com
ilecture.co.nz
ilife.eu
ilife.gr
ilife.wang
imac-apple.com
imac-applecomputer.com
imac.co
imac.co.nz
imac.com
imac.com.pt
imac.eu
imac.gr
imac.one
imac.rs
imacapple.com
imacapplecomputer.com
imacshop.net
imagedelivery.net
images-catch.com
images-catch.net
imaginecup.pl
imessage.tv
imo.im
imoim.net
imokapp.com
imolive2.com
imoovie.com
imostatic.com
imovie.camera
imovie.com.br
imovie.eu
imovie.photography
imovie.us
imoviefest.com
imoviegallery.com
imoviestage.com
impermium.com
infrareddesigns.com
ingads.com
insidear.cn
insidear2014.com
insidear2015.com
insidear2016.com
insidear2017.com
insidear2018.com
insidear2019.com
insidear2020.com
insidear2021.com
insidear2022.com
insidear2023.com
insidear2024.com
insideaugmentedreality.com
insidemacintosh.com
insiderdevtour.com
internetexplorer.co
internetexplorer.com
intrinsity.com
intrinsity.net
intrinsity.org
intunewiki.com
inuvos.com
ios-icloud.com
iosinthecar.com
iotinactionevents.com
ipa-iphone.net
ipad-hoes.net
ipad.co.kr
ipad.de
ipad.host
ipad.wang
ipad3.com
ipadair.cl
ipadair.cm
ipadair.com.br
ipadair.com.es
ipadair.fr
ipadair.hk
ipadair.ie
ipadair.jp
ipadair.tw
ipadaustralia.com
ipadbookclub.net
ipadmini.cm
ipadmini.lk
ipadpro.buzz
ipadpro.mx
iphine.com
iphone-8.com.cn
iphone-collcase.com
iphone.cm
iphone.com
iphone.com.au
iphone.com.gr
iphone.com.pt
iphone.de
iphone.es
iphone.host
iphone.org
iphone.pt
iphone.rs
iphone.ru
iphone.store
iphone.wang
iphone4.com
iphone4.com.br
iphone4s.com
iphone5.com
iphone5casescovers.com
iphone5s5case.com
iphoneacessorios.com.br
iphonecase2013.com
iphonecase5.com
iphonecases100.com
iphonecases5.com
iphoneclaro.com.br
iphonefc.com
iphonegermany.com
iphonehangzhou.com
iphoneimessage.com
iphoneplus.wang
iphonerip.net
iphonese.tv
iphoneseapple.com
iphonetransfer.net
iphoneunlockimei.com
iphonexs.tv
iphoto.camera
iphoto.eu
iphoto.no
iphoto.photography
iphoto.se
iphoto.us
iphoto.wang
ipod.ca
ipod.ch
ipod.cm
ipod.co
ipod.co.nz
ipod.co.uk
ipod.co.za
ipod.com
ipod.com.au
ipod.com.cn
ipod.com.hk
ipod.com.pt
ipod.com.sg
ipod.com.tw
ipod.de
ipod.es
ipod.eu
ipod.fr
ipod.gr
ipod.hk
ipod.is
ipod.lt
ipod.net
ipod.no
ipod.pk
ipod.pt
ipod.rs
ipod.ru
ipod.tw
ipod2download.com
ipodcentre.nl
ipodcleaner.com
ipodgamecenter.net
ipoditouch.com
ipodnano.com
ipodnano.net
ipodprices.com
ipodrip.ca
ipodrocks.com.au
ipods.com
ipodshop.com.au
ipodtouch.co
ipodtouch.com
ipodtouchgamecenter.net
isbgpsafeyet.com
ischool.com
isight.camera
isight.photography
issamghanwi.com
isurvey-apple.com
isurveyapple.com
isurveys-apple.com
isurveysapple.com
itasoftware.com
itools.info
itun.es
itunbes.com
ituneas.com
itunes-apple.cn
itunes-nocookie.com
itunes-radio.net
itunes.ca
itunes.ch
itunes.cl
itunes.co
itunes.co.th
itunes.com
itunes.com.br
itunes.com.hk
itunes.hk
itunes.hu
itunes.movie
itunes.mx
itunes.org
itunes.rio
itunes.si
itunes.uk
itunes.us
itunes12days.com
itunes12daysofchristmas.com
itunes12daysofchristmas.com.pt
itunes12daysofchristmas.nl
itunes12giornidiregali.com
itunes12joursdecadeaux.com
itunes12tage.com
itunes12tagegeschenke.com
itunes7tageschlager.de
itunesapple.cn
itunesessentials.com
itunesfestival.com
itunesfestivals.com
itunesiradio.com
ituneslatino.com
ituneslogin.net
itunesmatch.com
itunesmusicstore.com
itunesparty.com
itunesradio.cn
itunesradio.com
itunesradio.com.cn
itunesradio.gr
itunesradio.jo
itunesradio.na
itunesradio.rio
itunesradio.ru
itunesradio.si
itunesradio.sn
itunesradio.tv
itunesradio.tw
itunesradio.ug
itunesstore.co
itunesu.com
itunesu.net
itunesu.org
itunesuniversity.com
itunesuniversity.net
iutunes.com
iwork.com
iwork.se
iwork.wang
j2objc.org
jamesallen.org
janina-ordmann.com
janinaordmann.com
jennifer-wanderer.com
jenniferwanderer.com
jetfuelapp.com
jetfuelapps.com
jibemobile.com
jinjilake.net
jp738.com
jtunes.com
jtvnw.net
junaio.biz
junaio.info
junaio.mobi
junaio.net
junaio.org
jupitergoogle.com
justbeatsbydre.us
jwt.ms
kaggle.com
kaggle.io
kaggle.net
kaggleusercontent.com
kaltix.com
kaltix.net
kaltix.org
kangkang.biz
karsanadolulisesi.com
karsfenlisesi.com
kazimierczuk.net
kedrowski.com
keyhole.com
keyholecorp.com
keyholecorp.net
keyholecorp.org
keytransparency.com
keytransparency.foo
keytransparency.org
kick.com
kidgrid.tv
kimphotosoftware.com
kts-ae.net
kts-af.net
kumo.com
l-msedge.net
lala.com
lanternal.com
latampartneruniversity.com
latiff.biz
latticedata.com
launchpad.wang
leagueoflegends.com
learnsprout.com
learnsprout.net
learnsprout.org
legalretrievals.google
letsembark.com
libria.fun
lifescapeinc.com
like.com
live-photos.net
live-video.net
live.com
live.com.au
live.eu
live.net
livefilestore.com
livephotos.cn
livephotos.com.cn
livephotos.tv
livingyourambition.com
llnwi.net
localhost.com
loizzos.com
lojaiphone.com.br
lorcanmurray.com
los12diasderegalosdeitunes.es
lostmy-apple.com
lrgx.com
luau-lang.org
luau.org
luobu.biz
luobu.info
luobu.io
luobu.org
luxvue.net
luxvuetechnology.net
lync.cn
m12.vc
m4cs.net
mac-mini.com
mac.com
mac.com.au
mac.eu
mac.rs
mac.wang
macappsto.re
macbook.co
macbook.com.pt
macbook.hk
macbook.pt
macbook.tw
macbook.us
macbook.wang
macbookair.cn
macbookair.co.kr
macbookair.co.uk
macbookair.com
macbookair.com.au
macbookair.com.cn
macbookair.com.es
macbookair.com.pt
macbookair.es
macbookair.hk
macbookair.info
macbookair.jp
macbookair.kr
macbookair.net
macbookair.pt
macbookpro.co
macbookpro.com
macbookpro.com.au
macbookpro.net
macbookpro.us
macbookpros.com
macbooks.us
macbooksale.com
macboxset.com
mach-os.com
mach-os.net
machos.net
macintosh.com.br
macintosh.com.pt
macintosh.eu
macintosh.info
macintosh.pt
macintosh.us
macintoshsoftware.com
macmini.com
macos-sierra.com
macos.com.au
macos.info
macos.us
macosforge.com
macosforge.net
macosforge.org
macossierra.com
macosx.info
macosxlion.com
macosxserver.com
macpazar.com
macports.org
macprices.com
macpro.com.pt
macpro.pt
macreach.com
macreach.net
macruby.com
macruby.net
macruby.org
madewithcode.com
magictrackpad.com
mailto
mainechaos.com
makecode.org
makemymixtape.com
man-da.net
managedmeetingrooms.com
management-azure-devices-int.net
management-azure-devices-provisioning.cn
management-azure-devices.cn
management-azure-devices.net
mangalib.me
mangalib.org
manualsinfoapple.com
mapmyvenue.com
mapsense.org
mapsensejs.com
margin15.com
markfong.com
marsgoogle.com
masalladeloslimites.com
material.io
mattmartin@apple.com
mcchcdn.com
mdialog.com
me.com
measuremap.com
measuremap.net
measuremap.org
media-amazon.com
meet.new
meetfasttrack.com
meetyourdevices.com
mega.co.nz
mega.io
mega.nz
mepn.com
mercurygoogle.com
metaio.biz
metaio.com
metaio.net
metaio.org
metaioworld.com
metapushpin.info
metapushpin.net
mfg-inspector.com
mgmt-azure-api.cn
microbit.org
microsoft-falcon.io
microsoft-give.com
microsoft-int.com
microsoft-ppe.com
microsoft-sap-events.com
microsoft-sbs-domains.com
microsoft-smb.cn
microsoft.az
microsoft.be
microsoft.by
microsoft.ca
microsoft.cat
microsoft.ch
microsoft.cl
microsoft.com
microsoft.cz
microsoft.de
microsoft.dk
microsoft.ee
microsoft.es
microsoft.eu
microsoft.fi
microsoft.ge
microsoft.hu
microsoft.io
microsoft.is
microsoft.it
microsoft.jp
microsoft.lt
microsoft.lu
microsoft.lv
microsoft.md
microsoft.net
microsoft.pl
microsoft.pt
microsoft.red
microsoft.ro
microsoft.rs
microsoft.ru
microsoft.se
microsoft.si
microsoft.tv
microsoft.ua
microsoft.uz
microsoft.vn
microsoft365.com
microsoftaccountguard.com
microsoftadc.com
microsoftads.com
microsoftadvertising.com
microsoftadvertisingregionalawards.com
microsoftaffiliates.com
microsoftapp.net
microsoftazuread-sso.com
microsoftazuresponsorships.com
microsoftazurestatus.cn
microsoftcloud.com
microsoftcloudsummit.com
microsoftcloudworkshop.com
microsoftcommunitytraining.com
microsoftdiplomados.com
microsofteca.com
microsoftedge.com
microsoftedgeinsider.com
microsoftgamestack.com
microsofthouse.com
microsofthouse.net
microsoftinternetsafety.net
microsoftiotcentral.com
microsoftiotinsiderlabs.com
microsoftlatamaitour.com
microsoftlatamholiday.com
microsoftlinc.com
microsoftmetrics.cn
microsoftmxfilantropia.com
microsoftnews.cc
microsoftnews.cn
microsoftnews.com
microsoftnews.net
microsoftnews.org
microsoftnewsforkids.com
microsoftnewsforkids.net
microsoftnewsforkids.org
microsoftnewskids.com
microsoftnewskids.net
microsoftnewskids.org
microsoftonline-i.cn
microsoftonline-m-i.cn
microsoftonline-m.cn
microsoftonline-p-i.cn
microsoftonline-p-i.net.cn
microsoftonline-p.cn
microsoftonline-p.com
microsoftonline-p.net.cn
microsoftonline.cn
microsoftonline.com
microsoftpartnercommunity.com
microsoftpartnersolutions.com
microsoftpersonalcontent.com
microsoftreactor.cn
microsoftreactor.com.cn
microsoftreactor.info
microsoftreactor.net
microsoftreactor.org
microsoftready.com
microsoftsilverlight.com
microsoftsilverlight.net
microsoftsilverlight.org
microsoftsiteselection.com
microsoftsqlserver.com
microsoftstart.com
microsoftstore.com
microsoftstore.com.cn
microsoftstore.com.hk
microsoftstream.com
microsoftteams.com
microsofttradein.com
microsofttranslator-int.cn
microsofttranslator.com
microsoftuwp.com
microvision.biz
minecraft-services.net
minecraft.net
minecraftservices.com
minecraftshop.com
minzhu.org
mmdnn.com
mncmsidlab1.cn
mo.co
mobilegoogle.info
mobilegoogle.net
mobilegoogle.org
mobileme.com
mobileme.dk
mobileview.page
mog.com
mojang.com
momentumms.com
mono-project.com
monster-beatsheadphone.us
monsterbeat.us
monsterbeats-sale.us
monsterbeatsale.us
monsterbeatsbydrecheap.us
monsterbeatsoutlet.us
monsterbeatsteam.us
monsterbeatsusa.us
monstercity.us
monstersbeatsbydre.us
moodstocks.com
morphcharts.com
moviemetric.com
moyanar.com
mpnevolution.com
mptec.com
mr-apple.com.tw
ms-studiosmedia.com
ms365surfaceoffer.com
msads.net
msappproxy.cn
msauth.cn
msauth.net
msauthimages.cn
mschallenge2018.com
mschcdn.com
msdn.com
msecnd.net
msedge.net
msft.info
msft.net
msftauth.cn
msftauth.net
msftauthimages.cn
msftauthimages.net
msftcloudes.cn
msftconnecttest.com
msfteducation.ca
msftncsi.com
msftnet.org
msgamesresearch.com
msgamestudios.com
mshome.net
msidentity.cn
msidentity.com
msidlabpbmc.cn
msinnovationchallenge.com
msn.cn
msn.com
msn.net
msnewskids.com
msnewskids.net
msnewskids.org
msnkids.com
msocdn.com
msocsp.com
mspairlift.com
mspil.cn
msra.cn
msropendata.com
msturing.org
msudalosti.com
msunlimitedcloudsummit.com
musicanalytics.net
musicanalytics.org
musickit.net
musicmetric.net
musicmetric.org
my-beatsbydre.us
my-deja.com
my-deja.net
my-dejanews.com
my-google.com
my-google.net
my-google.org
myapple.com
myapple.net
myappleid.com
myappleid.info
myaugmentedcity.com
mydeja.net
mydejanews.com
mygoogle.com
mygoogle.net
mygoogle.org
myicloud.net
myipod.net
mylcloud.net
mymicrosoft.com
myoctocat.com
myorg.biz
mypicasa.com
myportfolio.com
myworldar.com
mzstatic.com
namingsolutions.com
naprtcvcfaqa.com
naprtcvcfaqa.net
near.by
nechwuqneijj.com
nechwuqneijj.net
nelreports.net
neptunegoogle.com
nest.com
net.au
net.gr
new.day
newbeatsbydre2013.us
newbeatsbydresale.us
newdrdrebeats2013.us
newsroom.apple
newton.com
next.com
nextechafrica.net
nflshopping.us
ngoogle.com
nic.apple
nncc.info
nomulus.foo
non-org.net
notebooklm.google
nothingreal.com
npm.community
npmjs.com
npmjs.org
nr-data.net
nuget.org
nugettest.org
numgoogle.com
nwiz.biz
nxta.org
o365cn.com
o365files.cn
o365weve-dev.com
o365weve-ppe.com
o365weve.com
oasisfeng.com
oauthz.com
octocaptcha.com
office.com
office.net
office365-net.cn
office365.cn
office365.com
office365love.com
office365tw.com
officeplus.cn
officewebapps.cn
ogmento.net
ogogle.com
oingo.com
omegamap.com
omtrdc.net
on.here
on2.com
one.one
onedrive.co
onedrive.co.uk
onedrive.com
onedrive.eu
onedrive.net
onedrive.org
onefifteen.net
onefifteen.org
oneline-apple-store.com
onenote.com
onenote.net
onescanner.com
onestore.ms
oneworldmanystories.com
onmschina.cn
opensource.guide
opensourceinsight.dev
opensourceinsights.dev
openthread.io
opentranslatorstothings.org
openweave.io
openwrt.org
opticsforthecloud.net
orbitera.com
orcit.com
orcut.com
orithegame.com
orkat.com
orkut.biz
orkut.com
orkut.info
orkut.org
osx.info
osxlionlaunchpad.com
outingsapp.com
outlook.cn
outlook.com
overapple.com
ozhorde.com
pacloudflare.com
page.link
pageadgooglesyndication.com
pages.dev
pagespeedmobilizer.com
pageview.mobi
pandav.us
panoramio.com
partylikeits1986.org
pasemi.com
passport.net
paxlicense.org
pbiwebcontent.cn
peek-pop.net
peekandpop.net
philipdryan.com
photobooth.camera
photobooth.photography
photonengine.io
photonindustries.io
photoshop.com
picasa.com
picasa.net
picasasoftware.com
picasaweb.com
picasaweb.net
picasaweb.org
piccasa.net
picnik.com
pittbos.io
pittpatt.com
pixapp.net
pixate.com
pki.goog
placebase.ca
platform-cs-va6-adobe.io
playfab.com
playfabapi.com
playquicktime.net
plutogoogle.com
polarrose.net
polorose.net
polorrose.net
polymer-project.org
polymerproject.org
porngoogle.com
poshtestgallery.com
postini.com
powerapps.cn
powerappscdn.net
powerappsportals.cn
powerautomate.cn
powerautomate.com
powerbeats2wireless.com
powerbeatsbydrdre.com
powerbeatsbydre.com
powerbi.cn
powerbi.com
powerbook.cc
powerbook.com
powerbook.eu
powerbook.info
powermac.com.br
powermac.info
powerschool.com
powershellgallery.com
predictiveappworld.com
pretendco.com
primephonic.com
prismo.com
privacyisimportant.com
privacysandbox.com
projectara.com
projectbaseline.com
projectmurphy.net
projectsangam.com
prosite.com
pub.dev
publishing-research.com
publishing-research.org
publishing-survey.com
publishing-survey.org
publishingresearch.org
publishingsurvey.com
publishingsurvey.org
publishproxy.com
pullstring.net
pvp.net
pwabuilder.com
pxcc.com
pxt.io
pyra.com
q8planet.com
qapple.com
qatesttool.com
qatp1.net
qcpp1.net
qiao-cn.com
qpdp1.net
qt-tv.net
qttv.net
quatrowireless.com
questvisual.com
quickdraw3d.com
quickoffice.com
quicktime.cc
quicktime.com
quicktime.com.au
quicktime.com.br
quicktime.eu
quicktime.info
quicktime.net
quicktime.tv
quicktimelive.com
quicktimelive.info
quicktimestreaming.net
quicktimetv.info
quiksee.com
qwapi.com
r2.dev
rapidrefocus.com
rblx.co
rblx.com
rblx.org
rbx-stage.com
rbx.cn
rbx.com
rbx.dev
rbxcdn-cn.com
rbxcdn.com
rbxcdn.net
rbxes.com
rbxgame.com
rbxinfra.com
rbxinfra.net
rbxlabs.com
rbxtrk.com
rdatasrv.net
reactorms.com.cn
recaptcha-cn.net
recaptcha.net
redd.it
reddit.com
redditblog.com
reddithelp.com
redditinc.com
redditmail.com
redditmedia.com
redditspace.com
reform-apple.com
registerapple.com
registry.google
rememberingsteve.com
rememberingstevejobs.com
renovacionoffice.com
renovacionxboxlive.com
renquan.org
repo.new
requests
requesttimeoff.com
researchandcare.org
researchkit.biz
researchkit.cn
researchkit.com.cn
researchkit.hk
researchkit.info
researchkit.net
researchkit.org
researchkit.tv
retina.camera
retina.photography
returnyoutubedislikeapi.com
revolv.com
richardsbrain.com
ridepenguin.com
riotgames.com
ripmixburn.com
ro-blox.com
roadblocks.com
roblocks.com
roblox.app
roblox.ca
roblox.cc
roblox.cl
roblox.co.jp
roblox.co.uk
roblox.com
roblox.de
roblox.dev
roblox.dk
roblox.eu
roblox.fr
roblox.hu
roblox.in
roblox.it
roblox.jp
roblox.kr
roblox.lat
roblox.mx
roblox.net
roblox.org
roblox.ph
roblox.pt
roblox.sk
roblox.tv
roblox.uk
roblox.us
roblox.vn
robloxads.com
robloxcdn.com
robloxcorp.com
robloxcorporation.com
robloxdev.com
robloxengine.com
robloxgame.com
robloxlabs.cn
robloxlabs.com
robloxmail.com
robloxmedia.com
robloxrcs.com
robloxtechtalks.com
robloxtoy.com
robloxuniverse.com
robux.com
roivis.com
rowblocks.com
rowblox.com
run.app
s-dc-msedge.net
s-microsoft.com
s-msedge.net
s-msft.com
s-msn.com
sankie.net
saturngoogle.com
savethedate.foo
saynow.com
schemer.com
screenwisetrends.com
screenwisetrendspanel.com
seconds
seeabc.com
seedandsaplings.com
seeurlpcl.com
sellwood.net
semanticlocation-pa-googleapis.com
semetric.net
semetric.org
sentry.io
sergeybrin.com
sergeybrin.net
sergeybrin.org
serverlesslibrary.net
services-apple.net
servicetalk.io
sfbassets.com
sfbassets.net
sfx.ms
sharepoint.cn
sharepoint.com
sharepointonline.com
shazam.com
sheets.new
sherlock.info
shop-different.com
shop-different.net
shop-different.org
shopdifferent.biz
shopdifferent.info
shopdifferent.net
shopdifferent.org
signacon.net
signalr.net
signin.aws
signtime.apple
silu.net
silverflute.net
simpel.org
simplyipod.com
siri.com
sirikits.com
sketchup.com
skype.com
skype.net
skypeassets.com
skypeassets.net
skyvines.info
skyvines.net
slack-core.com
slack-edge.com
slack-files.com
slack-files.com 
slack-imgs.com
slack-msgs.com
slack-redir.net
slack.com
slackb.com
slackcertified.com
slackdemo.com
slackhq.com
slides.new
smartprogrammer.com
smartprogrammer.net
snapseed.com
sobacka.com
solveforx.com
specialbeatsbydre.us
speedtest.net
spektral.cc
spo-msedge.net
sprinklesapp.com
spruceregistration.com
spruceuserforum.net
spruceuserforums.com
sqlserveronlinux.com
squadbusters.com
stadia.dev
staffhub.ms
start.com
static.microsoft
stcroixmosquito.com
stcroixmosquitoproject.com
steam-api.com
steam.tv
steamcommunity.com
steampowered.com
steamserver.net
steamstatic.com
streamquicktime.com
streamquicktime.net
studywatchbyverily.com
studywatchbyverily.org
stxmosquito.com
stxmosquitoproject.com
stxmosquitoproject.net
stxmosquitoproject.org
successwithteams.com
sumitbudhiraja.com
sumutpos.com
sunglassesclearances.us
supercell.com
supercellcreators.com
supercellgames.com
supercellid.com
supercellstore.com
support-reverse-smileys.com
supportformapple.com
surface.com
surveys-apple.com
surveysapple.com
svc.ms
sway-cdn.com
sway.com
swellapp.net
swift.org
swiftplaygrounds.net
swiftplaygrounds.org
swiftui.cn
swiftui.com.cn
syncraconstruction.com
synergyse.com
sysinternals.com
t-msedge.net
tailwindtraders.com
talageo.com
talkcentral.org
tampe.info
tapata.net
taron.us
team7365.com
techhub.ms
telageo.com
tellmewhygame.com
tensorflow.org
testgmacrfc.com
testwebkit.org
texture.com
tfhub.dev
tfsallin.net
the-apple-store.eu
theapple.com
theapplestore.co.uk
theapplestore.com
theapplestore.com.pt
theapplestore.eu
theapplestore.org
theapplestore.pt
theapplestore.us
theatremode.com
thecarbonneaus.net
thecleversense.com
thedinnerpartynetwork.com
thegithubshop.com
thegooglestore.com
theitunesdownload.com
themeforest.net
thenounproject.com
theshimmerapp.com
thetamap.com
think-different.eu
thinkdifferent.com
thinkdifferent.eu
thinkdifferent.info
thinkdifferent.us
thinkquarterly.co.uk
thinkquarterly.com
thinkwithgoogle.com
threadit.app
tiltbrush.com
timelinestoryteller.com
timeoffrequest.com
timeoffrequests.com
timphanmem.com
tipsapple.com
tlstestwebkit.org
tommyroe.info
tongwen.net
tongwen.org
toolbargoogle.com
touchid.info
touchid.org
touchid.tv
touchid.wang
touchidpurchases.com
touchidpurchases.info
touchidpurchases.net
touchidpurchases.org
tracking-location.com
trafficmanager.cn
trafficmanager.net
translatetheweb.com
trax.com.cn
triple-sss.com
truedepth3d.com
trustcenter.cn
trycloudflare.com
tryfunctions.com
tryrating.com
tryroblox.com
ttvnw.net
tuplejump.com
turiosity.org
turkexperiment.com
tvappstore.net
tvmetric.com
tvsearch.com
twitch.tv
twitchcdn.net
txcloud.net
txvia.com
typekit.com
typekit.net
ubnt.com
ubnw.info
ubnw.net
ui.com
uj139.com
uk.com
umamusume.com
unaio.biz
unaio.com
unaio.info
unaio.mobi
unaio.net
unaio.org
unfiltered.news
unicode.net
unicode.org
unifeye.biz
unifeye.com
unifeye.mobi
unifeye.net
unifeye.org
unionbaynetwork.net
unionbaynetworks.net
unity3dcloud.cn
unlocklimitlesslearning.com
unrealengine.com
unstyle.us
uranusgoogle.com
urchin.com
urching.com
urchinstats.com
usa-onlinestore.us
useplannr.com
userpxt.io
ussea4-dns-001
usvimosquito.com
usvimosquitoproject.com
utlemming.org
uwpcommunitytoolkit.com
v8.dev
v8project.org
velocity-engine.com
velocityengine.com
velostrata.com
venusgoogle.com
verily.com
verilylifesciences.com
verilystudyhub.com
verilystudywatch.com
verilystudywatch.org
veritablebevy.com
verizonwireless.com
vfsforgit.com
vfsforgit.org
videobreakdown.com
videodelivery.net
videoindexer.ai
villanovachileatomic4321.blog
virtualearth.net
visualstudio-staging.com
visualstudio.co
visualstudio.co.uk
visualstudio.com
visualstudio.eu
visualstudio.net
vitor-beats.us
vocalbookings.com
vocaliq.co.uk
vocaliq.com
vocalserve.com
vsallin.net
vsassets.io
vscode-cdn.net
vscode-unpkg.net
vscode.dev
walledgarden.school
wallet.com
wapgmmgjd.com
wapgoogle.com
wappdapag.com
warp.plus
wattpad.com
waymo.com
waze.com
wbd.ms
web.app
web.dev
webappfieldguide.com
webdvd.org
webkit.org
webkitgtk.org
webmate.com
webmproject.org
webobjects.co.uk
webobjects.com
webobjects.de
webobjects.eu
webobjects.info
webobjects.net
webpkgcache.com
webrtc.org
webservicehost.com
weltweitwachsen.de
what-fan.net
whatbrowser.org
whats.new
wherewas.com
whiteiphone.com
wholesalebeats.us
widevine.com
windows-int.net
windows.com
windows.net
windows.nl
windows8.hk
windowsazure.cn
windowsazure.com
windowsazurestatus.cn
windowscommunity.net
windowsmarketplace.com
windowsphone-int.com
windowsphone.com
windowssearch.com
windowsupdate.com
winhec.com
winhec.net
withgoogle.com
withyoutube.com
wnygubokcqwa.in
womenwill.com
womenwill.com.br
womenwill.id
womenwill.in
womenwill.mx
workers.dev
workflow.is
wpewebkit.org
writely.com
wrkflow.app
wswplwtctkjxeo.com
wswplwtctkjxeo.net
wuxiapple.com
wwapgmmgjd.com
wwapple.net
www-sms-apple.com
wwwadwords-select.com
wwwadwordsselect.com
wwwapple.com
wwwapple.net
wwwapplecom.net
wwwapplemusic.com
wwwgoogle.com
wwwgooglecom.com
wwwgoogleoogle.com
wwwgooglesyndication.com
wwwicloud.com
wwwipodlounge.com
wwwitunes.com
wwwlapple.com
wwwlapple.net
wwwmacbookair.com
wwwpicasa.com
wwwpicassa.com
wwwpicassa.net
wwwpiccasa.com
wwwpiccasa.net
wwwpiccassa.com
wwwpiccassa.net
wwwresearchkit.com
wwwresearchkit.org
wwwwgoogle.com
wzrzviwsz.com
x.company
x.team
xamarin.com
xavier-music.com
xbox.co
xbox.com
xbox.eu
xbox.org
xbox360.co
xbox360.com
xbox360.eu
xbox360.org
xboxab.com
xboxgamepass.com
xboxgamestudios.com
xboxlive.cn
xboxlive.com
xboxone.co
xboxone.com
xboxone.eu
xboxplayanywhere.com
xboxservices.com
xboxstudios.com
xbx.lv
xjpop.com
xn--4qr79iu6i.xn--io0a7i
xn--9kr7l.com
xn--9trs65b.com
xn--cckeg9a9iwh.xn--tckwe
xn--czrr7bf5l23jg82aokf.xn--fiq228c5hs
xn--czrs0t4phtr3a.cn
xn--fiqs8sxootzz.cn
xn--flw351e.com
xn--fqrzz324btzz.xn--io0a7i
xn--ggle-55da.com
xn--gogl-0nd52e.com
xn--gogl-1nd42e.com
xn--gtvq61a9vkbtg.xn--io0a7i
xn--gtvq61aiijy0b.xn--io0a7i
xn--gtvz22d.xn--5tzm5g
xn--gtvz22d.xn--hxt814e
xn--gwt64rpc074k.xn--io0a7i
xn--hxtr4rozx.xn--io0a7i
xn--hxtr4rozx.xyz
xn--kbt92zi8s5kd.xn--hxt814e
xn--ngstr-lra8j.com
xn--ohq11k7pl25iyo8a.cn
xn--omsy58diei8zqjvo.xn--io0a7i
xn--p8j9a0d9c9a.xn--q9jyb4c
xn--yvonne-schrder-5pb.com
xn--yvonneschrder-rmb.com
xplr.co
xserve.com
xserve.net
xvid-x.org
xzcz.com
yammer.com
yessql.info
yessql.net
yootheme.com
youmakethegame.com
youmakethegames.com
younaio.com
yourapple.com
yourmailhost.net
youtu.be
youtube-nocookie.com
youtube.com
youtubeeducation.com
youtubegaming.com
yt.be
ytimg.com
zetamap.com
zipdash.com
ziqing.net
zpple.com
zukunftswerkstatt.de