003.su
1-vet.ru
101vkusleta.ru
10i5.ru
127-zakon.ru
130nsk.ru
1cmas.ru
1crashgames.ru
1gut.novibox.ru
1hd.novibox.ru
1red.novibox.ru
1tonna.ru
1zagran.ru
25medvedey.ru
29n-spr.ru
2mp3.ru
2zi.ru
31daysfotofest.ru
36s.ru
36school.ru
44ru.ru
4cheat.ru
4italka.ru
4italka.su
4seasonsochi.ru
5dayin.moscow
69-porno.ru
7karat.ru
7nebo.ru
83detsad.ru
8clips.ucoz.ru
95.3dn.ru
989n-spr.ru
a-era.ru
abadacapoeira.ru
abp-mebel.ru
academga.ru
academyremonta.ru
aclass.ru
act.obhod-blokirovki-youtube.ru
actiontours.ru
active-pr.ru
activekiddy.ru
acudao.ru
ad-a.ru
adobe-encore.ru
advleks.ru
aeroport-turkestan.ru
ag-box.ru
against-burns.ru
agidel.naikborzov.ru
agnisutra.ru
agro-technologii.ru
agro07.ru
agromer.ru
agrorulider.ru
agroxperia.ru
ahqdttzc.ru
aias.ru
aidarovart.ru
aiduolaa.ru
aifrostov.ru
aikido12.ru
airbnb-rus.ru
airnavigation.ru
ajency.ru
akademiasmesi.ru
akb-chelyabinsk.ru
akcentc.ru
akhmatacademy.ru
akintoschool.ru
aklkkotofey.ru
akoho.ru
akra-city.ru
aktiv-nedv.ru
aktmuzdshi.ru
akunamatata.su
akylenok.ru
alacrit.ru
alanla.forum24.ru
albiongranit.ru
albrandt.ru
aleant.su
alekseymarchenkov.ru
alex-motor.ru
alex-usatov.ru
alexp007.ru
alkodomodedovo.moy.su
alkogol-khabar.ru
allaboutdogs.ru
allcharter.ru
allfan.ru
alliance-pravo.ru
alliance-roomstore.ru
alligatpro.ru
allreally.ru
alltasty.ru
allvend.ru
alnit.ru
alrf86.ru
alt-smoke.ru
altaipant.ru
aluen.ru
alvea.ru
amalgama-band.ru
amdm.ru
amk-avto-shkola.ru
amurstone.ru
anamvseravno.my1.ru
anapa-turbaza.ru
anatoliypiksaev.ru
andfest.ru
andrewrat.ucoz.ru
angarkarkas.ru
angel-toys.ru
anichi.su
anilibrtop.ru
anime-romanticheskie.ru
anime.anilibriatop.ru
animego-harakiri.ru
animego-kanishiwa.ru
animego-naruto-shipudden.ru
animego-still-alhimick.ru
animemig.ru
anirniit.ru
annablinova.ru
ano-map.ru
anstroi.ru
ansya.ru
ant-edu.ru
ant-world.ru
anti-nds-service.ru
antiguabarbuda.ru
antikorssh.ru
antique-terem.ru
apachan.ru
apollobeatz.ru
apostil24.ru
appcherkessk.ru
apsalekhard.ru
apt33.ru
aqvakr.forum24.ru
aratai.ru
archimir.ru
archmodern.ru
archproektplus.ru
arendaman.ru
arh-orchestra.ru
arhyz-guide.ru
aristocratiya.ru
ark-models.ru
arkadi-education.ru
armaprom-nsk.ru
armgarant.ru
armo-red.ru
arsnews.ru
art-lash.ru
artbusfest.ru
artelstudio.ru
artemmian.ru
artemovskij.ru
artereal.ru
artikona.ru
artlasernn.ru
artstroy123.ru
as-elektrik.ru
as-terra.ru
asbro.ru
asorin.ru
assyria-med.ru
asteriayeisk.ru
astoria-pizza.ru
astrminobr.ru
astronom38.ru
astroy86.ru
atelie-svetlana-38.ru
attoverticale.ru
atv-moto.ru
audi-altufievo.ru
audiobooks.my1.ru
audit-buh-consalt-nsp.ru
audit-consalt-nsp.ru
audit-consaltnsp.ru
auditdoc.ru
auditnds.ru
auditor63.ru
audittdoc.ru
auraofbohemia.ru
auto-lifan.ru
auto-voa.ru
auto-voshod.ru
auto-zalog24.ru
autoland-ru.ru
autoline38.ru
autonomsystems.ru
autopluse.ru
autoprestige-baic-perm.ru
autorynki.ru
av-sv.ru
avangard1c.ru
avastreamhd.ru
avklass.ru
avtera.ru
avto-otzovik.ru
avto-planeta72.ru
avto-ton.ru
avtoarhiv.ru
avtobestnews.ru
avtobzor.ru
avtocluch.ru
avtodrum.ru
avtokorch.ru
avtoremont-gm.ru
avtoroom.ru
avtoshir.ru
avtoshok26.ru
avtovazsalon.ru
azbukadobra.ru
aziator.ru
azot-neon.ru
b2bingo.ru
babybynature.ru
bacteriologi.ru
bafrus.ru
bagforme.ru
baikalphotofest.ru
balet-msk.ru
banda0.sucat.ru
banditka.my1.ru
banya-kedr.ru
banzayfoto.ru
barcentr.ru
barmore.ru
bastion54.ru
bav-okna.ru
bb37.ru
bcclub.ru
be8.genvia.ru
beauty-faberlic.ru
bedrikova.ru
bel-grand.ru
bel-obr.ru
belgames.ru
belpower.forum24.ru
beltsandbuckles.ru
bereginya-kostroma.ru
besstyzhietv.ru
best-party.ru
best-torrents.3dn.ru
bestartmodels.ru
bestdocs.ru
bestgamemobile.ru
bezsetey.ru
big-group.ru
biggreenegg.ru
bigtimelab.ru
biinarium.ru
bikerkz.my1.ru
bikingblog.ru
biletservis.ru
bingcha.ru
birdlady.ru
birds.ongames.su
bitbandits.ru
bitstudiodesign.ru
bizarreclub.ru
bizzai.ru
blanki-med23.ru
blizzcon.ru
blog-handmade.ru
blog.sliderweb.ru
blogko.ru
blogyka.ru
bmbagency.ru
bnn-news.ru
boat-fanat.ru
body-camera.ru
bolshieserdca.ru
bonhomedesign.ru
bookzip.ru
bootur.ru
bosch-master24.ru
bostonpc.ru
botanikasyrup.ru
bototype.ru
botrans.ru
box4u.ru
bp-auto.ru
brando-centr.ru
brandsbags-shops.ru
bravofriends.ru
breedoosit.ru
brentfords.ru
brextkino.ru
breyk-tiam.ru
brickburo.ru
brilum.ru
british-motors.ru
broadcast-park.ru
brostor.ru
brus-nnov.ru
brw-mebel.ru
bsrz.crazybrothers.ru
bubamultik.ru
bubblesmedia.ru
buddhaspacentre.ru
bufet74.ru
bugotchet.ru
buh-audit-checkconsalting.ru
buhevent.ru
buhgcenter.ru
buki-repetitor.ru
buksir21.ru
bunger.ru
burgermeister.ru
bus-club.ru
buy-books.ru
buy-poison.ru
bvgindustrial.ru
byber.ru
bytovo-drink.moy.su
bytovo-drink177.moy.su
c-lebrity.ru
cafe-lunch-time.ru
cairn-kennel.ru
callsystem.role.ru
calltarget.ru
camlunity.ru
caniculakids.ru
capevuoksa.ru
car-tower.ru
cards-gift.ru
cargo-buyer.ru
carsjapan.ru
cat-perm.ru
cccp-cafe.ru
ccsoft.ru
cd-tv.ru
cd0.ru
cegav.lilomarket.ru
centr-k-spb.ru
centr13.ru
centrkurs-rub.ru
ceut38.ru
cfstom.ru
ch4.su
chaik-school.ru
chale.su
chalkin.ru
championay.ru
chaturbat.net.ru
chaturbate-net.ru
chaturbate-rus.ru
chbot.ru
check-person.ru
check.anti-bots.ru
chelkalyan.ru
chereng.ru
chess-yozh.ru
chest-dostoinstvo.ru
choize.ru
chupiessocks.ru
cinema-chuckle.ru
cinema-expert.ru
cinema-sensation.ru
cinemachek.ru
cineo.ru
circusfest-lugansk.ru
citadelcrimea.ru
citroen-yaroslavl.ru
city-inn.ru
city-on-volga.ru
ckrtkgyo.ru
clairi.ru
clasmaster.ru
cleantrail.ru
clever-dom.ru
click-hunter.ru
climat-e.ru
clmedsprawka.ru
cloudview.ru
club-klassika.ru
cmpkursk.ru
cnc-club.ru
co19tula.ru
codex-vpn.ru
colormann.ru
coma.su
comp-msk.ru
compomaster.ru
comunitech.ru
concert-leningrad.ru
connectcard.ru
contact-nissan.ru
coolasia.ru
cordvo.ru
corpion.ru
cosmovape.ru
cotranslate.ru
cotteg24.ru
coursetravel.ru
cpros.ru
crafthub.ru
crbmpurga.ru
crofr.ru
crspenza.ru
crumbpenza.ru
cs-fan.ru
csprt.ru
ctc-chel.ru
cubinos.ru
cult-media.ru
cyprusflightpass.ru
d-giovanni.ru
d.hglab.ru
da-site.ru
dalitur-omsk.ru
daric.ru
data-analyzer.ru
de-f.ru
dedvpn.su
dekan.ru
deltastroyshop.ru
deltavolga.ru
denta29.ru
dentalhomeufa.ru
dentalnice.ru
dentpractice.ru
deputatskaja-sosh.ru
deshevyi.ru
design-inc.ru
designtelega.ru
destroy.forum24.ru
det-sad22.ru
detgazeta.ru
deti-e.ru
detsad-svetljachok.ru
detsrsmon.ru
diagcard.ru
diagtest.ru
dietamam.ru
digibu.ru
digitalconference.ru
dimstroy-glass.ru
dinazima.ru
diphep.ru
diplvels.ru
diprf.okis.ru
direct-lids.ru
direct2.ru
discord1.ru
discountbaby63.ru
divan-st.ru
divan-zakaz-moskva.ru
dkhouse.ru
dl-cars.ru
dlyazdorovia.ru
dmd-drink.moy.su
dmobile.ru
dnk-spiral.ru
dns-shop.sliderweb.ru
dobzhanskycenter.ru
doc-person.ru
dochotel.ru
dog-collar.ru
dok-person.ru
dok-russia.ru
dokkino.ru
dolg-raspiska.narod.ru
doma-karkasnye-moskva.ru
domashnyaya-kosmetika.ru
domofondar.ru
domolenta.ru
domophone72.ru
domtehgaz.ru
don-specmetiz.ru
donkvas.ru
doors-rus.ru
dop-235g.okis.ru
dopok-24.okis.ru
dopusk-sport.ru
dorama24.su
doramafox.ru
dorrrenko.ru
dorstroinadzor.ru
dostavshik-61.ru
doverie-bfl.ru
doville-poselok.ru
dowcursor.ucoz.ru
dpk-uspenskiy.ru
dpo-centre.ru
dpo62.ru
drink177.moy.su
drive-up.ru
drivebag.ru
ds-149.ru
ds-systems.ru
ds17apn.ru
ds1sun.ru
dsad124.ru
dshi4.ru
dshikozlovskogo.ru
dubki-vpn.ru
dublicator.ru
dudekino.ru
dudom.ru
duma21.ru
dush-kabiny.ru
dusshrh.ru
duvgzrsn.ru
dveri-alita.ru
dveri33.ru
dvstk.ru
e-fest.ru
e-jump.ru
e-kbm.ru
e-vitamin.ru
e-you.ru
e.hglab.ru
easygo-vpn.ru
easyvisas.ru
ecci63.ru
echomsk.spb.ru
eclect-mebel.ru
eco-norman.ru
ecosity.ru
ecpc10.ru
ecpexpert.ru
edinros34.ru
edushkola.ru
eereeda.ru
effect12.ru
egais-retail.ru
eikenclub.ru
ekaterinburg.ezpp.ru
ekb.isfirm.ru
ekblwpkt.ru
ekrany-kondicionerov.ru
elacademy.ru
elban.ru
elt-tsu.ru
emias-info-zapis.ru
emias.bot.powernic.ru
emop.lilomarket.ru
empiresandpuzzles.ru
empiretotalwar.ucoz.ru
emule-island.ru
endo-seminar.ru
enkistroy.ru
epicit.ru
er-lukoyanov.ru
era-vhs.ru
era.clan.su
ergonliving.ru
ersa-shop.ru
escada-nv.ru
esconti.ru
etrehome.ru
euromebel22.ru
eurostroy.su
eva-atelier.ru
evabonbons.ru
evacuator68.ru
evacuatorn1.ru
evak-avto.ru
evakuator-gorod-orel.ru
evakuator193.ru
evalaiz.ru
evalcom.ru
eventudm.ru
everest-ptz.ru
evilent.ru
evolbiol.ru
evroperimetr.ru
ex.ucoz.ru
exdoors.ru
expertfinance68.ru
exportconf.ru
express-cafe.ru
express-cheks.ru
expresstrack.ru
f.hglab.ru
f1st.ru
f4club.ru
faberlicbel.ru
fabricaromatic.ru
fabrikagrezkhv.ru
fabrikalidov.ru
failovik.ru
famadar.ru
fanable.ru
fanfancy.ru
fantasticfilm.ucoz.ru
fantazeri-kids.ru
far-east-forum.ru
fastregmsk.ru
fat-intverhb.ru
fathervape.ru
favorit-home.ru
favoritdog.ru
fedorovkarb.ru
fefish.ru
femida51.ru
fengda-rus.ru
fenixcomp.ru
ffaqlits.ru
fiestavpitere.ru
fileone.ru
film-bogi-egipta.ru
film-quest.ru
filmkachat.ru
filmtorrent.ucoz.ru
filo-edu.ru
fin-divan.ru
fin-fin27.ru
fin-fin30.ru
financc.ru
financial-pulse.ru
finbird.ru
finnougr.ru
fit-class.ru
fit-lab.ru
fittgu.ru
flashwm.ru
flowall.ru
fogalit.ru
fokus24.ru
fond-bytdobru.ru
food-recipe.ru
foodbuyexpo.ru
footballnaya-forma-borussiya.ru
fora-cars.ru
foravto64.ru
forcerf.clan.su
forex-for-you.ru
forexrassia.ru
formula-project.ru
formulavkusa23.ru
forum.razumit.ru
foto-porno.ru
fotogu.ru
fotohood.ru
franch-mechta.ru
free-monitoring.ru
freelinux.ru
freeluck.ru
freesafronov.ru
freshsofa.ru
frigatecroup.ru
front-nn.ru
fshupwfq.ru
fsmrussia.ru
fssp-24.ru
fungulix-com.ru
funkorussia.ru
funomania.ru
furbylife.ru
futurevideo.moy.su
gai.3dn.ru
gaidarforum.ru
galaktika-furniture.ru
galaktikaokon.ru
galaxy-films.ru
galaxyflowers.ru
game-woods.ru
gapeeva.ru
gas-lite.ru
gasbottle.ru
gastello63.ru
gayland.ucoz.ru
gbsufa.ru
gcfors.ru
gderabotaem.ru
gds-c.ru
gdz-free.ru
gdzfree.ru
gear16.ru
geekster.ru
geely-noginsk.ru
gel-laki-spb.ru
gemava.ru
genesis76.ru
genteka.ru
geobooking.ru
gepad.ru
gepatitof.ru
germesmagazin.ru
geuaykdy.ru
gigant-hall.ru
gisbiz.ru
gitem.ru
gk-tr.ru
gkb1nsk.ru
glaisbeer.ru
glassbricks.ru
glavmedtorg.ru
gm38.ru
go-to-work.ru
go.tut-hdzo.ru
gogolevsky.ru
gogolevsky12.ru
golfstrimtour.ru
gollandec-fitness.ru
goloka-fest.ru
good-movie.ru
good-voice.ru
goodbyedpi.ru
goodogapp.ru
goodskupka.ru
gordeevopark.ru
gorkyapartamenty.ru
gormgrup.ru
gorod-vlesu.ru
gortehindustry.ru
goruvdom.ru
goryachie-klavishi.ru
goscience.ru
goskomsportrk.ru
gostproject.ru
gpniko.ru
graciebarra.ru
gradremstroy.ru
gradus-go-nn.ru
gradus-go-omsk.ru
gradus-go-voronezh.ru
gradus247-kaliningrad.ru
gradus247-krasnoyarsk.ru
grant-vtbstrana.ru
grazia-mebel.ru
greekstreet.ru
green-tara.ru
greenglory.ru
grillchef73.ru
grillpizza24.ru
gs42.ru
gsk-predgorie.ru
gskair.ru
gtbox.ru
gti-club.ru
guardian-vlg.ru
guideforlive.ru
gusev-school1.ru
gut.novibox.ru
guz-kkdb.ru
gynea.ru
gynocare.ru
gz-pulsar.ru
hairparadise.ru
halfeti.ru
halica.ru
happ.pp.ru
happy-galla.ru
happy-hack.ru
happy-number.ru
happy-vibes.ru
happysmoke.ru
hautec.ru
hd-720.ucoz.ru
hd-video-box.ru
hd.novibox.ru
healthworker.ru
hellaanime.ru
help-registration77.ru
helpdone.ru
helpex24.ru
helpmans.ru
helpset.ru
helpurine.ru
hi-music.ru
him-expert.ru
historymax.ru
hitechtelecom.ru
hitvpn.com.ru
hivlove.ru
hm74.ru
hokal.lilomarket.ru
holidaylights-wedding.ru
home-vg.ru
home-work.su
homofestivus.ru
horalov.ru
hotel-centre.ru
hotel-globus.ru
house-dragon.ru
hoverbotnsk.ru
howtocanada.ru
hpclub.ru
hrlenta.ru
huashen-ekb.ru
hunting-movie.ru
hvosty.ru
i-mi64.ru
i.doramalivec.ru
i04.ru
i1-news.ru
iaamsk.ru
iamgo.ru
iamphotostudio.ru
icdentm.ru
iceclimate32.ru
icolog.ru
ideahouse78.ru
ideal-house.ru
ideal-spa.ru
idivbany.ru
igrosad.ru
igru-lohotronu.ru
igru-s-vuvodom-obman.ru
ikraoptimus.ru
iksh7-ish.ru
il16.ru
im-hotel.ru
imconf.ru
imperia-klimat.ru
imperia-sadovoda.ru
imperiabus.ru
imperial-zoloto.ru
impulskids.ru
imrad.ru
incomewm.ru
indiamed.ru
indianembassy.ru
indiebox.ru
indivigo.ru
ineximgroup.ru
infernosolutions.ru
infk-insurance.ru
info-bestlife.ru
info-mag.ru
infodomain.ru
infohome-altai.ru
infontr.ru
ini21.ru
inotomsk.ru
inroomika.ru
inspacefilm.ru
inspiredc.ru
inster39.ru
instuff.ru
interiorelit.ru
intertraditionale.forum24.ru
invitedigital.ru
inviz-vpn.ru
ioanidis.ru
iotzyv.ru
ipadis.ru
irato.ru
irkmedsprawka.ru
irongamer.ucoz.ru
ironway.ru
isrg-pensia.ru
istok23.ru
istorex.ru
istrebytel-demonov-animego.ru
italicon.ru
itanomed.ru
itrealestate.ru
itvertex.ru
ivanovo.forum24.ru
japanisgood.ru
jaruga.ru
jazzrussia.ru
jbauto.ru
jeanstorg.ru
jftqrihk.ru
jivoeremeslo.ru
jjurnal.ru
jobcons.ru
johndonne.ru
jurnalonlain.ru
jurserver.ru
jw-noblood.ucoz.ru
jxanknzj.ru
k-39.ru
kabinetinfo.ru
kabluchini.ru
kadgrad.ru
kaiser-company.ru
kalitka-fest.ru
kalyan4-you.ru
kameranabludenia.ru
kanz68.ru
kara.su
karatussur.ru
karaulova-pr.ru
karta-kadastr.ru
kartagto.ru
katedergunova.ru
kawaii-sushi.ru
kazan-avtoservis.ru
kazan.siss.ru
kazanwomen.ru
kbserpuhov.ru
kczagorie.ru
kdm06.ru
kedrovyterem.ru
kemdep.ru
kemerovo-balkon.ru
kemerovohleb.ru
kemerovonews.ru
kengucity.ru
kenyantea.ru
keramoplast.ru
kg-elektronik.ru
kgtaxi.ru
kidstraveltrend.ru
kilithg.ru
killer666satana.clan.su
killeranimal.ru
kinaero.ru
kintop.ucoz.ru
kiprskiydom.ru
kirkazan.ru
kirzhach-crb.ru
kissuz.ru
kizilyurt-rn.ru
klebstoffe.ru
klevorest.ru
klimat-clean.ru
klimat-ru.ru
km-40.ru
kolyaska-for-you.ru
komfort-lines.ru
kommexstroy.ru
kopimania.ru
korka-dok.okis.ru
korka-spets.okis.ru
korka-zzz.okis.ru
korogka-24.okis.ru
korpus64.ru
kortex-m.ru
korvet174.ru
kosilova.ru
kovcheg.apeha.ru
kozma-petrov.ru
kpk-narodniy.ru
kprf79.ru
krasavushka.ru
krasferret.ru
krassnova.ru
krepkiy-oreshek-film.ru
kresla-stulya.ru
kristall-med.ru
krolunion.ru
krylia.ru
ktzubov.ru
kubik-rubik-centr.ru
kuevroman.ru
kuhnisite.ru
kujbyshevo.ru
kulawr.ru
kuntsevo-baic.ru
kuntsevo-kaiyi.ru
kuplu-avto.spb.ru
kupro.ru
kureyka.ru
kurochkasnami.ru
kursk-sosh43.ru
kursn.ru
kush-amp-kuhnitroick.ru
kush-amp-linxma.ru
kush-amp-pk-vmeste.ru
kush-amp-royalspirit.ru
kush-amp-villa-pasta-rest.ru
kushavel.ru
kutuzov24.ru
kuzbassphoto.ru
kuzexport.ru
kuzovremont23.ru
kuzpress.ru
kvartal-uk.ru
kvartirniivopros.ru
kvezalclub.ru
kvturist.ru
kyivstar.ru
kyokushin-karate-kolomna.ru
kznportal.ru
la-marca.ru
la2izi.ru
labomedrussia.ru
labtarot.ru
ladatranslation.ru
lajome.ru
larabesenkovich.ru
largeparrot.ru
laser-ch.ru
laserspro.ru
laserta-shop.ru
latinskyikvartal.ru
lavka-palomnika.ru
lavrovanail.ru
lawbk.ru
lazer-beauty.ru
lazerlada.ru
lazza.ru
ldpr-tube.ru
leadsfera.ru
lebedevlegal.ru
lechebnye-rastenija.ru
lecheniesustava.ru
led-pixel.ru
leetek.ru
legaladdress.ru
legion-motors.ru
lekar74.ru
lekitour.ru
lelang.su
leningradskaya-oblast.filo-edu.ru
lenschool2.ru
lenstroy-spb.ru
lerafrolova.ru
lespolina.ru
lesson.1gb.ru
letitbit-film.my1.ru
letopluse-kaiyi.ru
levelenergy.ru
lib1.ru
life-movie.ru
life78.ru
lifestylelabel.ru
lightstore24.ru
like2you.ru
likereal.ru
lilomarket.ru
lindorsbook.ru
linevskaya.ru
linkfinest.ru
liongatemoscow.ru
lip5.ru
litamarket.ru
littlefrance.ru
littlehome.ru
liu-beauty.ru
live4food.ru
livesleep.ru
livingstonsochi.ru
lixn.ru
lkbusiness-solutions.ru
llmedia.ru
lmprb.ru
load.fb2rubooks.ru
loadka.ru
localferma.ru
lodka-doki.okis.ru
loftbararchive.ru
lomer-it.ru
losinopetrovsk.ucoz.ru
lotusfresh.ru
love101.ru
lovejpg.ru
lovestorys.ru
lpwa.ru
ltank.ru
luch-ekb.ru
luchshayaferma.ru
ludirosta.ru
luminofor-kzn.ru
luxe-host.ru
lwcshop.ru
m-812.ru
m-rostov.ru
m.daclatasvir-sofosbuvir4.ru
m7a.ru
macmix.ru
magazin-sizo.ru
magicheskaya-bittva-animego.ru
magnat59.ru
mailhandler.ru
mailpatrol.ru
malover.ru
mamatyumen.ru
mamontenok-shop.ru
mangamammy.ru
mangazavr.ru
maniton.ru
maopb.ru
marikino.ru
mariyakochkina.ru
market-china.ru
market.mega8.ru
marketug.ru
marlaviq.ru
master4.ru
masterbinary.ru
mastergradperm.ru
masterzaim.ru
maturgadget-centr.ru
mautomobile.ru
maxi-rolls.ru
maxweeg.ru
mazalov.ru
mazdar.ru
mazsz.ru
mb-ex.ru
mblogm.ru
mbs31.ru
mbstretching.ru
mc-rodina.ru
mchsrf.ru
mdou22-raduga.ru
mdrvdesign.ru
mdtpro.ru
med-999.ru
med-and-service.ru
med-i-service.ru
med-krasnodar.ru
med-plus-78.ru
med-prosto.ru
med-recipe.ru
med-spirt.ru
medcenterpenza.ru
medcentrkrasnodar.ru
medcollegekzn.ru
medideal.ru
mednsvipshop.ooorf.ru
medprof-nsk.ru
medspirtshop.ru
medtestpro.ru
megabit-s.ru
mehovoi-portal.ru
mel-spb.ru
mercury-global.ru
meropriyatiabdd.ru
metal-nn.ru
metalloiskateli-artem.ru
metalmuz.ru
meteovostok.ru
meter-gaz4.ru
metin2wiki.ru
metrikastroy.ru
mexart.ru
mfa-rso.su
mgtimes.ru
mia-master.ru
mikele-loconte.ru
mikhaillermontov.ru
milawedding.ru
millionka.ru
minecraft-rocket.ru
minigolfkmv.ru
mintrans.spb.ru
minuskg.ru
mipoprun.ru
mir-plintusa.ru
mirdrov73.ru
mirskupki.ru
mishkipark.ru
missbliss.ru
misstufelka.ru
misterhall.ru
mixfile.ucoz.ru
mixkino.ru
mkd64.ru
mkf-denta.ru
mlconsulting.ru
mmodnaya.ru
mnogo-myaso.ru
mnogobook.ru
mo-valdivatskoe.ru
mobilariuz.ru
mobiledevice.ru
mobileskatepark.ru
mobilkoy.ru
mobzvonok.ru
modelistov.ru
modern-vdk.ru
modnoikrasivo.ru
modsandroid.ru
modularis-drive.ru
moimolitvy.ru
moizakazi.ru
molot96.ru
mon-vso.ru
monster-hack.3dn.ru
moo-edinstvo.ru
more-english.ru
morec.ru
morestekla59.ru
mosagro38.ru
moscowchurch.ru
mosgm.ru
mosk-checks.ru
mospik.ru
mosreductor.ru
mossmania.ru
moto-arena.ru
motochapter.ru
motor-amp-hodyachka.ru
motor-amp-kkmotors.ru
motor-amp-motorika.ru
motor-amp-motorvag.ru
motor-amp-rsmotors.ru
motorika.su
motoroil.su
mou6.ru
mousearth.ru
movie.net.ru
moyaindia.ru
mp3knigi.ru
mp3life.my1.ru
mp3pulse.3dn.ru
mp3tamerlan.ucoz.ru
mp3zvuk.moy.su
mpekar.ru
mprw.ru
mpzavangard.ru
mr-chocoladoff.ru
mr-laser.ru
mr-white.ru
mrk-podshipnik.ru
msaba.ru
msc-checks.ru
msgforum.ru
msk-perila-group.ru
msk-reg27.ru
msk-reg37.ru
msk-reg47.ru
msk-reg67.ru
mskhiladze-advokat.ru
msnpk.ru
mukomol-nn.ru
mulatas.ru
musical-encyclopedia.ru
musicdose.ru
muslimka.ru
muspub.ru
musto-poul.ru
muzamba.ru
muzland.ru
muzobr.ru
muzobzor.ru
muzonmarket.ru
mvdrus.ru
my-book.ucoz.ru
my-bt.ru
mybinova.ru
mychaturbate.ru
mykaluga.ru
mynewsmile.ru
myrmex4.ru
mysi5.ucoz.ru
myvideoland.ru
mzorina.ru
nabat24.ru
nahimovka.ru
naikborzov.ru
najoj.lilomarket.ru
naks-dok.okis.ru
nalognds.1c-umi.ru
nalogz.ru
narcologtlt.ru
nasennikov.ru
nashi-corgi.ru
navigatorcorp.ru
nazcar.ru
nchkz.ru
ndc-motors.ru
ne-rabotaet-youtube.ru
neiro-mir.ru
neirokod.ru
nenatv.ru
neo-magnets.ru
neoklasmod.ru
neon-zeon.ru
netprizyvu.ru
newmvin.3dn.ru
newretro11.ru
newretro12.ru
newretro14.ru
newretro16.ru
newretro18.ru
newsbizlife.ru
newscs.ru
newvek-nn.ru
nexa4yxa.3dn.ru
nikcity.ru
nikiforovevent.ru
nikolskaya-art.ru
nikse.ru
nilovka.ru
nooneleftbehind.ru
nosimkarapuza.ru
novaya-riga.moscow
novden-gazeta.ru
novibox.ru
novinkino.ru
novmama.ru
novmed-dental.ru
novobrick.ru
novorosinfo.ru
novosel35.ru
novospassky.ru
novostroyka12.ru
npkrekod.ru
npovalentina.ru
npssyanao.ru
nschool5.ru
nt-vikariatstvo.ru
ntk-tver.ru
ntko-mebel.ru
nts-lib.ru
nuclear.ru
nvkonline.ru
nvsaransk.ru
nw-media.ru
nwmc.ru
nyssa.ru
o-z-p.ru
o-zab.ru
obhod-blokirovki-youtube.ru
oboikashira.ru
obs38.ru
obyavlenie.ru
odiszapc.ru
odywan.ru
off-limits.ru
officemart64.ru
ogorshkov.ru
ohotnik-x-ohotniik-animego.ru
ohranaru.ru
ok-courses.ru
ok-mir.ru
ok-pc.ru
okna-alieparusa.ru
okna-domus.ru
okna-okno.ru
okna-tk.ru
oldguns.ru
olga-andriash.ru
ollibeauty.ru
ombudsment.ru
omgroup24.ru
omsk-zdrav.ru
omsk.esnp24.ru
omspolisy.ru
onara.ru
oncotech.ru
one-cok.ru
onix-vpn.ru
onyxmatilkin.ru
oooden.ru
oooenergia.ru
openprofession.ru
opkam.ru
opvoskresensk.ru
ordent.ru
orenmc.ru
orenrabota56.ru
organic-as.ru
orgsp.ru
orgtehnika-service.ru
orient-rus.ru
orientstyle.ru
ortomag1.ru
osmartwatch.ru
osmorodine.ru
osoboe-mesto.ru
othercakes.ru
otrisovkadocumentov.ru
ottisk-irk.ru
oukitel-recovery.ru
out-board.ru
overwiki.ru
ovistroy.ru
oxygenair.ru
oz9.ru
ozbu.ru
oznakah.ru
oztop.ru
p-english.ru
p-svs.su
palantins.ru
palatki-optom.ru
palmiraplus.ru
panovaolga.ru
panteon39.ru
paraskewa.ru
paratennisrf.ru
parem.lilomarket.ru
parfbook.ru
parfyumeria-optom.ru
park17.ru
parking-koltsovo.ru
parmix.ru
parsing-saitov.ru
partalatorrent.3dn.ru
pasportrf.ru
patrikidaily.ru
pavlovskppk.ru
pazon.ru
pc-kurs.ru
pchela-smerti.ru
pchelka-clin.ru
pcvector.ru
peacemaker-series.ru
peak-lab.ru
peregorodki-ofisnye.ru
perekup.ru
perevodika.ru
perimetor.ru
pervaya-lubov-animego.ru
petersburg-docs.ru
petro812.ru
petsguide.ru
photofiesta.ru
php.su
pifagor-design.ru
pilipro.ru
pilotfestival.ru
piondelivery.ru
pionstudio-nails.ru
pkamsg.ru
plame.ru
planetakatalog.ucoz.ru
plansada.ru
plastwells.ru
plitka-po-karmanu.ru
plitka-work.ru
pnevmo61.ru
pnkbel.ru
po-pogode.ru
pocketoption.ru
podamus-promocode.ru
podarki-dlya-doma.ru
podarok-idei.ru
podarokzaim.ru
podnyatie-urovnya-v-odinochky-animego.ru
podolsk-drink.moy.su
podolsk-pivo.moy.su
podolskskorohody.ru
podpisany.ru
podss.evosell.ru
podvorye-nsk.ru
pojaranet.ru
pokatili.ru
pokkkerdommm283f.ru
pokupaem-preparaty.ru
polbza.ucoz.ru
poliglot-yazykovoj-tsentr.ru
politekonomika.ucoz.ru
politryk.ru
polkilo-ufa.ru
polkirpicha.ru
polza-digital.ru
pomorlogistic.ru
pomorprokat.ru
pomors-way.ru
porebru.ru
pornozad.ru
portal.nov.ru
portugalno.ru
poselki-man.ru
posol.ucoz.ru
postgnome.ru
potok-rem.ru
potolkiemiss.ru
potolok-clipso.ru
poverkamiass.ru
powerhitradio.ru
ppazip.ru
ppersonal.ru
ppg-mod.ru
ppokeerdom-amp3m3.ru
ppz-khv.ru
pragatrips.ru
prav-status.ru
pravoslavniy-mayak.ru
pravoup.ru
pred-log.ru
premier-plaza.ru
press-cards.ru
prettymp3.ru
prezent-spb.ru
prizma-stom.ru
pro-mir.ru
pro-tomaty.ru
pro-uslugi.ru
pro.novibox.ru
probkoscope.ru
procuror-osetia.ru
production-line.ru
proektmagnit.ru
proff03.ru
profmedosmotry.ru
profraboty.ru
progite.ru
programart.ru
progruming.ru
prokostum.moy.su
prokuror-tula.ru
prom-pokraska.ru
prometey82.ru
promlebedka.ru
promptbase.ru
proneobux.ru
prookna.ucoz.ru
proplitki.ru
prosstudio.ru
prostiralki.ru
prostyleadviser.ru
prosudexpert.ru
protect.anti-bots.ru
providosiki.ru
proyavisdance.ru
prudbros.ru
psihologiya-otnosheniy.ru
pskov-zoo.ru
psycha.ru
psyural.ru
ptsmani.ru
pu33.ru
pujur.ru
puremax.ru
py4ki.3dn.ru
pydocs.ru
pylt.mya5.ru
pzhrt.ru
qptop.ru
qq-new.ru
qr3.ru
queen4u.ru
quest-auto.ru
qzzb.ru
r-bistro.ru
r207rrc.ru
ra-kurs.ru
ra-zoom.ru
rabota-v-ceti.ru
radio-fresh.ru
radiosvod.ru
raduga-70.ru
radugaznaniy64.ru
rafond.ru
ralavada.ru
raon.ucoz.ru
rasyanherb.ru
razbor-tsm.ru
razvlekun.ru
rbcommunity.ru
rbcpromo.ru
rbkcard.ru
rc-vologda.ru
rcd.online-generilk.ru
rci74.ru
realdengi.ru
realtychoice.ru
recastavto.ru
recoverleather.ru
redaleti-studio.ru
redlabs.ru
refreshyourtech.ru
reg-garant.ru
reg-moskva.ru
reg-moskva377.ru
reg-moskva477.ru
reg-moskva577.ru
reg-moskva77.ru
reg-vr.ru
rehab-omsk.ru
release.su
religiamira.ru
relsy-relsy-shpaly-shpaly-salon.ru
remcomphelp.ru
remesloizba.ru
remhol-chelny.ru
remhol-ufa.ru
remont-ekaterinburg-service.ru
remont-okon-nn.ru
remont-ot-zheni.ru
remont-pylesosa.ru
remontkvartirvsankt-peterburge.ru
remtehspec.ru
renault-novgorod.ru
rentalcardominicana.ru
rentforce.ru
reo-print.ru
repetutor.ru
repnikov-house.ru
restoran-astoriya.ru
restoran-prichal.ru
retroom.ru
reustauransever.ru
reversecom.ru
revine.ru
revolveclothing.ru
rf-lg.ru
rg-mechanics.3dn.ru
rgdom.ru
rgups23.ru
ria-news.ru
ribamorie.ru
rifsilver.ru
rikudou.ru
rio-3d.ru
rio-motors.ru
riomag.ru
risingbyte.ru
ritminfo.ru
ritmosfera.ru
river-studio.ru
rkm-donbass.ru
rko-service.ru
rm-moto.ru
rnbee.ru
rnd.ru
roboskart.ru
roccoclub.ru
rolling-pizza.ru
romanvega.ru
rondell-group.ru
rooflife.ru
rosinka19.ru
rostest24.ru
rostov-imperia.ru
rotarytramplin.ru
rpbri.ru
rpl-online.my1.ru
rsm-perm59.ru
rsokna.ru
rstorona.ru
rsz35.ru
ru-binarium.ru
rubusd.ru
rulife.ru
rulutek-store.ru
rus-fit.ru
rusalco247-chelni.ru
ruscustomsinform.ru
ruskaluga.ru
rusmoker.ru
rusplt.ru
rusrealart.ru
russan.ru
russiandesignhub.ru
russianunesco.ru
rutimber.ru
ruzainfo.ru
rybalka-na-volge.ru
rzhom.ru
s-natali.ru
s-tos.ru
sacral-altai.ru
sad4-karpinsk.ru
sadovaya53.ru
safarirf.ru
safe-web.ru
safranna.ru
sahar142.ru
sait-knigi.ru
sakhmidicom.ru
sakiz.ru
saladpokebar.ru
salavat.unibo.ru
salemedal.ru
saleppu.ru
sales-search.ru
salgir.su
samsunglcd.ru
sanatory-uzbekistan-kislovodsk.ru
sanitum.ru
santehnika-service.ru
santehstatus.ru
saomotors.ru
saratov.poletparaplan.ru
saratow.sarhotpopki.ru
sariolla.ru
sat-kaluga.ru
save4k.ru
save4k.su
sayanytuva.ru
sb-promcentr.ru
sberkom.ru
sborniy-gruz.ru
scandicon.ru
school8-vologda.ru
schoolturginovo.ru
schweiztour.ru
scool29.ucoz.ru
scrapheap.ucoz.ru
seafood-russia.ru
secool.ru
sekretar-info.ru
semianich.ru
seo-elita.ru
seo2ch.ru
seomy.ru
sergey-volkov.ru
sergiev-posad.ru
serlair.ru
service-center-asusremont.ru
service-medi.ru
servicecentermsi.ru
servis-medi.ru
sevastopol-detox.ru
sevastopol-forum.ru
sever-trast.ucoz.ru
severka-ural.ru
sevia.ru
sew-lab.ru
sex-news.ru
sex-pics.ru
sexi-model.ru
sg-expert.ru
sharikinadom.ru
sharingcard.ru
sheben-msk.ru
shedevrs.ru
sherwood54.ru
shieldproject.ru
shifaurman.ru
shikanaclub.ru
shipcity.ru
shkurenkogroup.ru
shmel-service.ru
shnot.ru
shophustle.ru
shopstartup.ru
showtamtam.ru
shpilkashop.ru
shukinec.ru
shushbor.ru
shvsmrk.ru
sibinko.ru
sibirhouses.ru
sibirskoebogatstvo.ru
sibrehab.ru
sila-rechi.ru
silaslovo.ru
silkroadjourneys.ru
silovoytransformator.ru
sim-box.ru
simmonsru.ru
simonaland.ru
sinicaxo.ru
sintegration.ru
sisoftgroup.ru
site-pocket-option.ru
sitelance.ru
sitereferatov.ru
sk-domv.ru
skdiamant.ru
sknextgen.ru
skole31.ru
skolkozarabatyvaet.ru
skompleks.ru
skon-nsk.ru
skupix.ru
sky-cloud.ru
slovolom.ru
smartmedico.ru
smartphonoff.ru
smartprokat22.ru
sme-russia.ru
smet.su
smm-project.ru
smm-team.ru
smmaward.ru
smmb2b.ru
smmoffice.ru
smoke-tab.ru
smol-art.ru
sneakerfreakermagazine.ru
snitsa.ru
snow-media.ru
snr.clan.su
sntpobeda.ru
sobtphoto.ru
soccer-arena.ru
soccerfame.ru
soft-crimea.ru
softcomputing.ru
sokmusic.ru
solidarnosti21-2.ru
solidworker.ru
sollargroup.ru
solnsad.ru
somniya.ru
songme.ru
sorobr6.ru
sos13.ru
sosenskoe-omsu.ru
southsurvey.ru
sovetamur.ru
soyuz-avtoshkol.ru
spamaniya.ru
sparkling-ideas.ru
spb-kt-mrt.ru
spb-registratsia58.ru
spb-registratsija178.ru
spb-registratsija278.ru
spb-registratsija378.ru
spb-registratsija78.ru
spb-vyvoz.ru
spb.rope-jumper.ru
spbnaslednik.ru
speakeasy-nsk.ru
spektr46.ru
spets-24-dok.okis.ru
spets-324.okis.ru
spets-dok.okis.ru
spets-ooo-7.okis.ru
spets-prav.okis.ru
spets-ru.okis.ru
spets-xz.okis.ru
spokblog.ru
sport-list.ru
sport-suspension.ru
sprosiservis.ru
sputnik.kinm.ru
spvsamare.ru
sq-nasos.ru
srubimillion.ru
ssvetlichnaya.ru
st-catering.ru
st-ver.ru
st42.ru
stdst.ru
steffnomidi.ru
stellamebel.ru
stepstoschool.ru
sti-avto.ru
stihivir.ru
stihmarket.ru
stillag.ru
stivenson.ru
stixishok.ru
stomaget.ru
stomp3.ru
stonebridgeagency.ru
storiesteacher.ru
storm-print.ru
strazhnikov.ru
streetm.ru
strelec.ucoz.ru
strike65.ru
stroganniy.moscow
stroi-smesi.ru
stroikatyt.ru
stroisertifikat.ru
stroy-np.ru
stroyka-magazine.ru
stroyproektspb.ru
studio-rgb.ru
stvor-nsk.ru
su75.ru
success-travel.ru
sugdak.ru
suharevskiy.ru
suncitynk.ru
supkzn.ru
sushi-mushi.ru
sushka-pro.ru
sv-stil.ru
svarka-sss.okis.ru
svcar.ru
svetnik.ru
svetteam.ru
svofond.ru
sxteh.ru
syamozero.ru
systemsauto.ru
szgi.ru
t2-soft.ru
tabac-master.ru
tabachka24.ru
tabachniray.ru
taiyo-vostok.ru
takedrive.ru
taksi-forsazh.ru
talovka-school.ru
tamadabook.ru
taobaorussian.ru
tara-eparhiya.ru
tatmvl.ru
tatshowbaby.ru
tazovod.ru
td-fipron.ru
tdarbat.ru
tdross.ru
teberda-school1.ru
tech.ru
techtravel.ru
teenbay.ru
tehno72.ru
tehnosadov.ru
tehosmotrekb.ru
tehprog.ru
tek100.ru
tekstovoi.ru
telecards.ru
telega-blog.ru
temapack.ru
teplostar-auto.ru
terdeti.ru
tereshka.ru
terramara.ru
territoriya-cafe.ru
textil-stolitsa.ru
tgpush.ru
thaichokdee.ru
the-fund.ru
thestand.ru
thrones-online.su
tigonpro.ru
tikvpn.ru
timrom.ru
tjchajmx.ru
tkanimira-rzn.ru
tkdtat.ru
tkzhd.ru
tm138.ru
tmgroup.su
tmn.indi-shop.ru
to-prosto.okis.ru
to-school.ru
tobacco82.ru
tobtp.ru
tok-store.ru
tokyotula.ru
tomatych.ru
tomi4.ru
tomsk.rozaflowers.ru
tomskjs.ru
tomskmaslo.ru
toolsvega.ru
top.doramalivec.ru
toppozdravleniya.ru
topstirka.ru
topvoin.ru
torgshop21.ru
torgtut.ru
torrent-gamens.ucoz.ru
torrent-update.3dn.ru
torrentik.3dn.ru
torrentis.3dn.ru
torrents-games.ucoz.ru
tortugacorp.ru
tour40.ru
toys-boutique.ru
trafficgu.ru
traktor-24.ru
tramalretard.okis.ru
translation-service.ru
trash-bag.ru
trattoriacafe.ru
travelclubonline.ru
trial-auto.ru
trikop.ru
trk-alrosa.ru
trushkov-advokat.ru
trv-science.ru
ts-koncert.ru
tsgc.ru
ttmodd.ru
tualetnaya-bumaga.ru
turcomfort.ru
turkeytextile.ru
turkkino.ru
turservisnews.ru
tut-mp3.3dn.ru
tut-prokrastinaciya.ru
tutor-lang.ru
tv.novibox.ru
tv537.ru
tvoydom62.ru
tvsmena.ru
tvtvtv.ucoz.ru
tvvse.my1.ru
tym.topsmi.ru
tzharov.ru
u-tune.ru
ubsp.ru
ubuntism.ru
ufa-master.ru
ufaznak.ru
ufo-forum.ru
uk-apella.ru
uk-dubna.ru
ukauk.ru
ul-fish.ru
ulitkino.ru
ulnmedsprawka.ru
ulyba.ru
umdi.ru
umkran.ru
undori.ru
unepa.ru
unicumvrn.ru
unikon-lab.ru
unimoscow.ru
unior-med.ru
upala-moneta.ru
uralfactory.ru
uralfoil.ru
urallabforum.ru
uralspecmash-td.ru
urban3p.ru
urinesynthetic.ru
uristcomp.ru
urright.ru
usabilist.ru
ust-ugan.ru
utngroup.ru
uventa.okis.ru
uvisator.ru
v-context.ru
v2rayrun.ru
v2rayttun.ru
v2rayun.ru
vagranka.ru
valeriasidorova.ru
valerie-35.ru
vamblank.ru
vapermen.ru
variant-zvd.ru
vash-gid-v-bavarii.ru
vash-sad.my1.ru
vashtalant.ru
vdom.moscow
vek-karkasa.ru
veksfp.ru
velikiy-pushkin.ru
velo-moto56.ru
vent-vozduh.ru
veraametina.ru
verdiyalta.ru
vernisage73.ru
versten.ru
vertikal-pechatniki.ru
vesnakids.ru
veteranrostovdon.ru
veteranvtu.ru
vetka-museum.ru
vgai24.ru
viagra39.okis.ru
vibedesign.ru
vida4ok.ucoz.ru
video.rufox.ru
video35.ru
videolink-sb.ru
vido-hd.novibox.ru
viewcinema.ru
villa-chaika.ru
villalime.ru
villaonsamui.ru
vilmru.ru
vinyl-on.ru
virginiastation.ru
visa-vasha.ru
visavasha.ru
vitolife.ru
vivalima.ru
vk-public.ru
vkcheck.ru
vkfull.ru
vkusnoperm.ru
vl-klimat.ru
vladimirgyngazov.ru
vladimirpainting.ru
vmeste76.ru
vneshmarket.ru
vocalspace.ru
vocnt.ru
voda-sarova.ru
voda17.ru
vodavend.ru
vodochkin.ru
voenbilet.narod.ru
voenkomoff.ru
volchica-i-pryanosty-animego.ru
volchitsa-i-pryanosty-animego.ru
volnistyipopugai.ru
volonter-oksu.ru
vominzdrav.ru
vorontsov-fit.ru
vosparim.3dn.ru
vov-art-stroy.ru
vozdvizhenka-centr.ru
vpn4telegram.ru
vpn4whatsapp.ru
vpnsafe.ru
vpnturkey.ru
vpsworld.ru
vrm-48.ru
vsvoedelo.ru
vtb24-onlin.ru
vtorplastpro.ru
vyazunchic.ru
wabby.ru
wake-league.ru
wargamingalliance.ru
wasabi-shop.ru
watch-online-hd.3dn.ru
wcomega.ru
wcontext.ru
web-present.ru
web.f3zone.ru
webfactura.ru
webgamer.ru
webkin.ru
webklik.ru
webstandardsdays.ru
wellicandom.ru
wfilms.moy.su
white-lily.ru
wiki.hightgames.ru
wildseller.ru
wokker-tmn.ru
wooddes.ru
wooinfo.ru
wpets.ru
wpurussia.ru
www.4italka.ru
www.agentstvosv.ru
www.agsvyazi.ru
www.allsoccer.ru
www.alva-ural.ru
www.ambamadagascar.ru
www.amdm.ru
www.anilibriatop.ru
www.aquasub.ru
www.arttest.ru
www.asorin.ru
www.auditorium.ru
www.autodemp.ru
www.belcol.ru
www.boomtv.ru
www.burgermeister.ru
www.champagnepro.ru
www.cigar-smoker.ru
www.cnc-club.ru
www.cpros.ru
www.cspizmailovo.ru
www.cubevape.ru
www.den-star.ru
www.dereviasha.ru
www.discountbaby63.ru
www.djbook.ru
www.dk-metallurg.ru
www.eko-village.ru
www.elesmoker.ru
www.ex-tv.ru
www.ezobox.ru
www.forsazh-sto.ru
www.funnytavern.ru
www.funomania.ru
www.gdz-free.ru
www.gigant-hall.ru
www.gis42.ru
www.gizmonews.ru
www.gomuzyk.ru
www.guinness-records.ru
www.holove.ru
www.iris-nn.ru
www.istorex.ru
www.izmedic.ru
www.kazak-teatr.ru
www.knigamp3.ru
www.krylia.ru
www.llumar-s.ru
www.loft161.ru
www.lovach.ru
www.ludirosta.ru
www.malgb.ru
www.megalitvint.ru
www.merchclub.ru
www.mes-market.ru
www.mfa-rso.su
www.miheevo-adm.ru
www.mnogobook.ru
www.mobzvonok.ru
www.moschat.ru
www.motoforum.ru
www.mp3bass.ru
www.mt-center.ru
www.multimenu.ru
www.muslimka.ru
www.muzland.ru
www.myprice74.ru
www.oaotmz.ru
www.only-bike.ru
www.orthomama.ru
www.perekup.ru
www.planeta-nsk.ru
www.pokrovckoe.ru
www.proglaza.ru
www.prokuror-tula.ru
www.pussy-cat-hotel.ru
www.radiolamps.ru
www.rateru.ru
www.reallook.ru
www.refreshyourtech.ru
www.revolveclothing.ru
www.rodi.ru
www.rootelecom.ru
www.rumos-kia.ru
www.russianunesco.ru
www.scomfort.ru
www.sdmpress.ru
www.sentia.ru
www.shegadm.ru
www.socioforum.su
www.sovietposters.ru
www.spbstu-eng.ru
www.stanleyrus.ru
www.startup-altai.ru
www.stereotraker.ru
www.stroybaza-kmv.ru
www.svidaniesrossiev.ru
www.taxi-ultra.ru
www.td-mdm.ru
www.teatr-elf.ru
www.teros63.ru
www.topreading.ru
www.trial-auto.ru
www.tvair.ru
www.uk-apella.ru
www.utngroup.ru
www.viknano.ru
www.vkstoi.ru
www.vsport-tv.ru
www.xn--90aau9bec.xn--p1ai
www.xn--d1abqqgea.xn--p1ai
www.yarp-online.ru
www.zavodritm.ru
www.zhuk-book.ru
www.zkhpro.ru
x-bicycle.ru
x10meetup.ru
xgew.ru
xgscore.ru
xn-----6kca3bkkcro0ait3o.xn--p1ai
xn-----6kcaac7alcojg8b4algy5gwdo.xn--p1ai
xn-----6kccad2amecpru7a1dzh.xn--p1ai
xn-----6kccgc6bbalvqdfk0h9a2gra.xn--p1ai
xn-----6kccicvcusmceoldf9ayj10a.xn--p1ai
xn-----6kcdczrcrweih3dxdte4a.xn--p1ai
xn-----6kcj5ahllhg7bca2lwb.xn--p1ai
xn-----6kcrbgsmjrn3bno1exe6a.xn--p1ai
xn-----7kcabkbsb4cbdfmfegrfccd1ai0akjei13a.xn--p1ai
xn-----7kcadhcqbxnbzdmvgmdib1ad8afe9h1m.xn--p1ai
xn-----7kcebb3chmlfmfflulx4m4a.xn--p1ai
xn-----8kcagqynk2avt1b4g4b.xn--p1ai
xn-----8kch1abamcdvyfeovhp9fre.xn--p1ai
xn-----blcocckfchj6adhr6afj5br.xn--p1ai
xn----1-6cdsceyji0feh.xn--p1ai
xn----157-4ve8czbqe.xn--p1ai
xn----27-53d0c9aoe.xn--p1ai
xn----327-4ve8czbqe.xn--p1ai
xn----707-4ve8czbqe.xn--p1ai
xn----708-4ve8czbqe.xn--p1ai
xn----728-4ve8czbqe.xn--p1ai
xn----738-4ve8czbqe.xn--p1ai
xn----748-4ve8czbqe.xn--p1ai
xn----77-53d0c9aoe.xn--p1ai
xn----778-4ve8czbqe.xn--p1ai
xn----782-4ve8czbqe.xn--p1ai
xn----792-4ve8czbqe.xn--p1ai
xn----7sba7agpnbgra6h.xn--p1ai
xn----7sbaa3bkkbb7aezde9p.xn--p1ai
xn----7sbaabakxwweigw9a2a3h3g.xn--p1ai
xn----7sbaaby2bkezjije0k2b3b.xn--p1ai
xn----7sbaba2cfwdd6bza.xn--p1ai
xn----7sbabhdjma9b4b1bk.xn--p1ai
xn----7sbalh5aeee3ab7c6b5d.xn--p1ai
xn----7sbalvgbplpb0b0b6d.xn--p1ai
xn----7sbario5ddbegf2n.xn--p1ai
xn----7sbb4aandjwsmn3a8g6b.xn--p1ai
xn----7sbb5abaicbfoanhe6frcva.xn--p1ai
xn----7sbbaazuatxpyidedi7gqh.xn--p1ai
xn----7sbbagfd5bmpxdb0a4j.xn--p1ai
xn----7sbbg0aehdnpftn3nna.xn--p1ai
xn----7sbbgr1ceume4a.xn--p1ai
xn----7sbbhc6dhccajjyf.xn--p1ai
xn----7sbbhmolgccf8aj2e.xn--p1ai
xn----7sbbjbghkd5bomhf1a0b4l.xn--p1ai
xn----7sbbklaohq4cgghdsh.xn--p1ai
xn----7sbbklsjofbwy6a7c.xn--p1ai
xn----7sbblalas3cgbzmqckcv.xn--p1ai
xn----7sbbowaamdhhra.xn--p1ai
xn----7sbbsodje2ceg1d.xn--p1ai
xn----7sbbvubm3dj0i.xn--p1ai
xn----7sbcga8bdxegbp0bi.xn--p1ai
xn----7sbecb7abcbog5aifbxmoecbw.xn--p1ai
xn----7sbeiiq1agfiwd2ak7a.xn--p1ai
xn----7sbfophekqcpt.xn--p1ai
xn----7sbgaotba8amdismejk.xn--p1ai
xn----7sbgjfran1adece4as5e.xn--p1ai
xn----7sbhhcer4cdotco3c2d.xn--p1ai
xn----7sbhla6bdaiftt4a.xn--p1ai
xn----7sbteebiixd2i.xn--p1ai
xn----7sbzijbbmbfldn.xn--p1ai
xn----8sbabpuezqhadoh.xn--p1ai
xn----8sbabuaqmjm7bk.xn--p1ai
xn----8sbaila5b2alfefhj8c.xn--p1ai
xn----8sbajfbhc4aj2ancacuikk3ae.xn--p1ai
xn----8sbanhthcdb4bxcgdhaj2h.xn--p1ai
xn----8sbbgddl1fsbzas.xn--p1ai
xn----8sbecmnepftxqlq8k.xn--80adxhks
xn----8sbfdefa7b3abccaecbclcdlzn2b.xn--p1ai
xn----8sbkbfpnmuef4cxdtf.xn--p1ai
xn----8sbp0cbcaed7b6c.xn--p1ai
xn----8sbplhujbpabbsb.xn--p1ai
xn----8sbq3acepfb.xn--p1ai
xn----8sbwahk2bjf.xn--p1ai
xn----913-4ve8czbqe.xn--p1ai
xn----918-4ve8czbqe.xn--p1ai
xn----9sbb0acid5e5e.xn--p1ai
xn----9sblbqlfep3dwa4f.xn--p1ai
xn----btbborngndxmk0k.xn--p1ai
xn----btbdl6bbdbjpl5f.xn--p1ai
xn----btbkvf0abhbsf.xn--p1ai
xn----ctbbk0camjfe.xn--p1ai
xn----ctbbmmanvch4av7k.xn--p1ai
xn----ctbo1adfhl6fb.xn--p1ai
xn----dtbhveehhcachh6ad.xn--p1ai
xn----dtbqbh2acczh6h.xn--p1ai
xn----itbabasxiaeevhy9gxbye.xn--p1ai
xn----itbkcijdbf2ab0f9b.xn--p1ai
xn----jtbvfgedk7c7aq.xn--p1ai
xn----ttbgfcj7a.xn--p1ai
xn----ttbicdn.xn--80adxhks
xn----wtbfbbaab7g4a.xn--p1ai
xn---1-6kc3bfr2e.xn--p1ai
xn---14--53ddbnanbbl6bpoju4bma7bmdffkyp28a.xn--p1ai
xn---2-7kcd7acicn9a8agd3k.xn--p1ai
xn---31-2dd5aectd.xn--p1ai
xn---4---73dbaa4bgp5a8bdkwy.xn--p1ai
xn---5-dlcajcexaclkvlpb1bvfj.xn--p1ai
xn---72-5cdjun7aiel0sf.xn--p1ai
xn--03-9kcmtabgh3dlw5c.xn--p1ai
xn--1-8sbaa1cbwvl6l.xn--p1ai
xn--10--pddxun.xn--p1ai
xn--12-9kcpb4b0ata5a6d.xn--p1ai
xn--16-dlcuebap5e.xn--p1ai
xn--161-5cdal8dgrxr4n.xn--p1ai
xn--18-mlclbmm1bbk3f.xn--p1ai
xn--2-ttbdlal1i.xn--p1ai
xn--22-mlcaxmtydf2c2c.xn--p1ai
xn--23-6kctpao9bhmeu.xn--p1ai
xn--24-6kc6a4adipd.xn--p1ai
xn--24-6kch4am7ar1g.xn--p1acf
xn--24-9kcqjf4agkuj0ak.xn--p1ai
xn--3-8sbbhml3az.xn--p1ai
xn--33-jlcuolbarjl.xn--p1ai
xn--52-dlc6aeh8a.xn--p1ai
xn--53-6kchg1f3e.xn--p1ai
xn--54-6kcaj9cfpd2ah.xn--p1ai
xn--56-6kca8aqc6c.xn--p1ai
xn--56-dlcifjgd2auddfdp1amf0qe.xn--p1ai
xn--61-6kca9c8ajn8e.xn--p1ai
xn--63-6kciifypn6alk.xn--p1ai
xn--63-gmcdgdk.xn--p1ai
xn--80a0apf2b.xn--80asehdb
xn--80aa2abrldff.xn--p1ai
xn--80aa3aamfkdiex7b2g.xn--p1ai
xn--80aaaa4bgjskugkfh9e.xn--p1ai
xn--80aaaakaq2anfnqdquoceli3y.xn--p1ai
xn--80aaadq2bbirx1b9f.xn--p1ai
xn--80aaaer9acafoztji.xn--p1ai
xn--80aaag0c.xn--p1ai
xn--80aaah4akngfg7agb4lwb.xn--p1ai
xn--80aabbccm2fbewc1l.xn--p1ai
xn--80aackagcfljt4bdnty.xn--p1ai
xn--80aaekbwh2agta9b.xn--p1ai
xn--80aaexamk2bdlf.xn--p1ai
xn--80aafsiardahjgme5p.xn--p1ai
xn--80aag3abqgfgksc.xn--p1ai
xn--80aagwcmqkqjjc5b8c.xn--p1ai
xn--80aahjm4cdn.xn--p1ai
xn--80aaiuhguvq7c1b.xn--p1ai
xn--80aajofyqppj.xn--p1ai
xn--80aalkh8aya.xn--p1ai
xn--80aalr8anf.xn--p1ai
xn--80aamwebdszc.xn--p1ai
xn--80aannod0bi3b.xn--p1ai
xn--80aaxgfihde1a6e.xn--p1ai
xn--80abcitymdt0m.xn--p1ai
xn--80abkwcfrcbhitp0l.xn--p1ai
xn--80abmsfh7be3b.xn--p1ai
xn--80abvfi8b.xn--p1ai
xn--80abzmr.xn--p1ai
xn--80accnaag4dgkf0m.xn--p1ai
xn--80aclbwjd3b6g.xn--p1ai
xn--80adal0awnk7a2h.xn--p1ai
xn--80adfebmfdd9bcj2aehigc7v.xn--p1ai
xn--80adijlskp.xn--p1ai
xn--80adjkkk3alj.xn--p1ai
xn--80adku7df.xn--p1ai
xn--80aeaaegcf2ai1bobbaiqb0aefq6e8m.xn--p1ai
xn--80aekcjne1b0a.xn--p1ai
xn--80af5ak6c.xn--p1ai
xn--80afeq0ank2g.xn--p1ai
xn--80afhalkbmn7g.xn--p1ai
xn--80agcdc2aeimjpjoaq.xn--p1ai
xn--80ahaenqe1m.xn--p1acf
xn--80ahdmfe2ced8c.xn--p1ai
xn--80ajaptcbrbecdbsi6c1e.xn--p1ai
xn--80ajijskcm3d.xn--p1ai
xn--80akhco1afid.xn--p1ai
xn--80akpqcais.xn--p1ai
xn--80anb2a2c.xn--p1ai
xn--80anhfi7b3a3b.xn--p1ai
xn--80aq2abkz.xn--p1ai
xn--80aqgckvh6f.xn--p1ai
xn--80augfenhcjg.xn--p1ai
xn--80axeqj.xn--p1ai
xn--80axgjd.xn--p1ai
xn--90a1af.xn--80abbembcyvesfij3at4loa4ff.xn--p1ai
xn--90aajpke8cei.xn--p1ai
xn--90aamhee5atpy1h.xn--p1ai
xn--90aaxhcobc8ajk9bzc.xn--p1ai
xn--90acefob7abebvrk.xn--p1ai
xn--90acgdicqi6e6d.xn--p1ai
xn--90adndldtfm4i.xn--p1ai
xn--90afdmba5a1af3i.xn--p1ai
xn--90ahkico2a6b9d.xn--b1ajukhp0cb.xn--p1ai
xn--90aiondg.xn--p1ai
xn--90anesbobap4c.xn--p1ai
xn--93-vlchp9ao.xn--p1ai
xn--99-nmca3d.xn--p1ai
xn--b1ademzq.xn--p1ai
xn--b1adz9a.xn--p1ai
xn--b1aecnhpdiajtx.xn--p1ai
xn--b1alsahbgcgd8j.xn--p1ai
xn--c1a8aza.xn--p1ai
xn--c1abdnzp9h.xn--p1ai
xn--c1acdmmrbyl.xn--p1ai
xn--c1aejededqi2and8i.xn--p1ai
xn--c1aeldabzddyu.xn--p1ai
xn--c1avcehq8d.xn--p1ai
xn--d1abbzkrl2h.xn--p1ai
xn--d1acohjckgep.xn--p1ai
xn--d1afeai5ag2d.xn--p1ai
xn--e1adeiijk.xn--p1ai
xn--e1afbsbbgnq6j.xn--p1ai
xn--e1afd5acdbc1b5b.xn--p1acf
xn--e1agflcgp4g.xn--p1ai
xn--e1akbgfenp9gh.xn--p1ai
xn--e1amg1bxa.xn--80atei4cxafy.xn--p1ai
xn--e1anfdfph4a.xn--p1ai
xn--g1abbplgy6b.xn--p1ai
xn--h1adbnbbbn1ed.xn--p1ai
xn--j1adln1d.xn--p1ai
xn--j1ael8b.xn--b1agc5a4f.xn--p1ai
xn--j1aelk.xn--p1ai
xn--j1ajc6c.xn--p1ai
xn--o1abk.xn--p1ai
xozaika.ru
xpets.ru
xxivek14.ru
yablavka.ru
yandexzenhelp.ru
yaponovod.ru
yaroland.ru
yarsale-muzey.ru
yarsiti.ru
yerka.org.ru
yescourses.ru
yetimedicine.ru
yoga-love.ru
yogamate.ru
yolopizza.ru
yorki-kristal.ru
youtube-monitor.ru
yulia-varra.ru
yunastudio.ru
yurevets.3dn.ru
z4c.ru
zab-gto.ru
zaem-ok.ru
zaembe.ru
zagadky-i-tajni-animego.ru
zagadky-i-tajny-animego.ru
zahodi-posmotri.ru
zaim-dynai.ru
zaim-irk.ru
zaimot.ru
zakonmigro.ru
zalesje.ru
zalogdoveriya.ru
zamenarenault.ru
zarafshan.ru
zavodporevit.ru
zavodritm.ru
zavodspecnozh.ru
zayavka-kr.ru
zazebok.ru
zbuket.ru
zemli-for-sale.ru
zemlya-boom.ru
zemlykov.ru
zen-coffee.ru
zeo55.ru
zgbi1.ru
zgk86.ru
zhaktrans.ru
zhivemkrsk.ru
zhukovekb.ru
zhyvoi.ru
zolotoyulov.ru
zoodusha.ru
zosh.ru
zplaza-bc.ru
zstm.ru
ztsa.ru
zvonkaya.ru
zwerg-pinscher-dober.ru
