003.su
0chna.ru
1-vet.ru
10i5.ru
127-zakon.ru
12studio.ru
19centur.ru
1alco-express-spb.ru
1cmas.ru
1crashgames.ru
1gut.novibox.ru
1hd.novibox.ru
1newsmaker.ru
1red.novibox.ru
1tonna.ru
1zagran.ru
25ds.ru
25medvedey.ru
29n-spr.ru
2mp3.ru
2sea.su
2zi.ru
31daysfotofest.ru
33polit.ru
3dboom.su
44ru.ru
48masterov.ru
4cheat.ru
4italka.ru
4italka.su
51news.ru
54knize4ki.ru
5dayin.moscow
5elem.ru
69-porno.ru
7karat.ru
7nebo.ru
8clips.ucoz.ru
95.3dn.ru
989n-spr.ru
a-era.ru
a.uzbek-porno.ru
aaakicks.ru
abadacapoeira.ru
abdulinomb.ru
abp-mebel.ru
abs-azs.ru
academform.ru
academyremonta.ru
accordexpress.ru
aclass.ru
acnaucer.ru
acservicegroup.ru
act.obhod-blokirovki-youtube.ru
actiontours.ru
active-pr.ru
activekiddy.ru
acudao.ru
ad-a.ru
advleks.ru
aeroclub56.ru
afinserv.ru
ag-box.ru
against-burns.ru
agama70.ru
agro07.ru
agrofirmapro.ru
agromer.ru
agrorulider.ru
ahqdttzc.ru
aias.ru
aiduolaa.ru
aifrostov.ru
airbnb-rus.ru
airnavigation.ru
aist-mk.ru
akademiasmesi.ru
akb-chelyabinsk.ru
akcentc.ru
aklkkotofey.ru
akoho.ru
akra-city.ru
akunamatata.su
akvapark-minsk.ru
alacrit.ru
alanla.forum24.ru
alarm-technology.ru
albiongranit.ru
albrandt.ru
albumency.ru
aleant.su
alex-motor.ru
alex-usatov.ru
alexp007.ru
alextent.ru
alkodomodedovo.moy.su
alkogol-khabar.ru
allaboutdogs.ru
allcharter.ru
allfan.ru
alliance-pravo.ru
alligatpro.ru
allreally.ru
alltasty.ru
allvend.ru
alokis.ru
alt-smoke.ru
altaipant.ru
aluen.ru
alupka-lukomore.ru
alvea.ru
amalgama-band.ru
amfibiashow.ru
amtek-crimea.ru
amurstone.ru
anaktina.ru
analiticon.ru
anamvseravno.my1.ru
anapa-lamanche.ru
anapa-turbaza.ru
andrewrat.ucoz.ru
angel-studio-shop.ru
angel-toys.ru
anichi.su
aniguru.ru
anilibrtop.ru
animatech.su
animav.animavr.ru
anime.anilibriatop.ru
animego-harakiri.ru
animego-kanishiwa.ru
animego-naruto-shipudden.ru
animego-still-alhimick.ru
animemig.ru
animes.animavr.ru
anirniit.ru
annablinova.ru
ano-map.ru
anstroi.ru
ansya.ru
ant-edu.ru
ant-world.ru
antiguabarbuda.ru
antikollektor61.ru
antikorssh.ru
antique-terem.ru
apmotors.ru
apostil24.ru
appcherkessk.ru
apsalekhard.ru
apt33.ru
aqvakr.forum24.ru
aratai.ru
arcanumgarage.ru
archimir.ru
archmodern.ru
archproektplus.ru
arendaman.ru
arh-orchestra.ru
arhyz-guide.ru
ark-models.ru
armaprom-nsk.ru
armgarant.ru
armo-red.ru
arsenal-54.ru
arsnews.ru
art-autogroup.ru
art-lash.ru
artbusfest.ru
artclean-spb.ru
artelstudio.ru
artemmian.ru
artemovskij.ru
artereal.ru
artikona.ru
artjazzmusic.ru
artlasernn.ru
artoanime.ru
artstroy123.ru
as-elektrik.ru
as-terra.ru
asata-doner.ru
asorin.ru
aspekt.animavr.ru
assyria-med.ru
asteriayeisk.ru
astoria-pizza.ru
astpp.ru
astrminobr.ru
astronochi.ru
atelie-svetlana-38.ru
atelieorenburg.ru
atex73.ru
attoverticale.ru
atv-moto.ru
audi-altufievo.ru
audiobooks.my1.ru
auditdoc.ru
auditnds.ru
auditor63.ru
audittdoc.ru
auto-lifan.ru
auto-zalog24.ru
autocenter-irtysh.ru
autokonder.ru
autonyanya14.ru
autopluse.ru
autopolivonline-spb.ru
autorynki.ru
autosuper.ru
avangard1c.ru
avastreamhd.ru
avitolog-kurs.ru
avklass.ru
avocates.ru
avto-otzovik.ru
avto-planeta72.ru
avto-ton.ru
avtoarhiv.ru
avtobestnews.ru
avtocluch.ru
avtodrum.ru
avtokomplekt-sos.ru
avtonomerok.su
avtoplusdom.ru
avtoremont-gm.ru
avtoroom.ru
avtovazsalon.ru
azbuka-stroyki054.ru
azbukadobra.ru
aziator.ru
azot-neon.ru
b2bingo.ru
babybynature.ru
bacteriologi.ru
bafrus.ru
baikalphotofest.ru
balet-msk.ru
bananalaser.ru
banditka.my1.ru
banya-kedr.ru
banzayfoto.ru
barvaux.ru
bastion54.ru
bb37.ru
bdsm-dating.ru
be8.genvia.ru
beautifulstories.su
beauty-faberlic.ru
bedrikova.ru
belgorod31.ru
bellemousse.ru
belpower.forum24.ru
belynadsor.ru
beripoldveri.ru
besstyzhietv.ru
best-party.ru
best-torrents.3dn.ru
bestartmodels.ru
bestdocs.ru
bestdwpro.ru
bestgamemobile.ru
bezkomplimentov.su
bezlimitsim.ru
biggreenegg.ru
bigtimelab.ru
biinarium.ru
bikerkz.my1.ru
bikingblog.ru
biletservis.ru
bingcha.ru
birdlady.ru
birds.ongames.su
bitbandits.ru
bitstudiodesign.ru
biysk-tv.ru
bizarreclub.ru
bizzai.ru
bktservice.su
blanki-med22.ru
blanki-med23.ru
blizzcon.ru
blog-handmade.ru
blog.sliderweb.ru
blogyka.ru
blum-coin.ru
bmbagency.ru
bmhouse.moscow
boat-fanat.ru
body-camera.ru
bonhomedesign.ru
bootur.ru
borsch12.ru
botanic-apart.ru
box-fight.ru
box4u.ru
brando-centr.ru
brandsbags-shops.ru
bravofriends.ru
brickburo.ru
brilum.ru
british-motors.ru
brizg.ru
broadcast-park.ru
brw-mebel.ru
bsamovetskdc.ru
bsrz.crazybrothers.ru
btv24.ru
bubblesmedia.ru
bufet74.ru
bugotchet.ru
buhevent.ru
buhgcenter.ru
buki-repetitor.ru
buksir21.ru
buksntolen.ru
bunger.ru
burgermeister.ru
burk-roddom.ru
burshlen.ru
bus-club.ru
buy-books.ru
bvgindustrial.ru
bx-lab.ru
bytovo-drink.moy.su
bytovo-drink177.moy.su
c-lebrity.ru
cafe-lunch-time.ru
cairn-kennel.ru
calinopoisk.ru
callsystem.role.ru
calltarget.ru
camini-pk.ru
camlunity.ru
capevuoksa.ru
car-tower.ru
cards-gift.ru
cargoroute.ru
cargotat.ru
carsjapan.ru
casipopoisk.ru
cat-perm.ru
cataristocat.ru
cccp-cafe.ru
cd-tv.ru
cdelka21v.ru
cegav.lilomarket.ru
cfstom.ru
ch4.su
chaturbate-me.ru
chaturbate-net.ru
chbot.ru
check-person.ru
check.anti-bots.ru
chelkalyan.ru
chemodan-vokzal-more.ru
chereng.ru
chest-dostoinstvo.ru
childcars.ru
chkolaumka.ru
choize.ru
cinema-chuckle.ru
cinema-expert.ru
cinema-sensation.ru
cinemachek.ru
cineo.ru
citadelcrimea.ru
citroen-yaroslavl.ru
city-on-volga.ru
cjclub.ru
ckrtkgyo.ru
clairi.ru
clasmaster.ru
cleaning-krsk.ru
cleantrail.ru
clever-dom.ru
click-hunter.ru
climat-e.ru
cloudview.ru
club-clubnika.ru
club-klassika.ru
clubcomrf.ru
cmpkursk.ru
cnc-club.ru
co19tula.ru
codex-vpn.ru
coffeetee.ru
colabwb.ru
comp-msk.ru
compmasterna.ru
compomaster.ru
comunitech.ru
coolasia.ru
cordvo.ru
corpion.ru
cosmovape.ru
cotranslate.ru
coursetravel.ru
cpros.ru
crafthub.ru
crbmpurga.ru
crofr.ru
crumbpenza.ru
cryptmix.ru
cs-fan.ru
cskashop.ru
cskush.ru
cspdosaaf.ru
csprt.ru
ctc-chel.ru
cubinos.ru
cult-media.ru
cveti-altaya.ru
cyprusflightpass.ru
d-giovanni.ru
da-site.ru
daric.ru
de-f.ru
declarantus.ru
dedsad33.ru
dedvpn.su
dekan.ru
delete-tree.ru
dellsolutionsforum.ru
deltavolga.ru
denta29.ru
dentalav46.ru
dentalnice.ru
dentpractice.ru
deputatskaja-sosh.ru
deshevyi.ru
design-inc.ru
design-sn.ru
designtelega.ru
destroy.forum24.ru
detgazeta.ru
deti-e.ru
detsrsmon.ru
diagcard.ru
digibu.ru
dimstroy-glass.ru
dinazima.ru
diphep.ru
diprf.okis.ru
direct-lids.ru
discord1.ru
discountbaby63.ru
divan-st.ru
divan-zakaz-moskva.ru
dkhouse.ru
dl-cars.ru
dlyazdorovia.ru
dmd-drink.moy.su
dmobile.ru
dnk-spiral.ru
dns-shop.sliderweb.ru
dobroe-serdce.ru
dobzhanskycenter.ru
dochotel.ru
docpsy.ru
dog-collar.ru
dokkino.ru
dolg-raspiska.narod.ru
dom2line.ru
doma-karkasnye-moskva.ru
domashnyaya-kosmetika.ru
dommebeli96.ru
domofondar.ru
domolenta.ru
domophone72.ru
domtehgaz.ru
domvsibiri.ru
don-enot.ru
don-specmetiz.ru
don-star.ru
donkvas.ru
doorhan-ykt.ru
doors-rus.ru
dop-235g.okis.ru
dopok-24.okis.ru
dopusk-sport.ru
dor-tex.ru
doramafox.ru
dorstroinadzor.ru
dostavshik-61.ru
doverie-bfl.ru
dowcursor.ucoz.ru
dpo-centre.ru
drevokmv.ru
ds-systems.ru
dshikozlovskogo.ru
dubki-vpn.ru
dublicator.ru
dudekino.ru
dudom.ru
dukare-oly.ru
duma21.ru
dunaevskiy-shop.ru
duqq.darkfin.ru
dush-kabiny.ru
dusshrh.ru
dutybeauty.ru
duvgzrsn.ru
dv-stm.ru
dveri33.ru
dverimari.ru
dverv-dom.ru
dvor-plitka.ru
dvpark.ru
dvstk.ru
e-acc.ru
e-medacademy.ru
e-vitamin.ru
easygo-vpn.ru
echomsk.spb.ru
eclect-mebel.ru
eco-mol.ru
eco-norman.ru
ecosity.ru
ecosys.su
ecpexpert.ru
egais-retail.ru
eikenclub.ru
ekaterinburg.ezpp.ru
ekb.isfirm.ru
ekblwpkt.ru
ekipirovka4you.ru
elacademy.ru
elban.ru
eldzheyshow.ru
elegant-centr.ru
emias.bot.powernic.ru
emop.lilomarket.ru
empiresandpuzzles.ru
empiretotalwar.ucoz.ru
emule-island.ru
energokom-plus.ru
entropiy.ru
eosn.darkfin.ru
epicit.ru
erave.mebelik-sochi.ru
ergonliving.ru
ergonomicadoma.ru
ersa-shop.ru
escada-nv.ru
esconti.ru
euromebel22.ru
eurostroy.su
eva-atelier.ru
evabonbons.ru
evacuator68.ru
evacuatorn1.ru
evak-avto.ru
evakuator193.ru
evalaiz.ru
evalcom.ru
event-1.ru
eventudm.ru
ever4u.ru
everest-ptz.ru
evolbiol.ru
evroperimetr.ru
ex.ucoz.ru
exclusive39.ru
exme.su
expertfinance68.ru
expresstrack.ru
f1st.ru
f4club.ru
faberlicbel.ru
fabricaromatic.ru
fabrikagrezkhv.ru
failovik.ru
fakt-tv.ru
famadar.ru
fanable.ru
fantasticfilm.ucoz.ru
fantazeri-kids.ru
fastregmsk.ru
favorit-home.ru
favoritdog.ru
fedorovkarb.ru
feedercup-browning.ru
femida51.ru
fengda-rus.ru
fenixcomp.ru
ffaqlits.ru
fiestavpitere.ru
fihav.ru
fileone.ru
film-bogi-egipta.ru
film-quest.ru
filmkachat.ru
filmtorrent.ucoz.ru
filo-edu.ru
fin-divan.ru
fin-fin34.ru
financc.ru
financial-pulse.ru
fishingmall.ru
flacmor.ru
flashwm.ru
flatsofmoscow.ru
fogalit.ru
fokus24.ru
fond-narprom.ru
fontop.ru
food-recipe.ru
footballnaya-forma-borussiya.ru
footballnaya-forma-real.ru
footboti42.ru
fora-cars.ru
forcerf.clan.su
forex-for-you.ru
forex-ratings.ru
forexrassia.ru
formula-project.ru
formulavkusa23.ru
forunderwear.ru
fotogu.ru
fotohood.ru
fpb26.ru
franch-mechta.ru
free-monitoring.ru
freelinux.ru
freshsofa.ru
frigatecroup.ru
front-nn.ru
fshupwfq.ru
fsmrussia.ru
fssp-24.ru
fungulix-com.ru
funkorussia.ru
funnybunnys.ru
funomania.ru
furbylife.ru
futurevideo.moy.su
gabag.ru
gai.3dn.ru
gaidarforum.ru
galaxy-films.ru
galaxyflowers.ru
galileogrup.ru
galleryparker.ru
gamekaste.ru
gapeeva.ru
gard33.ru
garmoniaclub.ru
gas-lite.ru
gasbottle.ru
gayland.ucoz.ru
gbsufa.ru
gcfors.ru
gderabotaem.ru
gds-c.ru
gdss.su
gdz-free.ru
gdzfree.ru
geekster.ru
gemava.ru
genesis76.ru
genteka.ru
gepad.ru
gepatitof.ru
getsaize.ru
geuaykdy.ru
gigant-hall.ru
gisbiz.ru
gitem.ru
gk-tr.ru
gkb1nsk.ru
glampingnomad.ru
glassbricks.ru
glavmedtorg.ru
gm38.ru
go-to-work.ru
go.tut-hdzo.ru
gogolevsky.ru
gogolevsky12.ru
gollandec-fitness.ru
goloka-fest.ru
good-movie.ru
good-voice.ru
goodiez.ru
goodskupka.ru
gordeevopark.ru
gorkyapartamenty.ru
gormgrup.ru
goruvdom.ru
goryachie-klavishi.ru
goscience.ru
goskomsportrk.ru
gostproject.ru
gp15omsk.ru
gpetrov.ru
gpniko.ru
graciebarra.ru
gradremstroy.ru
gradus-go-nn.ru
gradus-go-omsk.ru
gradus-go-voronezh.ru
gradus247-novosibirsk.ru
granicy-sred.ru
grazia-mebel.ru
greekstreet.ru
green-tara.ru
greenfield-globus.ru
grillchef73.ru
grillpizza24.ru
gruzpodyem.ru
gs42.ru
gskair.ru
gtbox.ru
gti-club.ru
guideforlive.ru
gusev-school1.ru
gut.novibox.ru
gymnuo.ru
gynea.ru
gz-pulsar.ru
hairparadise.ru
halfeti.ru
halica.ru
happy-hack.ru
happy-number.ru
happy-vibes.ru
happysmoke.ru
harleyfestival.ru
hd-720.ucoz.ru
hd-video-box.ru
hd.novibox.ru
health-lands.ru
healthworker.ru
heartsoffour.ru
hellaanime.ru
help-registration77.ru
helpdone.ru
helpex24.ru
helpset.ru
helpurine.ru
hi-music.ru
hi-tech21.ru
him-expert.ru
hinkalibatono.ru
hitechtelecom.ru
hivlove.ru
hm74.ru
hmeleffbar.ru
hokal.lilomarket.ru
holiworld.ru
home-vg.ru
home-work.su
homeaesthetics.ru
homofestivus.ru
horalov.ru
horseplanet.ru
hotel-centre.ru
hotel-globus.ru
hoverbotnsk.ru
howtocanada.ru
hpclub.ru
hrlenta.ru
htsales.ru
hunt-dogs.ru
hunting-movie.ru
hvosty.ru
hycat.ru
i-mi64.ru
i.doramalivec.ru
i04.ru
i1-news.ru
iaamsk.ru
iamgo.ru
iamphotostudio.ru
icdentm.ru
ideahouse78.ru
ideal-house.ru
ideal-spa.ru
idivbany.ru
idoshop.ru
igorrain-sharman.ru
igru-lohotronu.ru
igru-s-vuvodom-obman.ru
ikraoptimus.ru
ilecta.ru
im-hotel.ru
imperia-klimat.ru
imperia-sadovoda.ru
imperiabus.ru
imperial-zoloto.ru
imperiamexa71.ru
impnino.ru
imrad.ru
incantico.ru
incomewm.ru
india-helps.ru
indiamed.ru
indianembassy.ru
indiansclub.ru
indiebox.ru
indivigo.ru
ineximgroup.ru
infernosolutions.ru
info-bestlife.ru
info-mag.ru
infodomain.ru
infrakrasnyy-obogrevatel.ru
ini21.ru
inotomsk.ru
inspacefilm.ru
inspiredc.ru
inster39.ru
integrity-forum.ru
inter35.ru
interiorelit.ru
intertraditionale.forum24.ru
invitedigital.ru
inviz-vpn.ru
ioanidis.ru
iotzyv.ru
ipadis.ru
irato.ru
irisprintstudio.ru
irongamer.ucoz.ru
ironway.ru
isrg-pensia.ru
istok23.ru
istorex.ru
it-servis45.ru
itanomed.ru
itena-dental.ru
itronrussia.ru
itvertex.ru
iurisprudentia.ru
ivalur.ru
ivanovo.forum24.ru
izhz.darkfin.ru
jalobakniga.ru
jalousie-moskva.ru
japanisgood.ru
jazzrussia.ru
jbauto.ru
jftqrihk.ru
jin-studio.ru
jjurnal.ru
jobcons.ru
johndonne.ru
josm.ru
juliagelas.ru
jurnalonlain.ru
jw-noblood.ucoz.ru
jxanknzj.ru
k-arabam.ru
kabinetinfo.ru
kabluchini.ru
kakdobratsyado.ru
kalitka-fest.ru
kalyan4y.ru
kam1.ru
kambalkaschool10.ru
kameliy.ru
kanz68.ru
kara.su
karta-kadastr.ru
kartagto.ru
kawaii-sushi.ru
kazan.siss.ru
kazbike.ru
kbserpuhov.ru
kczagorie.ru
kdm06.ru
kemdep.ru
kemerovonews.ru
kengucity.ru
kenyantea.ru
keramoplast.ru
kerimovdesign.ru
kg-elektronik.ru
kgb8.ru
kgtaxi.ru
khab-open.ru
kia-sale-ekt.ru
kidstraveltrend.ru
kilithg.ru
killer666satana.clan.su
kinaero.ru
kintop.ucoz.ru
kiprskiydom.ru
kissuz.ru
kizilyurt-rn.ru
klebstoffe.ru
klevorest.ru
klimat-clean.ru
klimat-ru.ru
km-40.ru
kmv-otpusk.ru
knet.ru
kolyaska-for-you.ru
komfort-lines.ru
kommexstroy.ru
koopwork.ru
kopimania.ru
koreayar.ru
korka-dok.okis.ru
korka-spets.okis.ru
korka-zzz.okis.ru
korogka-24.okis.ru
kortex-m.ru
kosilova.ru
kostromamuseum.ru
kotikpes.ru
kovcheg.apeha.ru
kozma-petrov.ru
kpk-narodniy.ru
kppshka.ru
krasavinskiy-perm.ru
krasferret.ru
krasnoturinsk-ppi.ru
krassnova.ru
krepkiy-oreshek-film.ru
kresla-stulya.ru
krokkopizza.ru
krolunion.ru
kuevroman.ru
kuhnicity-telegram.ru
kuhnisite.ru
kuhnitroick.ru
kultura-selkup.ru
kuplu-avto.spb.ru
kupro.ru
kur-polev.ru
kureyka.ru
kursk-sosh43.ru
kursn.ru
kushteplo.ru
kushtiryakovoschool.ru
kushuxgd.ru
kutuzov24.ru
kuzbassphoto.ru
kuznec-master.ru
kuzpress.ru
kvartal-uk.ru
kvartirniivopros.ru
kvezalclub.ru
kvturist.ru
kxtj.darkfin.ru
kyivstar.ru
kznportal.ru
la-marca.ru
lada-tmn-5.ru
ladatranslation.ru
lajome.ru
lana-kids.ru
lang-kurs.ru
larabesenkovich.ru
largeparrot.ru
laser-ch.ru
laser-protvino.ru
laserspro.ru
laserta-shop.ru
latinskyikvartal.ru
lavka-palomnika.ru
lawbk.ru
lazer-beauty.ru
lazza.ru
ldpr-tube.ru
leaction.ru
leadsfera.ru
leamax.ru
lebedevlegal.ru
lechebnye-rastenija.ru
led-pixel.ru
leetek.ru
legal086.ru
legaladdress.ru
legion-motors.ru
lekar74.ru
lekass.ru
lekitour.ru
lelang.su
leningradskaya-oblast.filo-edu.ru
lenovo-battery.ru
lenstroy-spb.ru
lerafrolova.ru
lerty.ru
lespolina.ru
lesson.1gb.ru
letitbit-film.my1.ru
lib1.ru
like2you.ru
likereal.ru
lilomarket.ru
lindorsbook.ru
linevskaya.ru
lingvalife.ru
linkfinest.ru
liongatemoscow.ru
lips.darkfin.ru
lipschool31.ru
litamarket.ru
littlefrance.ru
live4food.ru
livesleep.ru
lixn.ru
lkbusiness-solutions.ru
llmedia.ru
loadka.ru
lobnenskoe.su
lodka-doki.okis.ru
loftbararchive.ru
lolfinder.ru
lomer-it.ru
losinopetrovsk.ucoz.ru
lost-series.ru
love101.ru
love2fly.ru
lovestorys.ru
lpwa.ru
lubov-rasum-mest.ru
luchshayaferma.ru
ludirosta.ru
luxe-host.ru
lwcshop.ru
lz-look.ru
m-rostov.ru
m.daclatasvir-sofosbuvir4.ru
m7a.ru
macmix.ru
magaero-kzn.ru
magazin-sizo.ru
magnat59.ru
mailhandler.ru
mailpatrol.ru
makao-wok.ru
maksspeleolog.ru
malover.ru
malyarno-kuzovnoy.ru
mamamj.ru
mamatyumen.ru
mamontenok-shop.ru
mangamammy.ru
mangazavr.ru
maniton.ru
maopb.ru
mardjanishop.ru
marikino.ru
mariyakochkina.ru
market-china.ru
market.mega8.ru
marketug.ru
martin-amp-bergbuy.ru
martin-amp-detsad.ru
martin-amp-hlmx.ru
martin-amp-smartciv.ru
martinilight.ru
masked-love.ru
master4.ru
masterbinary.ru
mastergradperm.ru
masterpola5.ru
mastersanteh.ru
masterzaim.ru
maturgadget-centr.ru
max-igra.ru
max-res.ru
maxi-rolls.ru
maximed05.ru
maxweeg.ru
mazalov.ru
mazsz.ru
mb-ex.ru
mblogm.ru
mbou105-nt.ru
mbs31.ru
mc-rodina.ru
mc03.ru
mchsrf.ru
mdtpro.ru
mechta-sanatoriy.ru
med-and-service.ru
med-i-service.ru
med-krasnodar.ru
med-plus-78.ru
med-prosto.ru
medcentrkrasnodar.ru
mednsvipshop.ooorf.ru
medprof-nsk.ru
medtestpro.ru
megabit-s.ru
megaspeedrussia.ru
mehovoi-portal.ru
mercury-global.ru
mercuryvape.ru
meropriyatiabdd.ru
metalloiskateli-artem.ru
metallolom-mpa.ru
metalmuz.ru
meteovostok.ru
metin2wiki.ru
metrikastroy.ru
mexa-lux.ru
mexart.ru
mfnika.ru
mgtimes.ru
mgtimess.ru
mia-lakomstva.ru
mia-master.ru
mifif.ru
mikele-loconte.ru
mikhaillermontov.ru
mikhalkov.su
milawedding.ru
millionka.ru
milroads.ru
mind-fitness-federation.ru
minebuild.ru
minecraft-rocket.ru
minecrafterok.ru
minigolfkmv.ru
mintrans.spb.ru
minuskg.ru
mir-plintusa.ru
mirkmf.ru
mirolcom.ru
mirskupki.ru
misterhall.ru
mitsarinfo.ru
mixfile.ucoz.ru
mixkino.ru
mkd64.ru
mkij.darkfin.ru
mklogistic-ptz.ru
mkoysosh5.ru
mkpnz.ru
ml-c.ru
mlconsulting.ru
mmodnaya.ru
mn30.ru
mnogo-myaso.ru
mnogobook.ru
mobiledevice.ru
mobilkoy.ru
mobzvonok.ru
modelistov.ru
modern-vdk.ru
modsandroid.ru
moimolitvy.ru
moizakazi.ru
mon-vso.ru
monami32.ru
monigra.ru
monocvet.ru
monolitstroy-belovo.ru
monosite.ru
monster-hack.3dn.ru
moo-edinstvo.ru
moovly.ru
more-english.ru
more-photo.ru
morec.ru
morestekla59.ru
moscowchurch.ru
mosk-chec.ru
mosoblasfalt.ru
mosreductor.ru
mossmania.ru
moto-arena.ru
motochapter.ru
motor-amp-ad-motors.ru
motor-amp-ansemya.ru
motor-amp-oknaetalon.ru
motor-amp-saomotors.ru
motor-amp-saunafreg.ru
motor-rus.ru
motorika.su
motoroil.su
mou6.ru
movie.net.ru
moyaindia.ru
mp3bass.ru
mp3knigi.ru
mp3life.my1.ru
mp3pulse.3dn.ru
mp3tamerlan.ucoz.ru
mp3zvuk.moy.su
mpekar.ru
mprw.ru
mpzavangard.ru
mr-laser.ru
mr-white.ru
msaba.ru
msainfo.ru
msc-checki.ru
msc-checks.ru
msedu.ru
msgforum.ru
mshow.ru
msk-checkh.ru
msk-perila-group.ru
msk-reg27.ru
msk-reg37.ru
msk-reg47.ru
msk-reg67.ru
mskdip24.ru
mskhiladze-advokat.ru
mskloma.ru
msnpk.ru
mukomol-nn.ru
mulatas.ru
museumlaw.ru
musicdose.ru
muslimka.ru
muspub.ru
muzamba.ru
muzland.ru
muzobr.ru
muzonmarket.ru
mvdrus.ru
my-book.ucoz.ru
my-bt.ru
my.rusuchka.ru
mykaluga.ru
mymednews.ru
mynewsmile.ru
mysi5.ucoz.ru
mytobak.ru
myvideoland.ru
mzorina.ru
nabat24.ru
nahimovka.ru
nair-tech.ru
najoj.lilomarket.ru
naks-dok.okis.ru
nalognds.1c-umi.ru
nalogz.ru
narcologtlt.ru
nasennikov.ru
nautic-shop.ru
navigatorcorp.ru
nazcar.ru
nchkz.ru
ndc-motors.ru
ne-rabotaet-youtube.ru
nebashkortostan.ru
neirokod.ru
neo-magnets.ru
neon-zeon.ru
neprostokuhni55.ru
neptunperm.ru
nerastannoe-khram.ru
nerupd.ru
netprizyvu.ru
newmvin.3dn.ru
newsbizlife.ru
newscs.ru
newyorkbakery.ru
newzheldor.ru
nexa4yxa.3dn.ru
nikcity.ru
nikiforovevent.ru
nikolskaya-art.ru
nilovka.ru
nokod.ru
nooneleftbehind.ru
noriduet.ru
nosimkarapuza.ru
novgay.ru
novibox.ru
novkniga.ru
novmama.ru
novmed-dental.ru
novobrick.ru
novorosinfo.ru
novospassky.ru
novsxc.ru
npkrekod.ru
nrk-energomash.ru
nschool5.ru
nt-vikariatstvo.ru
ntk-tver.ru
nts-lib.ru
nuag.darkfin.ru
nuclear.ru
nuzhnye-veshchi.ru
nvkonline.ru
nvsaransk.ru
nw-media.ru
nwmc.ru
nyssa.ru
o-z-p.ru
obhod-blokirovki-youtube.ru
oboikashira.ru
obrazovanie-dlplomas3.ru
obrosovy.ru
obs38.ru
obyavlenie.ru
odisseyaco.ru
odiszapc.ru
odywan.ru
off-limits.ru
officemart64.ru
ogorshkov.ru
ohranaru.ru
ok-mir.ru
ok-pc.ru
okna-alieparusa.ru
okna-domus.ru
okna-okno.ru
okna-tk.ru
okna-yard.ru
oldguns.ru
olga-andriash.ru
olgakormuhina.ru
ollibeauty.ru
olvi.su
omgnails.ru
omsk.esnp24.ru
omspolisy.ru
oncotech.ru
onix-vpn.ru
onyxmatilkin.ru
openprofession.ru
opkam.ru
orenferma.ru
orenmc.ru
orenrabota56.ru
organic-as.ru
orgsp.ru
orgtehnika-service.ru
orient-rus.ru
orientstyle.ru
ortoklinika.ru
ortomag1.ru
osmartwatch.ru
osoboe-mesto.ru
ossis-med.ru
ostrovtenerife.ru
otatuo.ru
otchetdom.ru
othercakes.ru
otpb.com.ru
ottisk-irk.ru
oukitel-recovery.ru
out-board.ru
overwiki.ru
ovistroy.ru
oxygenair.ru
oz9.ru
oztop.ru
p-svs.su
paintball44.ru
palantins.ru
palatki-optom.ru
panovaolga.ru
panteon39.ru
paralay.ru
paraskewa.ru
parem.lilomarket.ru
parfyumeria-optom.ru
parking-koltsovo.ru
parmix.ru
parsing-saitov.ru
partalatorrent.3dn.ru
pasportrf.ru
patrikidaily.ru
pavlovskppk.ru
pazon.ru
pchela-smerti.ru
pchelka-clin.ru
pcvector.ru
pechatbannera24.ru
perekup.ru
perevodika.ru
perevozkino76.ru
perimetor.ru
pervovkys.ru
petersburg-docs.ru
petro812.ru
petsguide.ru
photofiesta.ru
php.su
piondelivery.ru
pionstudio-nails.ru
pk-vmeste.ru
pkamsg.ru
plame.ru
planetakatalog.ucoz.ru
plansada.ru
planshet2you.ru
plitka-po-karmanu.ru
plitka-work.ru
pnkbel.ru
po-pogode.ru
pocketoption.ru
podarki-dlya-doma.ru
podarok-idei.ru
podarokzaim.ru
podolsk-drink.moy.su
podolsk-pivo.moy.su
podolskskorohody.ru
podpisany.ru
podss.evosell.ru
podvorye-nsk.ru
pojaranet.ru
pojimport.ru
pokatili.ru
poketoption.ru
pokkkerdommm283f.ru
pokupaem-preparaty.ru
polbza.ucoz.ru
politekonomika.ucoz.ru
politryk.ru
polivskill.ru
polza-digital.ru
pomorlogistic.ru
pomors-way.ru
poolblog.ru
pornozad.ru
port-press.ru
portal.nov.ru
portugalno.ru
poselki-man.ru
poselokfavorit.ru
poseloksputnik.ru
posol.ucoz.ru
postgnome.ru
potok-rem.ru
potolkiemiss.ru
potolok-clipso.ru
poverkamiass.ru
powardom.ru
power-fit.su
powerhitradio.ru
ppazip.ru
ppersonal.ru
ppg-mod.ru
ppokeerdom-amp3m3.ru
ppz-khv.ru
pragatrips.ru
prav-status.ru
pravoslavniy-mayak.ru
pravoup.ru
prcse.ru
pred-log.ru
prettymp3.ru
prezent-spb.ru
prideina-course.ru
prioritet-n.ru
prizma-stom.ru
pro-mnogoe.ru
pro-tomaty.ru
pro-uslugi.ru
pro.novibox.ru
probkoscope.ru
procuror-osetia.ru
prodavekst.ru
production-line.ru
produkti-iz-finlandii.ru
proektmagnit.ru
proextreme-crimea.ru
profmedosmotry.ru
profraboty.ru
progite.ru
programart.ru
progruming.ru
prokostum.moy.su
prokuror-tula.ru
prom-pokraska.ru
promlebedka.ru
promptbase.ru
proneobux.ru
prookna.ucoz.ru
propki.ru
proplitki.ru
prostiralki.ru
prostyleadviser.ru
protect.anti-bots.ru
providosiki.ru
prudbros.ru
psihologiya-otnosheniy.ru
psycha.ru
psyural.ru
pticevodu.ru
ptsmani.ru
pubgga.ru
pujur.ru
py4ki.3dn.ru
pydocs.ru
pylt.mya5.ru
pzhrt.ru
qptop.ru
qq-new.ru
qr3.ru
queen4u.ru
quest-auto.ru
quizbaza.ru
r-g-d.ru
ra-kurs.ru
ra-zoom.ru
rabota-v-ceti.ru
radczn.ru
radio-fresh.ru
radiosvod.ru
raduga-live.ru
rafond.ru
ralavada.ru
raon.ucoz.ru
rasyanherb.ru
razbor-tsm.ru
razniekuhni.ru
razvlekun.ru
rbcommunity.ru
rbcpromo.ru
rbkcard.ru
rc-zheneric.ru
rccs53.ru
rcd.online-generilk.ru
realdengi.ru
recastavto.ru
redaleti-studio.ru
redlabs.ru
reg-garant.ru
reg-moskva.ru
reg-moskva377.ru
reg-moskva477.ru
reg-moskva577.ru
reg-moskva77.ru
reg-vr.ru
rehab-omsk.ru
release.su
religiamira.ru
religionpeace.ru
relsy-relsy-shpaly-shpaly-salon.ru
remcomphelp.ru
remont-ekaterinburg-service.ru
remont-okon-nn.ru
remont-ot-zheni.ru
remont-segodnya.ru
remontaeg.ru
remontkvartirvsankt-peterburge.ru
remtehspec.ru
rent-nlk.ru
rentforce.ru
reo-print.ru
repetutor.ru
resident-service.ru
residentcomedy.ru
restoran-astoriya.ru
reustauransever.ru
reversecom.ru
revolveclothing.ru
rf-lg.ru
rg-mechanics.3dn.ru
rgdom.ru
rgpk-revda.ru
rgups23.ru
ribamorie.ru
rifsilver.ru
rikudou.ru
rio-3d.ru
rio-motors.ru
riomag.ru
risingbyte.ru
ritmosfera.ru
rjjaka.ru
rk-service.ru
rkm-donbass.ru
rko-service.ru
rm-moto.ru
rnbee.ru
rnd.ru
roccoclub.ru
rocko-spc.ru
rodoswet.ru
rolling-pizza.ru
rooflife.ru
roschit23.ru
rosinka19.ru
rostest24.ru
rotarytramplin.ru
rpbri.ru
rpl-online.my1.ru
rsm-perm59.ru
rsokna.ru
rstorona.ru
rsz35.ru
rt21.ru
ru-binarium.ru
rubusd.ru
rulife.ru
rus-fit.ru
ruscustomsinform.ru
ruskaluga.ru
rusplt.ru
rusrealart.ru
russan.ru
russiandesignhub.ru
russianunesco.ru
russlang.ru
rutimber.ru
rutvshow.ru
ruzainfo.ru
rzdhack.ru
rzhom.ru
rznblank.ru
s-tos.ru
sacral-altai.ru
sad4-karpinsk.ru
sadovaya53.ru
safe-web.ru
safranna.ru
sait-knigi.ru
saivpds.ru
sakhalinorient.ru
sakhmidicom.ru
sakiz.ru
salavat.unibo.ru
sale-simcard77.ru
salemedal.ru
saleppu.ru
sales-search.ru
salgir.su
san-obolsunovo.ru
sangrial.ru
santehnika-service.ru
santehstatus.ru
saomotors.ru
saratov-box.ru
saratov.poletparaplan.ru
saratow.sarhotpopki.ru
sariolla.ru
sat-kaluga.ru
save4k.ru
save4k.su
sayanytuva.ru
sb-promcentr.ru
sberkom.ru
sborniy-gruz.ru
sbs-company.ru
scalemart.ru
scandicon.ru
scentre-vrn.ru
school14angarsk.ru
school24-pkgo.ru
school35artem.ru
schoolrobo.ru
schoolturginovo.ru
schweiztour.ru
scool29.ucoz.ru
scrapheap.ucoz.ru
scriptone-studio.ru
sd-tkani.ru
seafood-russia.ru
secool.ru
sekretar-info.ru
semianich.ru
seo-elita.ru
seo2ch.ru
seomy.ru
seosolution.com.ru
sergey-volkov.ru
sergiev-posad.ru
serlair.ru
serve.su
service-center-asusremont.ru
service-medi.ru
servicecentermsi.ru
servis-medi.ru
servis-rbt.ru
sevane.ru
sevastopol-detox.ru
sever-trast.ucoz.ru
severka-ural.ru
sevia.ru
sew-lab.ru
sex-news.ru
sex-pics.ru
sexi-model.ru
sferauristov.ru
sg-shar.ru
sharavoz.ru
sharikinadom.ru
shcool-in1.ru
sheben-msk.ru
shedevrs.ru
shieldproject.ru
shifaurman.ru
shipcity.ru
shmel-service.ru
shopkolibri.ru
shopstartup.ru
showtamtam.ru
shpilkashop.ru
shushbor.ru
sibinko.ru
sibirskoebogatstvo.ru
sibrehab.ru
sibtourport.ru
sim-box.ru
simmonsru.ru
simp.ru
sinicaxo.ru
siniizaim.ru
sintegration.ru
sisoftgroup.ru
sisterscafe.ru
site-pocket-option.ru
sitelance.ru
sitex-group.ru
skdiamant.ru
skif-russia.ru
skmansarda.ru
skole31.ru
skolkozarabatyvaet.ru
skompleks.ru
skorzaym.ru
skulpteam.ru
skupix.ru
sky-runner.ru
slovolom.ru
smbx.su
smet.su
smm-project.ru
smmaward.ru
smmb2b.ru
smmoffice.ru
smol-art.ru
smr02.ru
smwfest.ru
snabdimvas.ru
sneakerfreakermagazine.ru
snow-media.ru
snr.clan.su
sntpobeda.ru
soap22.ru
sobtphoto.ru
soc-karta.ru
soccer-arena.ru
soccerfame.ru
socialka-balashiha.ru
soft-crimea.ru
softcomputing.ru
sokmusic.ru
solidarnosti21-2.ru
solidworker.ru
sollargroup.ru
solnsad.ru
somniya.ru
sonata-ug.ru
songme.ru
sorobr6.ru
sosenskoe-omsu.ru
spamaniya.ru
sparkling-ideas.ru
spasau.ru
spb-kt-mrt.ru
spb-registratsia58.ru
spb-registratsija178.ru
spb-registratsija278.ru
spb-registratsija378.ru
spb-registratsija78.ru
spb-vyvoz.ru
spb.rope-jumper.ru
spbnaslednik.ru
spektr46.ru
spets-24-dok.okis.ru
spets-324.okis.ru
spets-dok.okis.ru
spets-ooo-7.okis.ru
spets-prav.okis.ru
spets-ru.okis.ru
spets-xz.okis.ru
spheroiduniverse.ru
spokblog.ru
sport-suspension.ru
sputnik.kinm.ru
spvsamare.ru
srcn-zabitui.ru
srubimillion.ru
ss-ek.ru
sskmorf.ru
st-catering.ru
st-ver.ru
st42.ru
starnovosibirsk.ru
stav11.ru
stavsad12.ru
stavsad34.ru
stavsad54.ru
stavsharik.ru
stdst.ru
steffnomidi.ru
stellamebel.ru
stepstoschool.ru
stillag.ru
stixishok.ru
stomaget.ru
stomp3.ru
stonebridgeagency.ru
storm-print.ru
streetm.ru
strelec.ucoz.ru
stroi-base.ru
stroisertifikat.ru
stroy-np.ru
stroyka-magazine.ru
studio-rgb.ru
stvor-nsk.ru
success-travel.ru
suharevskiy.ru
sushi-mushi.ru
sushka-pro.ru
suvar.su
sv-stil.ru
svarka-sss.okis.ru
svofond.ru
svyatskiy.ru
swapzone.ru
sws-sochi.ru
sxteh.ru
syamozero.ru
systemsauto.ru
szgi.ru
tabac-master.ru
tabachka24.ru
tabachnic.ru
tabachniray.ru
taiyo-vostok.ru
taksi-forsazh.ru
taobaorussian.ru
tatmvl.ru
tatshowbaby.ru
tazovod.ru
tbilisoba-kafe.ru
tdarbat.ru
tdross.ru
teberda-school1.ru
tech.ru
techtravel.ru
tehno72.ru
tehnosadov.ru
tehosmotrekb.ru
tehprog.ru
tek100.ru
tekstovoi.ru
telegrum.ru
temperaturavody.ru
teplostar-auto.ru
teplozvukoizol.ru
terdeti.ru
tereshka.ru
terramara.ru
territoriya-cafe.ru
teterinfilm.ru
tetrad-smertii-animego.ru
tgpush.ru
thaichokdee.ru
the-review.ru
thestand.ru
thorcable.ru
threeoldmen.ru
thrones-online.su
tigonpro.ru
tikvpn.ru
timrom.ru
tjchajmx.ru
tkanimira-rzn.ru
tkanisolntsa.ru
tkdtat.ru
tkzhd.ru
tm138.ru
tmgroup.su
tmn.indi-shop.ru
tmtpo.ru
to-prosto.okis.ru
to-school.ru
tobacco82.ru
tobtp.ru
tok-store.ru
tokyotula.ru
tomi4.ru
tomsk.rozaflowers.ru
tomskjs.ru
tomskmaslo.ru
top.doramalivec.ru
toppozdravleniya.ru
topstirka.ru
topvoin.ru
torgtut.ru
torrent-gamens.ucoz.ru
torrent-update.3dn.ru
torrentik.3dn.ru
torrentis.3dn.ru
torrents-games.ucoz.ru
tortugacorp.ru
trafficgu.ru
trail8.ru
traktor-24.ru
tramalretard.okis.ru
transgazstroy.ru
translation-service.ru
trattoriacafe.ru
trial-auto.ru
trikop.ru
trk-alrosa.ru
trollings.ru
true-detective-series.ru
trv-science.ru
ts-koncert.ru
tsgc.ru
ttmodd.ru
tualetnaya-bumaga.ru
turkeytextile.ru
turkkino.ru
turservisnews.ru
tut-mp3.3dn.ru
tut-prokrastinaciya.ru
tutor-lang.ru
tv.novibox.ru
tv502.ru
tv537.ru
tvsmena.ru
tvtvtv.ucoz.ru
tvvse.my1.ru
u-sol.ru
u-tune.ru
ubsp.ru
udelnaya-admin.ru
ufa-master.ru
ufo-forum.ru
ugg-diskont.ru
ugra-trud.ru
uk-apella.ru
uk-standart.ru
ukauk.ru
ul-fish.ru
ulov1.ru
ulyba.ru
umkran.ru
unicumvrn.ru
unikon-lab.ru
unimoscow.ru
unior-med.ru
unotalone.ru
upala-moneta.ru
upwms.ru
upxupxupxupxupx-r20amp.ru
urallabforum.ru
uralspecmash-td.ru
urban3p.ru
urright.ru
usabilist.ru
utngroup.ru
uventa.okis.ru
uvisator.ru
v2rayrun.ru
v2rayttun.ru
v2rayun.ru
vamblank.ru
vamosonline.ru
vapermen.ru
variant-zvd.ru
vash-sad.my1.ru
vashtalant.ru
vashtyl67.ru
vavcas.ru
vdom.moscow
vek-karkasa.ru
veksfp.ru
velikiy-pushkin.ru
vendixs-carpets.ru
vent-vozduh.ru
verdimedia.ru
vernisage73.ru
versten.ru
vertikal-pechatniki.ru
ves-uteplitel.ru
veteranrostovdon.ru
veteranvtu.ru
vgai24.ru
vgil.ru
viageneric.ru
viagra39.okis.ru
vibedesign.ru
vida4ok.ucoz.ru
video.rufox.ru
video35.ru
vidnoeterm.ru
vido-hd.novibox.ru
viewcinema.ru
viktorovats.ru
villa-chaika.ru
villa-pasta-rest.ru
villalime.ru
villaonsamui.ru
vilmru.ru
visa-vasha.ru
vitolife.ru
vivalima.ru
vk-public.ru
vkfull.ru
vkusnoperm.ru
vl-klimat.ru
vladimirgyngazov.ru
vless-vpn.su
vmeste-vazhno.ru
vmeste76.ru
vnema.ru
vneshmarket.ru
vocalspace.ru
vocnt.ru
voda-sarova.ru
vodavend.ru
voenbilet.narod.ru
voenkomoff.ru
voland.moscow
volnistyipopugai.ru
volodarskiy.su
volonter-oksu.ru
vominzdrav.ru
vorontsov-fit.ru
vosparim.3dn.ru
vozdvizhenka-centr.ru
vpn4telegram.ru
vpn4whatsapp.ru
vpnsafe.ru
vpnturkey.ru
vpsworld.ru
vrnhandball.ru
vtb24-onlin.ru
vtorplastpro.ru
wake-league.ru
wargamingalliance.ru
warstoy.ru
wasabi-shop.ru
washastirka43.ru
watch-online-hd.3dn.ru
wcomega.ru
web-present.ru
web.f3zone.ru
webfactura.ru
webgamer.ru
webheroschool.ru
webkin.ru
webklik.ru
webstandardsdays.ru
wiki.hightgames.ru
womanwellness.ru
wooinfo.ru
wowpediak.ru
wowpediar.ru
wowportret.ru
wowurok.ru
wpets.ru
www.4italka.ru
www.agsvyazi.ru
www.allsoccer.ru
www.ambamadagascar.ru
www.anilibriatop.ru
www.aquasub.ru
www.arttest.ru
www.asorin.ru
www.auditorium.ru
www.belcol.ru
www.boomtv.ru
www.burgermeister.ru
www.champagnepro.ru
www.cigar-smoker.ru
www.cnc-club.ru
www.cpros.ru
www.cspizmailovo.ru
www.cubevape.ru
www.den-star.ru
www.dereviasha.ru
www.detsad164.ru
www.discountbaby63.ru
www.djbook.ru
www.dk-metallurg.ru
www.eisenstein.ru
www.eko-village.ru
www.elesmoker.ru
www.ex-tv.ru
www.ezobox.ru
www.forsazh-sto.ru
www.funnytavern.ru
www.funomania.ru
www.gdz-free.ru
www.gigant-hall.ru
www.gis42.ru
www.gizmonews.ru
www.gomuzyk.ru
www.holiworld.ru
www.holove.ru
www.iris-nn.ru
www.istorex.ru
www.izmedic.ru
www.kazak-teatr.ru
www.krokkopizza.ru
www.lekass.ru
www.llumar-s.ru
www.loft161.ru
www.lovach.ru
www.ludirosta.ru
www.malgb.ru
www.megalitvint.ru
www.merchclub.ru
www.mirstk.ru
www.mnogobook.ru
www.mobzvonok.ru
www.moschat.ru
www.motoforum.ru
www.mp3bass.ru
www.mt-center.ru
www.multimenu.ru
www.muslimka.ru
www.muzland.ru
www.myprice74.ru
www.oksiji13.ru
www.only-bike.ru
www.orthomama.ru
www.perekup.ru
www.planeta-nsk.ru
www.proglaza.ru
www.prokuror-tula.ru
www.pussy-cat-hotel.ru
www.pvz-map.ru
www.radiolamps.ru
www.rateru.ru
www.revolveclothing.ru
www.rodi.ru
www.rootelecom.ru
www.rubhoz.ru
www.rumos-kia.ru
www.russianunesco.ru
www.sdmpress.ru
www.sharavoz.ru
www.shegadm.ru
www.socioforum.su
www.sovietposters.ru
www.spbstu-eng.ru
www.sskmorf.ru
www.startup-altai.ru
www.stereotraker.ru
www.stksystem.ru
www.stroybaza-kmv.ru
www.svidaniesrossiev.ru
www.td-mdm.ru
www.teatr-elf.ru
www.teatr-pokolenie.ru
www.teros63.ru
www.trial-auto.ru
www.trioreha.ru
www.tvair.ru
www.uk-apella.ru
www.utngroup.ru
www.viaunica.ru
www.vkstoi.ru
www.vmestetv.ru
www.xn--90aau9bec.xn--p1ai
www.xn--d1abqqgea.xn--p1ai
www.xn--d1alcghbb.xn--p1ai
www.yarp-online.ru
www.zavodritm.ru
www.zhuk-book.ru
www.zkhpro.ru
x-bicycle.ru
xgew.ru
xn------5cdb2azjg0bacmqpajyhx.xn--p1ai
xn-----6kcaac7alcojg8b4algy5gwdo.xn--p1ai
xn-----6kccad2amecpru7a1dzh.xn--p1ai
xn-----6kccgc6bbalvqdfk0h9a2gra.xn--p1ai
xn-----6kcdczrcrweih3dxdte4a.xn--p1ai
xn-----6kcj5ahllhg7bca2lwb.xn--p1ai
xn-----6kcrbgsmjrn3bno1exe6a.xn--p1ai
xn-----8kcagqynk2avt1b4g4b.xn--p1ai
xn----157-4ve8czbqe.xn--p1ai
xn----327-4ve8czbqe.xn--p1ai
xn----5-5cdfztilj2adckiy0h.xn--p1ai
xn----77-53d0c9aoe.xn--p1ai
xn----7sba7agpnbgra6h.xn--p1ai
xn----7sbaa3bkkbb7aezde9p.xn--p1ai
xn----7sbaabjfr0cyatxj1jud.xn--p1ai
xn----7sbaaby2bkezjije0k2b3b.xn--p1ai
xn----7sbabaacm3f0atfx2ge.xn--p1ai
xn----7sbabhdjma9b4b1bk.xn--p1ai
xn----7sbabvdnuopfoncq0ug7a.xn--p1ai
xn----7sbade5cmje3b.xn--p1ai
xn----7sbahmvv0acge7aza.xn--p1ai
xn----7sbalh5aeee3ab7c6b5d.xn--p1ai
xn----7sbaoxrl0bj.xn--p1ai
xn----7sbario5ddbegf2n.xn--p1ai
xn----7sbba0baelndt4bdk4bkz.xn--p1ai
xn----7sbbaazuatxpyidedi7gqh.xn--p1ai
xn----7sbbabfv1celgiw1jve.xn--p1ai
xn----7sbbagfd5bmpxdb0a4j.xn--p1ai
xn----7sbbahsbyuecos6anlfe2cyb1f.xn--p1ai
xn----7sbbdasdmncbt0bbkk7aiv5d.xn--p1ai
xn----7sbbdpcao1bvoaz0s.xn--p1ai
xn----7sbbg0aehdnpftn3nna.xn--p1ai
xn----7sbbhc6dhccajjyf.xn--p1ai
xn----7sbbklaohq4cgghdsh.xn--p1ai
xn----7sbbklsjofbwy6a7c.xn--p1ai
xn----7sbblalas3cgbzmqckcv.xn--p1ai
xn----7sbbowaamdhhra.xn--p1ai
xn----7sbbsodje2ceg1d.xn--p1ai
xn----7sbecb7abcbog5aifbxmoecbw.xn--p1ai
xn----7sbenasowphnig7bm.xn--p1ai
xn----7sbfophekqcpt.xn--p1ai
xn----7sbgaotba8amdismejk.xn--p1ai
xn----7sbhhcer4cdotco3c2d.xn--p1ai
xn----7sbhla6bdaiftt4a.xn--p1ai
xn----7sbhlbohfboqmgsdndecx9r4b.xn--p1ai
xn----7sbxitdhykb8a.xn--p1ai
xn----7sbzgiggdb3a1e.xn--p1ai
xn----8sbafclzu9af4b.xn--p1ai
xn----8sbafpo0a5aqk.xn--p1ai
xn----8sbah2akjnktmbli4a5n.xn--p1ai
xn----8sbbgddl1fsbzas.xn--p1ai
xn----8sbecmnepftxqlq8k.xn--80adxhks
xn----8sbekc3asjaachoqi.xn--p1ai
xn----8sbfdefa7b3abccaecbclcdlzn2b.xn--p1ai
xn----8sbgvjtfbedkjx.xn--p1ai
xn----8sbp0cbcaed7b6c.xn--p1ai
xn----8sbplhujbpabbsb.xn--p1ai
xn----8sbwahk2bjf.xn--p1ai
xn----913-4ve8czbqe.xn--p1ai
xn----918-4ve8czbqe.xn--p1ai
xn----9sblbqlfep3dwa4f.xn--p1ai
xn----btbbhgbt7d5c.xn--p1ai
xn----btbcgfanit2anokqk3a.xn--p1ai
xn----btbkvf0abhbsf.xn--p1ai
xn----btbkvidjbshif8a.xn--p1ai
xn----btbvipfkyy3f.xn--p1ai
xn----ctbbk0camjfe.xn--p1ai
xn----ctbib0aepeciitg.xn--p1ai
xn----dtbethkckcqkm.xn--p1ai
xn----dtbhveehhcachh6ad.xn--p1ai
xn----dtbqbh2acczh6h.xn--p1ai
xn----ftb5aibfdggc0czb.xn--p1ai
xn----htbdjd0ah9an.xn--p1ai
xn----itbabasxiaeevhy9gxbye.xn--p1ai
xn----itbbahjntefawoeahls5b9l.xn--p1ai
xn----itbbhgldwdwp6j.xn--p1ai
xn----itbkcijdbf2ab0f9b.xn--p1ai
xn----otbfeheedce.xn--p1ai
xn----ptbecmccckjot8l.xn--p1ai
xn----stbbejdczki4hc.xn--p1ai
xn----ttbicdn.xn--80adxhks
xn----wtbfbbaab7g4a.xn--p1ai
xn---1-6kc3bfr2e.xn--p1ai
xn---2-7kcd7acicn9a8agd3k.xn--p1ai
xn---31-2dd5aectd.xn--p1ai
xn---72-5cdjun7aiel0sf.xn--p1ai
xn--05-vlciiifbp.xn--p1ai
xn--10--pddxun.xn--p1ai
xn--101--83d3avwt3bl4c.xn--p1ai
xn--145-5cdtbf0hi.xn--p1ai
xn--16-7lc0b.xn--p1ai
xn--16-dlcuebap5e.xn--p1ai
xn--161-5cdal8dgrxr4n.xn--p1ai
xn--18-mlclbmm1bbk3f.xn--p1ai
xn--2-ttbdlal1i.xn--p1ai
xn--21-6kcichhfdwaxf8a4b.xn--p1ai
xn--22-6kcpuwjfati.xn--p1ai
xn--24-6kc6a4adipd.xn--p1ai
xn--24-6kch4am7ar1g.xn--p1acf
xn--3-8sbbhml3az.xn--p1ai
xn--5-7sboapmtnrm8aj.xn--p1ai
xn--6-7sbolzbuoe.xn--p1ai
xn--61-6kca9c8ajn8e.xn--p1ai
xn--63-6kciifypn6alk.xn--p1ai
xn--63-gmcdgdk.xn--p1ai
xn--74-1lci4a.xn--p1ai
xn--74-6kc5ck.xn--p1ai
xn--76-mlcufsri.xn--p1ai
xn--80a6aabdck.xn--p1ai
xn--80aa3aamfkdiex7b2g.xn--p1ai
xn--80aaaaogdzqkxprmgaj6f3a.xn--p1ai
xn--80aaacnffa9ak0a4byaj.xn--p1ai
xn--80aaadq2bbirx1b9f.xn--p1ai
xn--80aaag0c.xn--p1ai
xn--80aaaioo1bnw0a6g.xn--p1ai
xn--80aabbccm2fbewc1l.xn--p1ai
xn--80aabfmaaepme8apgibd7aj.xn--p1ai
xn--80aabp4admdwps6h.xn--p1ai
xn--80aabsiiow2bza.xn--p1ai
xn--80aacd6cj1a.su
xn--80aackagcfljt4bdnty.xn--p1ai
xn--80aadwgabakd4ei.xn--p1ai
xn--80aaebfbaatuh5ac5ahep6z.xn--p1ai
xn--80aaekbwh2agta9b.xn--p1ai
xn--80aaf6adeapd2a5m.xn--p1ai
xn--80aaflikgbhrtckpug.xn--p1ai
xn--80aafsiardahjgme5p.xn--p1ai
xn--80aafzchdnk.xn--p1ai
xn--80aag3abqgfgksc.xn--p1ai
xn--80aagwcmqkqjjc5b8c.xn--p1ai
xn--80aahjm4cdn.xn--p1ai
xn--80aahknjxvwcc6c.xn--p1ai
xn--80aaiuhguvq7c1b.xn--p1ai
xn--80aajbp5bep.xn--p1ai
xn--80aakfkdcc4bsohd9e2g.xn--p1acf
xn--80aalkh8aya.xn--p1ai
xn--80aalr8anf.xn--p1ai
xn--80aannod0bi3b.xn--p1ai
xn--80aanthkccaazxj7b5f4b.xn--p1ai
xn--80abapp6ar0j.xn--p1ai
xn--80abcitymdt0m.xn--p1ai
xn--80abi2bc2a1a4e.xn--p1ai
xn--80abkwcfrcbhitp0l.xn--p1ai
xn--80abvfi8b.xn--p1ai
xn--80accnaag4dgkf0m.xn--p1ai
xn--80aclbwjd3b6g.xn--p1ai
xn--80acmmjhihrlafkd6m.xn--p1ai
xn--80acq4akmah.xn--p1ai
xn--80adahfni9aed0a8c6de7d.xn--p1ai
xn--80adal0awnk7a2h.xn--p1ai
xn--80adfebmfdd9bcj2aehigc7v.xn--p1ai
xn--80adijlskp.xn--p1ai
xn--80adjkkk3alj.xn--p1ai
xn--80adku7df.xn--p1ai
xn--80aeaaegcf2ai1bobbaiqb0aefq6e8m.xn--p1ai
xn--80aekcjne1b0a.xn--p1ai
xn--80aergbzn3a7a7a.xn--p1ai
xn--80af5ak6c.xn--p1ai
xn--80afceyc1andp9a.xn--p1ai
xn--80affnhvsoi.xn--p1ai
xn--80aggee9ai4a5f.xn--p1ai
xn--80ahccncojo6b2a.xn--p1ai
xn--80ajaptcbrbecdbsi6c1e.xn--p1ai
xn--80ajijskcm3d.xn--p1ai
xn--80akhco1afid.xn--p1ai
xn--80akpacj1ag6g.xn--p1ai
xn--80akpqcais.xn--p1ai
xn--80anb2a2c.xn--p1ai
xn--80anhfi7b3a3b.xn--p1ai
xn--80aq2abkz.xn--p1ai
xn--80aqafgbagmva5b.xn--p1ai
xn--80aqgckvh6f.xn--p1ai
xn--80axeqj.xn--p1ai
xn--90a1af.xn--80abbembcyvesfij3at4loa4ff.xn--p1ai
xn--90aamhee5atpy1h.xn--p1ai
xn--90aaxhcobc8ajk9bzc.xn--p1ai
xn--90acgdicqi6e6d.xn--p1ai
xn--90achb0aedo7cu7e3a.xn--p1ai
xn--90adndldtfm4i.xn--p1ai
xn--90ahkico2a6b9d.xn--b1ajukhp0cb.xn--p1ai
xn--90aiondg.xn--p1ai
xn--90aoaxu.xn--p1ai
xn--90aofbbbihib2d6fkck.xn--p1ai
xn--99-nmca3d.xn--p1ai
xn--b1ademzq.xn--p1ai
xn--b1adz9a.xn--p1ai
xn--b1aecnhpdiajtx.xn--p1ai
xn--b1afckfccg1ahmp.xn--p1ai
xn--c1a8aza.xn--p1ai
xn--c1abdnzp9h.xn--p1ai
xn--c1acdmmrbyl.xn--p1ai
xn--c1adxcebk4d3bb.xn--p1ai
xn--c1aejededqi2and8i.xn--p1ai
xn--c1aeldabzddyu.xn--p1ai
xn--c1avcehq8d.xn--p1ai
xn--d1abbzkrl2h.xn--p1ai
xn--d1acaxm.xn--p1ai
xn--d1acihofeahkcego1l.xn--p1ai
xn--d1acjancf.xn--p1ai
xn--d1acohjckgep.xn--p1ai
xn--d1afeai5ag2d.xn--p1ai
xn--d1alcghbb.xn--p1ai
xn--e1adeiijk.xn--p1ai
xn--e1adivfhak.xn--p1ai
xn--e1afbfccvgpf6f9a.xn--p1ai
xn--e1afbsbbgnq6j.xn--p1ai
xn--e1afd5acdbc1b5b.xn--p1acf
xn--e1agflcgp4g.xn--p1ai
xn--e1akbgfenp9gh.xn--p1ai
xn--e1amg1bxa.xn--80atei4cxafy.xn--p1ai
xn--g1abbplgy6b.xn--p1ai
xn--g1anil6c.xn--p1ai
xn--h1adbnbbbn1ed.xn--p1ai
xn--h1aobz.xn--p1ai
xn--j1ael8b.xn--b1agc5a4f.xn--p1ai
xn--j1aelk.xn--p1ai
xn--j1ajc6c.xn--p1ai
xn--l1acaoe.xn--p1ai
xn--l1akf1c.xn--p1ai
xn--o1abk.xn--p1ai
xpets.ru
xxivek14.ru
yablavka.ru
yachtsrus.ru
yaponovod.ru
yaravia.ru
yargimnastika.ru
yaroland.ru
yarsiti.ru
yerka.org.ru
yescourses.ru
yetimedicine.ru
yoga-love.ru
yogamate.ru
yolopizza.ru
yorki-kristal.ru
youcomf.ru
youleads.ru
youthbusiness.ru
youtube-monitor.ru
yulia-varra.ru
yunastudio.ru
yurevets.3dn.ru
z4c.ru
zab-gto.ru
zaem-ok.ru
zaembe.ru
zahodi-posmotri.ru
zaim-dynai.ru
zaim-irk.ru
zaimot.ru
zakladchitsa.ru
zakonmigro.ru
zalogdoveriya.ru
zamenarenault.ru
zamkiiruchki.ru
zaogeomaster.ru
zapadrus.su
zarafshan.ru
zavodporevit.ru
zavodritm.ru
zavodspecnozh.ru
zayavka-kr.ru
zazebok.ru
zbuket.ru
zdorovye43.ru
zelenergy.ru
zelraki.ru
zemli-for-sale.ru
zemlinsk.ru
zemlykov.ru
zeo55.ru
zhaktrans.ru
zhyvoi.ru
zinros.ru
zolotoyulov.ru
zosh.ru
zplaza-bc.ru
zs-live.ru
zub-help.ru
zvonkaya.ru
zwebspace.ru
