003.su
1-vet.ru
10i5.ru
127-zakon.ru
1crashgames.ru
1fabrikalestnic.ru
1gut.novibox.ru
1hd.novibox.ru
1mgimo.ru
1rby.ru
1red.novibox.ru
1zagran.ru
220-sp.ru
25medvedey.ru
29n-spr.ru
2mp3.ru
2zi.ru
31daysfotofest.ru
357gr.ru
3dcolar.ru
44ru.ru
45km-auto.ru
495time.ru
4cheat.ru
4elgaz.ru
4italka.ru
4italka.su
5dayin.moscow
69-porno.ru
6mbdou.ru
7karat.ru
7nebo.ru
8clips.ucoz.ru
8lovewomen.ru
95.3dn.ru
989n-spr.ru
a-era.ru
a-zodchiy.ru
a.hglab.ru
a3kuhni.ru
abadacapoeira.ru
abkhazia-prokat.ru
abp-mebel.ru
abraziv-nn.ru
academygeodom.ru
academyremonta.ru
aclass.ru
actiontours.ru
activebodyguide.ru
activekiddy.ru
acudao.ru
ad-a.ru
ada-overland.ru
adoptionbaby.ru
advcontora3.ru
advleks.ru
aerostarconference.ru
af-urist.ru
ag-box.ru
agidel.naikborzov.ru
agro07.ru
agroklad.ru
agromer.ru
agroprognoz.ru
agroprom82.ru
agrorulider.ru
agroxperia.ru
agsa.ru
ahqdttzc.ru
aias.ru
aiduolaa.ru
aifrostov.ru
aikido12.ru
aim-life.ru
aincrad.su
airbnb-rus.ru
airnavigation.ru
akadem-iap.ru
akademiasmesi.ru
akb-chelyabinsk.ru
akcentc.ru
aklkkotofey.ru
akppeshka.ru
akra-city.ru
aktiv23.ru
akunamatata.su
alacrit.ru
alanla.forum24.ru
albico.ru
aldst.ru
alemarmed.ru
alex-motor.ru
alexahair.ru
alexandraserova.ru
alfaautosochi.ru
alfamasterpodbor.ru
alisaparket.ru
alkodomodedovo.moy.su
alkogol-khabar.ru
allaboutdogs.ru
allcharter.ru
allfan.ru
alliance-pravo.ru
alligatpro.ru
alltasty.ru
allure-pol.ru
allvend.ru
alnit.ru
alt-smoke.ru
altai-bread.ru
altaipant.ru
altlotr.ru
aluen.ru
alvea.ru
amakids-strogino.ru
amalgama-band.ru
ambassador174.ru
amdm.ru
ameta-vrn.ru
amg-detailing.ru
amurmilk-promo.ru
amurstone.ru
anamvseravno.my1.ru
anapa-turbaza.ru
andrewrat.ucoz.ru
angel-td.ru
angel-toys.ru
aniborrent.ru
anichi.su
anilibrtop.ru
anime-dandadan-jut-su.ru
anime-romanticheskie.ru
anime.anilibriatop.ru
animeflow.ru
animego-harakiri.ru
animego-kanishiwa.ru
animego-naruto-shipudden.ru
animego-still-alhimick.ru
anirniit.ru
annablinova.ru
ano-map.ru
anonymousdnr.ru
anourt.ru
anstroi.ru
ansya.ru
ant-edu.ru
ant-world.ru
antiguabarbuda.ru
antique-terem.ru
anuchinsky.ru
apachan.ru
apomusic.ru
apostil24.ru
appcherkessk.ru
apt33.ru
aqvakr.forum24.ru
aratai.ru
archimir.ru
archmart.ru
archmodern.ru
arendaman.ru
arh-orchestra.ru
arhyz-guide.ru
ark-models.ru
arka-solntsa.ru
armaprom-nsk.ru
armenikum.ru
armgarant.ru
armo-red.ru
armru.ru
arsnews.ru
art-glaz.ru
art-lash.ru
art-light-city.ru
art-proekt.su
artelstudio.ru
artemmian.ru
artemovskij.ru
artereal.ru
artikona.ru
artstroy123.ru
as-elektrik.ru
as-terra.ru
asbro.ru
asorin.ru
assyria-med.ru
astartamebel.ru
asteriayeisk.ru
astigreen.ru
astoria-pizza.ru
astrarez.ru
astrminobr.ru
atis-professional.ru
atmbud.ru
atom52.ru
attoverticale.ru
atv-moto.ru
audi-altufievo.ru
audiobooks.my1.ru
auditdoc.ru
audittdoc.ru
aurafilms.ru
auraofbohemia.ru
auto-lifan.ru
auto-u.ru
auto-zalog24.ru
autoland-ru.ru
autoosmotr.ru
autopluse.ru
autoprobegsmr.ru
autoproper.ru
autornd161.ru
av-sv.ru
avangard-artschool.ru
avangard1c.ru
avinastyle.ru
avklass.ru
avsmed.ru
avtera.ru
avto-otzovik.ru
avto-planeta72.ru
avto-ton.ru
avtoarhiv.ru
avtobestnews.ru
avtobzor.ru
avtocluch.ru
avtodrum.ru
avtogamak-vrn.ru
avtokreslo-shop.ru
avtomagazin55.ru
avtoparkelektro.ru
avtoremont-gm.ru
avtoroom.ru
avtoshir.ru
avtotrakt-baic.ru
avtotrakt-kaiyi.ru
avtovazsalon.ru
ayurveda-nk.ru
azbukadobra.ru
azcasgame.ru
aziator.ru
azmk28.ru
azot-neon.ru
b-interiors.ru
b.hglab.ru
b2boutique.ru
babybynature.ru
baddev.ru
badmivasil.ru
bafrus.ru
bahadur.ru
baikalphotofest.ru
bakumatsu1.ru
balastyle.ru
balet-msk.ru
balkon-so-vkusom.ru
banda0.sucat.ru
banditka.my1.ru
banya-kedr.ru
barashkarest.ru
barber-mafia.ru
barlandrus.ru
bastion54.ru
bb37.ru
bcclub.ru
be8.genvia.ru
beauty-faberlic.ru
beautycontraception.ru
beautyskincenter.ru
bedrikova.ru
beef-on.ru
bel12volt.ru
belgames.ru
beliveter.ru
bellesochi.ru
belpower.forum24.ru
beltlight-msk.ru
benevivamus.ru
berserrk-animego.ru
besstyzhietv.ru
best-movies.ru
best-party.ru
best-serv.ru
best-torrents.3dn.ru
best.knigiskachat.ru
bestartmodels.ru
bestdocs.ru
bezkulis.ru
bezpovoda.ru
big-group.ru
biggreenegg.ru
bigtimelab.ru
biinarium.ru
bikerkz.my1.ru
biletservis.ru
bingcha.ru
birds.ongames.su
bitbandits.ru
bitstudiodesign.ru
bizarreclub.ru
bizzai.ru
blanki-med24.ru
blizzcon.ru
blog.sliderweb.ru
blogyka.ru
blych-animego.ru
bmbagency.ru
boardgamers.ru
boat-ekb.ru
boat-fanat.ru
body-camera.ru
bolshieserdca.ru
bonhomedesign.ru
boo-i.ru
bookslib.su
bookzip.ru
bootur.ru
bostonpc.ru
box4u.ru
bp-auto.ru
brandsbags-shops.ru
bravofriends.ru
brextkino.ru
brickburo.ru
brigadabk.ru
bristest.ru
british-motors.ru
broadcast-park.ru
bronya72.ru
bropk.ru
brosko-mebel.ru
brw-mebel.ru
bsrz.crazybrothers.ru
bubblesmedia.ru
bufet74.ru
buhevent.ru
buhgcenter.ru
building-climate.ru
buki-repetitor.ru
buksir21.ru
bunger.ru
burgermeister.ru
bus-club.ru
butylkann.ru
buy-books.ru
bvgindustrial.ru
bytovo-drink.moy.su
bytovo-drink177.moy.su
c-lebrity.ru
c.hglab.ru
cairn-kennel.ru
callsystem.role.ru
calltarget.ru
camecaste.ru
camlunity.ru
car-tower.ru
carbolid.ru
caruda.ru
caspiankinoforum.ru
catering-voronezh.ru
cateringmagickey.ru
caxef.zoopolis78.ru
ccc65.ru
cccp-cafe.ru
ccsoft.ru
cd-tv.ru
cd0.ru
cdtlivenskiy.ru
cegav.lilomarket.ru
cenet.zoopolis78.ru
centr13.ru
central-bc.ru
centre-kuhni.ru
centre-sodeistvie.ru
centre7.ru
centrkurs-rub.ru
cfstom.ru
ch4.su
chale.su
chalkin.ru
chbot.ru
check-audit-split.ru
check-auditsplit.ru
check-for-splityou.ru
check-forsplityou.ru
check-person.ru
check.anti-bots.ru
checkauditsplit.ru
chelkalyan.ru
chelovek-benzopila-animego.ru
chelyabinsk.dmaps.ru
chereng.ru
chernavsky.ru
chery-vist.ru
chest-dostoinstvo.ru
choicify.ru
choize.ru
chzsm54.ru
cinema-chuckle.ru
cinema-expert.ru
cinema-sensation.ru
cineo.ru
citroen-yaroslavl.ru
city-mobil-brendirovanie.ru
city-on-volga.ru
city-stroy66.ru
ckrtkgyo.ru
clairi.ru
clasmaster.ru
cleanarea.ru
cleandrops.ru
cleanship.ru
cleantrail.ru
clever-dom.ru
climat-e.ru
cloudview.ru
club-doramu.ru
club5plus5.ru
cmpkursk.ru
cnc-club.ru
co19tula.ru
codex-vpn.ru
coma.su
comfortplus64.ru
comp-msk.ru
compomaster.ru
comunicart.ru
comunitech.ru
contemporarymusicfestival.ru
conversion-labs.ru
conveyor.ray-host.ru
cool-movie.ru
coolasia.ru
cordvo.ru
corpion.ru
cosmovape.ru
cotranslate.ru
coursetravel.ru
cpros.ru
craft-story.ru
crafthub.ru
crbmpurga.ru
crofr.ru
crossfire-megacheat.ru
crumbpenza.ru
cs-fan.ru
csprt.ru
ctc-chel.ru
cubinos.ru
cult-media.ru
cyprusflightpass.ru
cyty-mobil.ru
czargovyie-dveri.ru
d-giovanni.ru
d-sav.ru
d.hglab.ru
da-site.ru
damboo.ru
danceclass.su
dardhome.ru
daric.ru
daysprizogatella.ru
de-f.ru
dedvpn.su
dekokamni.ru
deltavolga.ru
deniz-sushi.ru
denrusguide.ru
denta-gagarin.ru
denta29.ru
dental-na-warshawke.ru
dentalnice.ru
dentpractice.ru
deshevyi.ru
design-inc.ru
designtelega.ru
destroy.forum24.ru
det-sad21.ru
detgazeta.ru
deti-e.ru
detsad20arm.ru
detsrsmon.ru
devi-devi.ru
dexa.ru
dezinfekcya.ru
dg-integrator.ru
diagcard.ru
diagtest.ru
digibu.ru
dimstroy-glass.ru
diphep.ru
diplvels.ru
diprf.okis.ru
direct-lids.ru
direct2.ru
discont-metiz.ru
discord1.ru
discountbaby63.ru
divan-st.ru
dkhouse.ru
dlyazdorovia.ru
dm-magazin.ru
dmd-drink.moy.su
dmobile.ru
dnk-spiral.ru
dnkom-otzyvy.ru
dns-shop.sliderweb.ru
dns2.ray-host.ru
dobroe-serdce.ru
dobzhanskycenter.ru
dochotel.ru
documentalnye.ru
dog-collar.ru
dogss-country.ru
dokkino.ru
dolg-raspiska.narod.ru
doma-karkasnye-moskva.ru
domashnyaya-kosmetika.ru
domofondar.ru
domolenta.ru
domophone72.ru
domoteka25.ru
domovidenie.ru
domtehgaz.ru
don-specmetiz.ru
donkvas.ru
doosan-irkutsk.ru
dop-235g.okis.ru
dopflat.ru
dopok-24.okis.ru
dorama24.su
doramafox.ru
dorame.su
doramu-club.ru
dorsovet.ru
dorstroinadzor.ru
doverie-bfl.ru
dowcursor.ucoz.ru
dpcprim.ru
dpo-centre.ru
drink177.moy.su
drive-up.ru
dronefest.ru
dropyjyb.ru
ds22kch.ru
ds22romashka.ru
dshi4.ru
dshikozlovskogo.ru
dt-school.ru
dubki-vpn.ru
dublicator.ru
dudekino.ru
dudom.ru
duma21.ru
dumpall.ru
dush-kabiny.ru
dusshrh.ru
duvgzrsn.ru
dv-rating.ru
dveri-garmoshka-66.ru
dveri33.ru
dvernoy-gigant.ru
dvstk.ru
e-fest.ru
e-jump.ru
e-kbm.ru
e-vitamin.ru
e-you.ru
e.hglab.ru
easy-language.ru
easyvisas.ru
ecchi-animego.ru
echomsk.spb.ru
eco-norman.ru
ecobiocentre.ru
ecobusinessforum.ru
ecosity.ru
ecpexpert.ru
egais-retail.ru
egeflex.ru
ekaterinburg.ezpp.ru
ekb-sharik.ru
ekb.isfirm.ru
ekblwpkt.ru
ekhpayrutyun.ru
ekostrov.ru
ekskursii-deli.ru
elacademy.ru
elarchivo.ru
elementary-digital.ru
elfshow.ru
elmscan327.ru
elt-tsu.ru
emeliynoff.ru
emias.bot.powernic.ru
emop.lilomarket.ru
empiresandpuzzles.ru
empiretotalwar.ucoz.ru
emule-island.ru
enflame-dn.ru
eniseyskoekazachestvo.ru
enkistroy.ru
enteam.ru
epicit.ru
era.clan.su
ergonliving.ru
ersa-shop.ru
es-holding.ru
escada-nv.ru
esconti.ru
etot-zamechatelnyy-mir-animego.ru
euromebel22.ru
europastom.ru
europskov.ru
eurostroy.su
eurotutu.ru
evak-avto.ru
evakuator193.ru
evalaiz.ru
evalcom.ru
eventudm.ru
everest-ptz.ru
evilent.ru
evolbiol.ru
evroperimetr.ru
ex.ucoz.ru
exclusive-interior.ru
exdoors.ru
expert-servise.ru
expertfinance68.ru
expoforum-cdk.ru
extracompany.ru
f.hglab.ru
f1st.ru
f4club.ru
faberlicbel.ru
fabricaromatic.ru
fabrikalidov.ru
failovik.ru
famadar.ru
fantasticfilm.ucoz.ru
fantazeri-kids.ru
fastmoreleadcrm.ru
favorit-home.ru
favorit-kitchen.ru
favoritdog.ru
fawperm.ru
fedorovkarb.ru
femida51.ru
fenixcomp.ru
ffaqlits.ru
fiestavpitere.ru
fileone.ru
film-bogi-egipta.ru
film-quest.ru
filmkachat.ru
films-on.ru
filmtorrent.ucoz.ru
filmtorrents.ru
filo-edu.ru
fimo-bgu.ru
fin-divan.ru
financc.ru
financial-pulse.ru
finnougr.ru
fit-class.ru
fit-lab.ru
fixsplit.ru
flabria.ru
flashwm.ru
flgr-timing.ru
fmp29.ru
fogalit.ru
fokus24.ru
folomade.ru
food-recipe.ru
footacadem.ru
fora-cars.ru
forcerf.clan.su
forex-for-you.ru
forexrassia.ru
formula-drone.ru
formula-project.ru
formulavkusa23.ru
fortboyard05.ru
fortgrand.ru
fotohood.ru
foton-tyumen.ru
franchisemap.ru
free-monitoring.ru
freelinux.ru
freeluck.ru
freshsofa.ru
frigatecroup.ru
frirayter-yana-sobol.ru
frisbee-food.ru
front-nn.ru
fshupwfq.ru
fsk-solonoga.ru
fsmrussia.ru
fssp-24.ru
fumodub.ru
fundmsu.ru
funkorussia.ru
funomania.ru
furbylife.ru
furniture-good.ru
futurevideo.moy.su
gai.3dn.ru
gaidarforum.ru
galaxy-films.ru
galurepost.ru
gapeeva.ru
garmoniya-sln.ru
gas-forum-volunteer.ru
gas-lite.ru
gasbottle.ru
gayland.ucoz.ru
gazetapositive.ru
gazetarodina.ru
gbozerniy.ru
gcfors.ru
gderabotaem.ru
gds-c.ru
gdz-free.ru
gdzfree.ru
geekster.ru
gel-ds-36.ru
gemava.ru
genesis76.ru
genteka.ru
geotehnikaurala.ru
gepad.ru
gepatitof.ru
getfloret.ru
geuaykdy.ru
gianni-spb.ru
gisbiz.ru
gitem.ru
givingnizhny.ru
gk-houseclub.ru
gk-tr.ru
glassbricks.ru
glavmedtorg.ru
globus-science.ru
go-to-work.ru
go.gamesoftrones.ru
gogolevsky.ru
gogolevsky12.ru
good-guide.ru
good-movie.ru
good-voice.ru
goodseasons.ru
goodskupka.ru
gordeevopark.ru
gorka-favorit.ru
gorkyapartamenty.ru
gormgrup.ru
gorod-lubercy.ru
goryachie-klavishi.ru
goscience.ru
goskomsportrk.ru
gosmfc.ru
gostproject.ru
gotomedia.ru
gpniko.ru
gr-development.ru
graciebarra.ru
gradremstroy.ru
gradus-go-nn.ru
gradus-go-omsk.ru
gradus-go-voronezh.ru
grantstruetales.ru
grazia-mebel.ru
green-tara.ru
greenglory.ru
gresta.ru
grillchef73.ru
grillpizza24.ru
gryadkaspb.ru
gsm-tour.ru
gt-time.ru
gtbox.ru
gti-club.ru
gtk-business.ru
gudvinpromo.ru
gumuv.zoopolis78.ru
gusev-school1.ru
gut.novibox.ru
guz-kkdb.ru
gynea.ru
gz-pulsar.ru
h2o-pomps.ru
hairparadise.ru
halfeti.ru
halica.ru
hallperm.ru
happ-keys.ru
happy-galla.ru
happy-hack.ru
happy-number.ru
happy-vibes.ru
happyfranch.ru
hd-720.ucoz.ru
hd-video-box.ru
hd.novibox.ru
headsuprod.ru
healthworker.ru
help-registration77.ru
helpdone.ru
helpmarmot.ru
helprez.ru
helpset.ru
helpurine.ru
hi-music.ru
hill8hotel.ru
him-expert.ru
hitechtelecom.ru
hivlove.ru
hm74.ru
hokal.lilomarket.ru
home-vg.ru
homofestivus.ru
hoodiesinmyheart.ru
hor-russia.ru
hostel-modest.ru
hotel-centre.ru
hotpoint-ariston-home-remont.ru
house-dragon.ru
hoverbotnsk.ru
howtocanada.ru
hpclub.ru
hrlenta.ru
htc-service.ru
htmarketing.ru
hunting-movie.ru
hvosty.ru
hyundai38.ru
i-bp.ru
i-mi64.ru
i.doramalivec.ru
i02med-sprawka.ru
i04.ru
i1-news.ru
iamphotostudio.ru
icdentm.ru
icearenavolna.ru
icolog.ru
iconix-cosmetics.ru
ideafordom.ru
ideal-house.ru
ideal-spa.ru
idradshi.ru
iec-arctic.ru
if-cis.ru
igrotek33.ru
igru-lohotronu.ru
igru-s-vuvodom-obman.ru
iintrovert.ru
il-mur.ru
im-hotel.ru
imconf.ru
imperatrica-furs.ru
imperia-klimat.ru
imperia-sadovoda.ru
imperial-pmr.ru
imperial-zoloto.ru
imrad.ru
incomewm.ru
indent59.ru
indiamed.ru
indianembassy.ru
indiebox.ru
indivigo.ru
ineximgroup.ru
infanzia.ru
infernosolutions.ru
info-mag.ru
infodomain.ru
infohome-altai.ru
infoipi.ru
inginirium-tmn.ru
inotomsk.ru
inrussia-sk.ru
inspacefilm.ru
inster39.ru
instuff.ru
intertraditionale.forum24.ru
invitedigital.ru
inviz-vpn.ru
ioanidis.ru
iotzyv.ru
ip77.ru
ipadis.ru
irato.ru
irongamer.ucoz.ru
ironway.ru
iservice42.ru
islamnur.ru
islampeace.ru
istok23.ru
istorex.ru
istoriyahokkeya.ru
istrebitel-demonov-animego.ru
italicon.ru
itanomed.ru
itvertex.ru
ivanovo.forum24.ru
ivanovskoe26.ru
ivstol.ru
jamp-group.ru
japanisgood.ru
jazzrussia.ru
jeanstorg.ru
jeek.ru
jftqrihk.ru
jivoeremeslo.ru
johndonne.ru
joorie-spa.ru
journal-okolo.ru
journeeluxe.ru
jumpro.ru
jur-fact.ru
jurnalonlain.ru
jurserver.ru
just-job.ru
jw-noblood.ucoz.ru
jxanknzj.ru
k-39.ru
kabinetinfo.ru
kabluchini.ru
kai-digital.ru
kalitka-fest.ru
kaluga-golos.ru
kalyan-vape3.ru
kara.su
karamelika.ru
karta-kadastr.ru
kartessa.ru
kaskad-anadyr.ru
kat-53.ru
katalika.ru
katalogtelegram.ru
kavkaz-rif.ru
kavkaziagrill.ru
kawaii-sushi.ru
kazan-grill.ru
kazan.siss.ru
kazantourismforum.ru
kazantsevphotoart.ru
kdcuzao.ru
kdm06.ru
kemdep.ru
kemerovohleb.ru
kemerovonews.ru
kengucity.ru
kenyantea.ru
keramika43.ru
keramoplast.ru
kfpp96.ru
killer666satana.clan.su
kinaero.ru
kintop.ucoz.ru
kissuz.ru
klass-ubiyts-animego.ru
klebstoffe.ru
klevorest.ru
klimat-clean.ru
klimat-ru.ru
klinikaprozrenie.ru
km-40.ru
knigipamyati.ru
kolyaska-anex.ru
koniizmailovo.ru
konkurs-ecokniga.ru
kopimania.ru
korka-dok.okis.ru
korka-spets.okis.ru
korka-zzz.okis.ru
korogka-24.okis.ru
korpus64.ru
kortex-m.ru
kosilova.ru
kospel-shop.ru
kotova-hair.ru
kovcheg.apeha.ru
kovkagrad96.ru
kpk-narodniy.ru
krasavushka.ru
krassnova.ru
krepform.ru
krepkiy-oreshek-film.ru
kresla-stulya.ru
krim-avtovikup.ru
krokd.ru
krolunion.ru
krosland.ru
krylia.ru
kseniamosunova.ru
kseny-kott.ru
ksivas.su
kuevroman.ru
kulturabdulino.ru
kuplu-avto.spb.ru
kuplypreparaty.ru
kupro.ru
kureyka.ru
kursk-sosh43.ru
kursn.ru
kushavel.ru
kutuzov24.ru
kuzbassphoto.ru
kuzovremont23.ru
kuzpress.ru
kvartal-uk.ru
kvartirniivopros.ru
kvartirustroy.ru
kyivstar.ru
la-marca.ru
lacompliment.ru
ladoga-baza.ru
lady-golf.ru
lajome.ru
landrin-loft.ru
larabesenkovich.ru
largeparrot.ru
laser-ch.ru
laserta-shop.ru
latinskyikvartal.ru
lavka-palomnika.ru
lawbk.ru
lazer-beauty.ru
lazurit71.ru
lazza.ru
ldpr-tube.ru
leadsfera.ru
lebedevlegal.ru
lecheniesustava.ru
led-pixel.ru
ledboom86.ru
leetek.ru
legaladdress.ru
legion-motors.ru
legion-rostov.ru
lekitour.ru
lelang.su
lenakarin.ru
leningradskaya-oblast.filo-edu.ru
lenstroy-spb.ru
lerafrolova.ru
lespolina.ru
lesson.1gb.ru
leststroy.ru
letitbit-film.my1.ru
levelbeast.ru
levelupcorp.ru
lexfortforum.ru
lextext.ru
lgbtsmi.ru
lib.knigilib.ru
lib.knigiskachat.ru
lib1.ru
lic1.ru
life-plus-study.ru
life78.ru
ligabezopasnosti.ru
like2you.ru
likereal.ru
lilomarket.ru
limaxmafia.ru
limeonline.ru
lindorsbook.ru
linevskaya.ru
linkfinest.ru
lionas.ru
lip5.ru
litamarket.ru
little-biz.ru
littlefrance.ru
littlehome.ru
litznak.ru
live4food.ru
livesleep.ru
lkbusiness-solutions.ru
llmedia.ru
loadka.ru
lodka-doki.okis.ru
lodki-rus.ru
lomer-it.ru
loo-resortspa.ru
losinopetrovsk.ucoz.ru
love-doramy.ru
love101.ru
lovercheck.ru
lovestorys.ru
lovevanna.ru
lsltd.ru
lssc-rt.ru
ltank.ru
luch-ekb.ru
luchshayaferma.ru
ludirosta.ru
luxe-host.ru
luxurylivinggroup.ru
lwcshop.ru
lyubov-animego.ru
m-812.ru
m-rostov.ru
m.daclatasvir-sofosbuvir4.ru
m4sm.ru
m7a.ru
madagascar-sunline.ru
magickasylum.ru
magnat59.ru
mahachkala-florist.ru
mail.ray-host.ru
mailhandler.ru
mailpatrol.ru
makersfordocs.ru
makoforum.ru
malover.ru
mamatyumen.ru
mangazavr.ru
maniton.ru
manymovies.ru
maopb.ru
marchukov-school.ru
mariyakochkina.ru
market-china.ru
market.mega8.ru
marketinguniversity.ru
marketug.ru
massakalla.ru
massake.ru
master4.ru
masterbinary.ru
masterzaim.ru
maturgadget-centr.ru
mautomobile.ru
maxi-rolls.ru
maxpure.ru
maxweeg.ru
mayak4u.ru
mazalov.ru
mazdar.ru
mazsz.ru
mb-ex.ru
mbbash.ru
mbf-vernost.ru
mblogm.ru
mbs31.ru
mchsrf.ru
meb27.ru
med-eks.ru
med-i-service.ru
med-krasnodar.ru
med-plus-78.ru
medcentrkrasnodar.ru
medexpress42.ru
mednsvipshop.ooorf.ru
medprof-nsk.ru
medtestpro.ru
medusdent.ru
mega-draw.ru
megabit-s.ru
mehovoi-portal.ru
melnikovfestdance.ru
mercury-global.ru
metakon-mk.ru
metalloiskateli-artem.ru
meteovostok.ru
metin2wiki.ru
metropol-kholl.ru
mexart.ru
mgtimes.ru
midasm.ru
mikado-armavir.ru
mikele-loconte.ru
mikhaillermontov.ru
mikhalkov.su
millionka.ru
minigolfkmv.ru
mintrans.spb.ru
minuskg.ru
mio-medis.net.ru
mir-plintusa.ru
mirdrov73.ru
mirskupki.ru
mistereng.ru
misterhall.ru
mixfile.ucoz.ru
mixkino.ru
mkd64.ru
mlconsulting.ru
mmodnaya.ru
mnenie.su
mnogobook.ru
mnotarius.ru
mobiledevice.ru
mobilkoy.ru
mobzvonok.ru
modelistov.ru
modsandroid.ru
moibantik.ru
moibiz56.ru
moimolitvy.ru
moizakazi.ru
mon-vso.ru
monocvet.ru
monosite.ru
monster-hack.3dn.ru
moo-edinstvo.ru
moordvorik.ru
more-english.ru
morec.ru
moreka-shop.ru
moscowchurch.ru
moscowgolf.ru
mosk-cheks.ru
moskvichka-forum.ru
mosotziv.ru
mospik.ru
mosreductor.ru
moto-arena.ru
motocross-prk.ru
motorika.su
motoroil.su
motors-grupp.ru
mou6.ru
moviefantasy.ru
moviesdot.ru
moviethrillers.ru
moya-heroyskaya-akademyya-animego.ru
moyaindia.ru
mp3knigi.ru
mp3life.my1.ru
mp3pulse.3dn.ru
mp3tamerlan.ucoz.ru
mp3zvuk.moy.su
mpekar.ru
mprw.ru
mpzavangard.ru
mr-laser.ru
mr-white.ru
mrk-podshipnik.ru
msaba.ru
mservs.ru
msgforum.ru
mshow.ru
msk-perila-group.ru
msk-reg27.ru
msk-reg37.ru
msk-reg47.ru
msk-reg67.ru
msnpk.ru
mufastoren.ru
mukomol-nn.ru
multfimsi.ru
multi-plus.ru
musicdose.ru
musicschoolmyway.ru
musictownclub.ru
muslimka.ru
muspub.ru
muzamba.ru
muzland.ru
muzmo.su
muzobr.ru
muzonmarket.ru
muzwave.ru
mvdrus.ru
my-book.ucoz.ru
my-bt.ru
mychaturbate.ru
mygladio.ru
mykaluga.ru
mynewsmile.ru
myrmex4.ru
myshara.ru
mysi5.ucoz.ru
myvideoland.ru
mzorina.ru
n-k-o.ru
n-reklama.ru
na-sennoy.ru
nabat24.ru
nabrosok39.ru
nadachedom.ru
nahimovka.ru
naikborzov.ru
nailartfashion.ru
najoj.lilomarket.ru
naks-dok.okis.ru
nalognds.1c-umi.ru
nalogz.ru
nasennikov.ru
nashi-corgi.ru
naves-hi-tech.ru
navigatorcorp.ru
nazcar.ru
nchkz.ru
nedouchet16.ru
neiro-mir.ru
nenatv.ru
neo-magnets.ru
neon-zeon.ru
netprizyvu.ru
newland72.ru
newmvin.3dn.ru
newretro32.ru
newretro34.ru
newretro35.ru
newretro37.ru
newretro38.ru
newsbizlife.ru
newscs.ru
newvek-nn.ru
nexa4yxa.3dn.ru
nezavisimost-avto.ru
nikcity.ru
nikiton21.ru
nikolskaya-art.ru
nil07.ru
nilovka.ru
nitride-crystals.ru
nooneleftbehind.ru
nootropics-home.ru
nord-medikal.net.ru
nordboat.ru
norfest.ru
northernbakeries.ru
norve.ru
nosimkarapuza.ru
noss-54.ru
notion-konsalt.ru
noupdnt.ru
novacom-wireless.ru
novaya-riga.moscow
novaya-stomatologiya.ru
novibox.ru
novinkino.ru
noviyput.ru
novmed-dental.ru
novobrick.ru
novorosinfo.ru
novospassky.ru
novostroyku-kupi.ru
ns4.ray-host.ru
nschool5.ru
nt-vikariatstvo.ru
nts-lib.ru
nuclear.ru
nurmk.ru
nva-metall.ru
nvkonline.ru
nvsaransk.ru
nw-media.ru
nwlive.ru
nwmc.ru
nwrosenergo.ru
nyssa.ru
nzdengi.ru
o-z-p.ru
o-zab.ru
oao-kvartz.ru
oblmed34.ru
obs38.ru
obyavlenie.ru
odiszapc.ru
officemart64.ru
officeprom.ru
oglakhty.ru
ogorshkov.ru
oguz-med.ru
ohotnik-x-ohotnik-animego.ru
ohranaru.ru
oikos-atelier.ru
ok-courses.ru
ok-mir.ru
ok-pc.ru
okna-tk.ru
oldguns.ru
olivbrand.ru
ollibeauty.ru
olnd.ru
omgroup24.ru
omichka-promo.ru
omsk-opros.ru
omsk.esnp24.ru
onara.ru
oncotech.ru
onix-vpn.ru
onko4.ru
onservice62.ru
onyxmatilkin.ru
ooocable.ru
ooopromat.ru
ooouk1.ru
openalrosa.ru
openprofession.ru
opt-ion.ru
optimum-inter.ru
orangesoftware.ru
ordent.ru
orenmc.ru
orenrabota56.ru
org.knigiskachat.ru
organic-as.ru
orgsp.ru
orgtehnika-service.ru
orient-rus.ru
orientstyle.ru
ormal-qwen.ru
ortomag1.ru
oruzi.ru
osago-price.ru
osm82.ru
osnbisn.ru
osoboe-mesto.ru
ostankino24.ru
otdelochnikopt.ru
othercakes.ru
otpusknoj.ru
otrisovkadocumentov.ru
oukitel-recovery.ru
out-board.ru
overwiki.ru
oz9.ru
ozbu.ru
ozornichok.ru
oztop.ru
p-english.ru
paintmart-mk.ru
palantins.ru
palatki-optom.ru
palletexpert.ru
palmiraplus.ru
panovaolga.ru
paraskewa.ru
parem.lilomarket.ru
parfyumeria-optom.ru
paritet-74.ru
parking-koltsovo.ru
parkzadoor.ru
parmix.ru
parsing-saitov.ru
partalatorrent.3dn.ru
pasportrf.ru
patrikidaily.ru
pbm-tnp.ru
pchela-smerti.ru
pchelovodka.ru
pcvector.ru
pedagogi-17hm.ru
peregorodkimoskva.ru
perekup.ru
perevodb.ru
perevodika.ru
permanentmarket.ru
perspectivekzn.ru
pesni-tnt.ru
petersburg-docs.ru
petro812.ru
petsguide.ru
photofiesta.ru
php.su
pilomaterialy32.ru
piondelivery.ru
piro-box.ru
pkamsg.ru
plagiatnik.ru
plame.ru
planeta-55.ru
planetakatalog.ucoz.ru
plansada.ru
plex-spb.ru
plitka-po-karmanu.ru
plitka-work.ru
pm-time.ru
pma-company.ru
pmedica-operations.ru
po-pogode.ru
pobedamaster.ru
pocketoption.ru
podarki-dlya-doma.ru
podarok-idei.ru
podarokzaim.ru
podnyatie-urovnya-v-odinochku-animego.ru
podolsk-drink.moy.su
podolsk-pivo.moy.su
podpisany.ru
podss.evosell.ru
pokatili.ru
pokupaem-preparaty.ru
polbza.ucoz.ru
politekonomika.ucoz.ru
politryk.ru
polus-transavto.ru
polygraphdv.ru
polza-digital.ru
porebru.ru
pornotut.ru
pornozad.ru
port3d.ru
portal.nov.ru
portugalno.ru
poselki-man.ru
posol.ucoz.ru
postgnome.ru
postuplenie911.ru
potok-rem.ru
potolkiemiss.ru
potolok-clipso.ru
power-space.ru
powerhitradio.ru
ppazip.ru
ppersonal.ru
ppg-mod.ru
pragatrips.ru
prav-status.ru
pravo-icity.ru
pravoslavniy-mayak.ru
pravoup.ru
pred-log.ru
press-cards.ru
prestigeoil.ru
prezent-spb.ru
privat-safe.ru
prizma-stom.ru
pro-mir.ru
pro-tomaty.ru
pro-uslugi.ru
pro.novibox.ru
probkoscope.ru
procuror-osetia.ru
production-line.ru
prof-kursec.ru
prof102.ru
profkomngtu.ru
profmedosmotry.ru
profraboty.ru
programart.ru
progruming.ru
prokostum.moy.su
prom-pokraska.ru
promlebedka.ru
promptbase.ru
proneobux.ru
prookna.ucoz.ru
proplitki.ru
prostiralki.ru
prostyleadviser.ru
protect.anti-bots.ru
providosiki.ru
proxyipv6.ru
prudbros.ru
prussia-avto.ru
psihologiya-otnosheniy.ru
psschool.ru
psycha.ru
psycounseling.ru
psytula.ru
psyural.ru
ptsmani.ru
pu33.ru
public-association.ru
pugs-school.ru
pujur.ru
pushkin-skazki.ru
pushkina30.ru
putevoi-list.ru
py4ki.3dn.ru
pydocs.ru
pylt.mya5.ru
pzhrt.ru
qexan.zoopolis78.ru
qptop.ru
qq-new.ru
qr3.ru
quantad.ru
quest-auto.ru
quzek.zoopolis78.ru
qzzb.ru
r-detailing.ru
r-g-d.ru
ra-kurs.ru
ra-zoom.ru
rabbit-road.ru
rabota-v-ceti.ru
radiiskusstva.ru
radio-fresh.ru
radiosvod.ru
radostzhit.ru
rafond.ru
ragna-bagrovy-animego.ru
railrus.ru
ralavada.ru
raon.ucoz.ru
raskzn.ru
rasyanherb.ru
ratatype.ru
razvlekun.ru
rbcommunity.ru
rbcpromo.ru
rbsel.ru
rbtsaratov.ru
rc-vologda.ru
rcd.online-generilk.ru
readovkashop.ru
realdengi.ru
realtychoice.ru
recastavto.ru
redlabs.ru
reg-garant.ru
reg-moskva.ru
reg-moskva377.ru
reg-moskva477.ru
reg-moskva577.ru
reg-moskva77.ru
reg-vr.ru
rehab-omsk.ru
rek-rnd.ru
release.su
rembitpro.ru
remont-ekaterinburg-service.ru
remont-okon-nn.ru
remont-ot-zheni.ru
remtehspec.ru
rentforce.ru
repetitor-surgut.ru
repetutor.ru
retroom.ru
reustauransever.ru
reversecom.ru
revolveclothing.ru
rf-lg.ru
rg-mechanics.3dn.ru
rgdom.ru
rgups23.ru
ria-news.ru
rica-msk.ru
rikudou.ru
rio-3d.ru
rio-motors.ru
riomag.ru
risan-holms.ru
risingbyte.ru
ritminfo.ru
ritmosfera.ru
river-studio.ru
rjjaka.ru
rm-moto.ru
rnbee.ru
rnd.ru
roboskart.ru
roccoclub.ru
romanvega.ru
ronice.ru
rooflife.ru
rp-city.ru
rpbri.ru
rpl-online.my1.ru
rstorona.ru
ru-binarium.ru
ru.knigilib.ru
ru.knigiskachat.ru
rubrielter.ru
rubusd.ru
ruhen.zoopolis78.ru
rukovodstvo2.ru
rulife.ru
runetmusic.ru
rus-fit.ru
rus-historyold.ru
ruscustomsinform.ru
ruskaluga.ru
rusmangal24.ru
rusmoker.ru
rusplt.ru
russan.ru
russian-jiu-jitsu.ru
russiandesignhub.ru
russianhackers.su
russianunesco.ru
russkiiballetspb.ru
russkiy-muzey.ru
russvullkan.ru
rutimber.ru
rutvshow.ru
ruzainfo.ru
rzhom.ru
s-natali.ru
s-pravker1.ru
s-tos.ru
s-zpn.ru
sabril-store.ru
sacral-altai.ru
sad17.ru
sad4-karpinsk.ru
sadovaya53.ru
safaricompany.ru
safe-web.ru
safinadesign.ru
saga-o-vinlande-animego.ru
sait-knigi.ru
sakhmidicom.ru
sakiz.ru
salavat.unibo.ru
salemedal.ru
saleppu.ru
san-achinsk.ru
sanatoriy-zdorove-zheleznovodsk.ru
sanitum.ru
santehnika-service.ru
santehpro63.ru
saomotors.ru
saratov.poletparaplan.ru
saratov3tn.ru
saratow.sarhotpopki.ru
sariolla.ru
save4k.ru
save4k.su
savyon.ru
scandicon.ru
schoolexodus.ru
schoolturginovo.ru
scool29.ucoz.ru
scrapheap.ucoz.ru
seafood-russia.ru
secool.ru
sedaciya.ru
sekretar-info.ru
sem-smertnyh-grehov-animego.ru
semerida-msk.ru
semianich.ru
sentaflowers.ru
seo-elita.ru
seo-hit.ru
seo2ch.ru
seomy.ru
sergey-volkov.ru
sergiev-posad.ru
serlair.ru
service-center-asusremont.ru
service-medi.ru
servicecentermsi.ru
servicesport-renovo.ru
servis-medi.ru
sevastopol-detox.ru
sever-trast.ucoz.ru
sew-lab.ru
sex-news.ru
sex-pics.ru
sex-znakomstva.su
sfcontact.ru
sg-expert.ru
sgkovka.ru
sharapaprochoice.ru
sharikinadom.ru
sharmanya.ru
shatunpro.ru
shdetdom.ru
sheben-msk.ru
shedevrs.ru
sherlock-movie.ru
shield-detailing.ru
shieldproject.ru
shikanaclub.ru
shipcity.ru
shkola-smm.ru
shkolaharkovskogo.ru
shmel-service.ru
shnot.ru
shopstartup.ru
showtamtam.ru
shtriha.ru
shushbor.ru
sibinko.ru
sibirskoebogatstvo.ru
sibrehab.ru
sila-rechi.ru
silovoytransformator.ru
silvaproject.ru
sim-box.ru
simbez-kupit2.ru
simferopol-leshoz.ru
simfoniya-dom.ru
simka-bez-optovik3.ru
simmonsru.ru
simnomer-bez2.ru
simonaland.ru
simpro-v.ru
sinicaxo.ru
sintegration.ru
sisadmin18.ru
sisoftgroup.ru
site-pocket-option.ru
sitelance.ru
sk-upsk.ru
skazka-aniva.ru
skdiamant.ru
skif-russia.ru
skillup-hack.ru
sklad-moskwa.ru
skole31.ru
skolkozarabatyvaet.ru
skompleks.ru
skorzaym.ru
skullmaskcraft.ru
skupix.ru
sky-cloud.ru
sladko-shop.ru
slavyanka-hotel-anapa.ru
slovo-istiny.ru
slovolom.ru
smarta-sb.ru
smbase.ru
smm-project.ru
smmaward.ru
smmb2b.ru
smmoffice.ru
smol-art.ru
smolauto67.ru
smon-tag.ru
smrsprawo4ka.ru
snake-man.ru
snitsa.ru
snr.clan.su
sntpobeda.ru
sobaka-perm.ru
soccerfame.ru
socialkit-online.ru
soft-crimea.ru
sofya-childheart.ru
sokalov.ru
sokmusic.ru
soldatova-fantasy.ru
solidworker.ru
sollargroup.ru
solnsad.ru
songme.ru
soocas-tech.ru
sorobr6.ru
sos13.ru
sosenskoe-omsu.ru
soukk-avtoshkola.ru
spamaniya.ru
sparkling-ideas.ru
sparta75.ru
spasau.ru
spb-kt-mrt.ru
spb-medelveys78.org.ru
spb-registratsia58.ru
spb-registratsija178.ru
spb-registratsija278.ru
spb-registratsija378.ru
spb-registratsija78.ru
spb-vyvoz.ru
spb.dmaps.ru
spb.rope-jumper.ru
spbabai.ru
spektr46.ru
spets-24-dok.okis.ru
spets-324.okis.ru
spets-dok.okis.ru
spets-ooo-7.okis.ru
spets-prav.okis.ru
spets-ru.okis.ru
spets-xz.okis.ru
splendr.ru
spm-vrn.ru
spokblog.ru
sport-list.ru
sport-suspension.ru
sportsh2.ru
spran.ru
sprawka-ot-wracha.ru
sps-polimerka.ru
sputnik.kinm.ru
spvsamare.ru
srograviton.ru
srubimillion.ru
st-catering.ru
st-optika.ru
st-ver.ru
st-victor.ru
st42.ru
standoffnew.ru
stdst.ru
steffnomidi.ru
stellamebel.ru
stepstoschool.ru
stillag.ru
stivenson.ru
stixishok.ru
sto-911.ru
stomp3.ru
stonebridgeagency.ru
storm-print.ru
strazhnikov.ru
streetm.ru
strelec.ucoz.ru
strelets-m.ru
stretch-kazan.ru
strixmine1.ru
stroi-smesi.ru
stroikom-market.ru
stroisertifikat.ru
stroy-np.ru
stroy-power.ru
stroy-tusa.ru
stroyka-magazine.ru
stroyproektspb.ru
stsobitel.ru
studio-rgb.ru
studio110.ru
studiomel.ru
stvor-nsk.ru
success-travel.ru
sugdak.ru
suharevskiy.ru
sushi-mushi.ru
sushka-pro.ru
sv-stil.ru
svarka-sss.okis.ru
svcar.ru
svetnadejdy31.ru
svetnik.ru
svetteam.ru
svoedelo89.ru
svofond.ru
svv-auto.ru
swks.ru
sxteh.ru
syamozero.ru
synergy-of-beauty.ru
syonen-animego.ru
syrfest.ru
systemsauto.ru
sytedlyazacheta.ru
sz-rf.ru
szgi.ru
szk321.ru
szlightking.ru
tabac-master.ru
tabachka24.ru
tabachniray.ru
taiyo-vostok.ru
takedrive.ru
taksi-forsazh.ru
talantorium.ru
taobaorussian.ru
tapiera.ru
tarbagcrb.ru
tatshowbaby.ru
tazovod.ru
tbconferencensmu.ru
tdarbat.ru
tdross.ru
tealcourse.ru
teberda-school1.ru
tech.ru
techtravel.ru
tehno72.ru
tehnosadov.ru
tehosmotrdk-avto.ru
tehosmotrekb.ru
tehprog.ru
tek100.ru
tekstovoi.ru
telecards.ru
telefon-tehpodderzhki.ru
tell-story.ru
tennis-burg.ru
teplogaztd.ru
tereshka.ru
terikovnet.ru
termopodveska.com.ru
territoria75.ru
tgpush.ru
thaichokdee.ru
the-avto.ru
thestand.ru
thrones-online.su
tigirussia.ru
tigonpro.ru
tikvpn.ru
tilkomgita.ru
timrom.ru
tjchajmx.ru
tkanikrasa.ru
tkanimira-rzn.ru
tkastrey.ru
tkgurman.ru
tkzhd.ru
tm-54.ru
tm138.ru
tmn.indi-shop.ru
to-prosto.okis.ru
to-school.ru
tobacco82.ru
tobtp.ru
tok-store.ru
tomatych.ru
tomi4.ru
tomsk.rozaflowers.ru
tomsketno.ru
tomskjs.ru
tomskmaslo.ru
tondopizza.ru
tookufest.ru
tool-electric.ru
top.doramalivec.ru
top.knigilib.ru
topauto-nsk.ru
toppozdravleniya.ru
topstirka.ru
torgoviy-dvor.ru
torgstellaz.ru
torgtut.ru
torishop24.ru
torrent-gamens.ucoz.ru
torrent-update.3dn.ru
torrentik.3dn.ru
torrentis.3dn.ru
torrents-games.ucoz.ru
torrents73.ru
tosvet.ru
touch-shop.ru
tour40.ru
touredu.ru
toysgreen.ru
trafficgu.ru
tramalretard.okis.ru
trattoriacafe.ru
trekolsoda.ru
trendinvesst.pp.ru
trial-auto.ru
trikop.ru
triumph-orchestra.ru
trk-alrosa.ru
trustco.ru
trv-science.ru
ts-koncert.ru
tsgc.ru
tssknit.ru
tt-dance.ru
ttmodd.ru
tualetnaya-bumaga.ru
turcomfort.ru
turkeytextile.ru
turkkino.ru
turservisnews.ru
tut-mp3.3dn.ru
tut-prokrastinaciya.ru
tutcpravka.ru
tutor-lang.ru
tuvasport.ru
tv.novibox.ru
tv537.ru
tvisa.ru
tvoydom62.ru
tvsmena.ru
tvtvtv.ucoz.ru
tvvse.my1.ru
tzharov.ru
u-tune.ru
udpprof.ru
ufa-master.ru
ufaznak.ru
ufo-forum.ru
uglovkaadm.ru
uk-dubna.ru
ukauk.ru
ul-fish.ru
ulitkino.ru
ulnmedsprawka.ru
ulnsprawo4ka.ru
ulov1.ru
ulyba.ru
umkran.ru
undori.ru
unicumvrn.ru
unimoscow.ru
unior-med.ru
unlimmobile.ru
unstudy.ru
uoplfiigka.ru
upala-moneta.ru
uralspecmash-td.ru
urban3p.ru
urbanburger.ru
urbietorbi.ru
urright.ru
usabilist.ru
ush48.ru
utmnprobusiness.ru
utngroup.ru
uventa.okis.ru
uvisator.ru
v-otryv.ru
v2ray.su
v2rayrun.ru
v2rayttun.ru
v2rayun.ru
vagranka.ru
vamblank.ru
vannservice.ru
vanpachmen-animego.ru
vantagegourmet.ru
vapermen.ru
variant-zvd.ru
vash-sad.my1.ru
vashtalant.ru
vastland.ru
vdv76.ru
vedmakfans.ru
veksfp.ru
velikiy-iz-brodyachih-psov-animego.ru
velikiy-pushkin.ru
veloprobeg.su
vent-vozduh.ru
ventapotolki.ru
verax-med.ru
versten.ru
vertikal-pechatniki.ru
veteranrostovdon.ru
veteranvtu.ru
vethouseufa.ru
vgai24.ru
viagra.moscow
viagra39.okis.ru
vida4ok.ucoz.ru
video.rufox.ru
video35.ru
vidhab.ru
vido-hd.novibox.ru
viewcinema.ru
viking-avto.ru
villa-chaika.ru
villalime.ru
villaonsamui.ru
visa-vasha.ru
visadocs.ru
visavasha.ru
visitrussia-yar.ru
vitolife.ru
vivalima.ru
vk-public.ru
vkanketa.ru
vkcheck.ru
vkfull.ru
vkucnee.ru
vkusnaya-rybka-ekb.ru
vkusnoperm.ru
vl-klimat.ru
vladimirgyngazov.ru
vladkassa.ru
vlessvpn.su
vlgsprawo4ka.ru
vluki-dk.ru
vmeste76.ru
vneshmarket.ru
vocalspace.ru
vocnt.ru
voda-sarova.ru
voda17.ru
vodashah.ru
vodavend.ru
voenbilet.narod.ru
voenkomoff.ru
volchitsa-i-pryanosti-animego.ru
volnistyipopugai.ru
volonter-oksu.ru
vorkomstroy.ru
voroninsport.ru
vorontsov-fit.ru
voshozhdenie-geroya-schita-animego.ru
vosparim.3dn.ru
vov-art-stroy.ru
vpn4telegram.ru
vpn4whatsapp.ru
vpnsafe.ru
vpnturkey.ru
vpsworld.ru
vrobotov.ru
vstrechasto-franch.ru
vtb24-onlin.ru
vtkservice.ru
vtorplastpro.ru
vv-registration-online.ru
vvv-art.ru
vykupavto74.ru
wabby.ru
wargamingalliance.ru
wasabi-shop.ru
watch-online-hd.3dn.ru
wcomega.ru
wcontext.ru
web.f3zone.ru
webfactura.ru
webgamer.ru
webkin.ru
webstandardsdays.ru
webtap.ru
weekendoffer-psb.ru
wfilms.moy.su
whatsize.ru
white-lily.ru
wiki.hightgames.ru
wildseller.ru
wilmax-crimea.ru
world-at-war.ru
worldautoparts.ru
wpets.ru
www.4italka.ru
www.agentstvosv.ru
www.agsvyazi.ru
www.allsoccer.ru
www.ambamadagascar.ru
www.amdm.ru
www.amron-laser.ru
www.anilibriatop.ru
www.antallex.ru
www.aquasub.ru
www.arttest.ru
www.asorin.ru
www.auditorium.ru
www.autodemp.ru
www.bookslib.su
www.boomtv.ru
www.bumerrang.ru
www.burgermeister.ru
www.central-bc.ru
www.champagnepro.ru
www.cigar-smoker.ru
www.cnc-club.ru
www.cpros.ru
www.cspizmailovo.ru
www.cubevape.ru
www.den-star.ru
www.dereviasha.ru
www.dexa.ru
www.discountbaby63.ru
www.djbook.ru
www.dk-metallurg.ru
www.eko-village.ru
www.elesmoker.ru
www.ex-tv.ru
www.ezobox.ru
www.forsazh-sto.ru
www.funnytavern.ru
www.funomania.ru
www.garibi.ru
www.gdz-free.ru
www.gis42.ru
www.gizmonews.ru
www.gomuzyk.ru
www.gotovimvkysno.ru
www.holove.ru
www.iris-nn.ru
www.istorex.ru
www.izmedic.ru
www.k-notes.ru
www.kazak-teatr.ru
www.kontinent-tc.ru
www.krylia.ru
www.llumar-s.ru
www.loft161.ru
www.lovach.ru
www.ludirosta.ru
www.malgb.ru
www.megalitvint.ru
www.merchclub.ru
www.miheevo-adm.ru
www.mnogobook.ru
www.mobzvonok.ru
www.moschat.ru
www.motoforum.ru
www.mp3bass.ru
www.mt-center.ru
www.multimenu.ru
www.muslimka.ru
www.muzbar.ru
www.muzland.ru
www.muzmo.su
www.myprice74.ru
www.noobland.ru
www.only-bike.ru
www.orthomama.ru
www.perekup.ru
www.proglaza.ru
www.psschool.ru
www.pussy-cat-hotel.ru
www.radiolamps.ru
www.ratatype.ru
www.rateru.ru
www.reallook.ru
www.revolveclothing.ru
www.rodi.ru
www.rootelecom.ru
www.rumos-kia.ru
www.rusarh.ru
www.russianunesco.ru
www.scomfort.ru
www.sdmpress.ru
www.shegadm.ru
www.shkola-nika.ru
www.slavfond.ru
www.socioforum.su
www.sovietposters.ru
www.spbstu-eng.ru
www.startup-altai.ru
www.stereotraker.ru
www.stroybaza-kmv.ru
www.sun-zb.ru
www.svidaniesrossiev.ru
www.talantdeti.ru
www.taxi-ultra.ru
www.td-kauri.ru
www.td-mdm.ru
www.teatr-elf.ru
www.teros63.ru
www.trial-auto.ru
www.utngroup.ru
www.vkstoi.ru
www.vsport-tv.ru
www.xn----7sbki7bfhcka.xn--p1ai
www.xn----8sba3afemovkaw.xn--p1ai
www.xn--80aaiunencbcyiedh9r.xn--p1ai
www.xn--80akocmfqjhc2b.xn--p1ai
www.xn--d1abg3alef4d.xn--p1ai
www.yarp-online.ru
www.zavodritm.ru
www.zhuk-book.ru
www.zkhpro.ru
wwwq4.ru
xgew.ru
xn-----6kcaac7alcojg8b4algy5gwdo.xn--p1ai
xn-----6kcbeacb5fuajfqks0og3c.xn--p1ai
xn-----6kccad2amecpru7a1dzh.xn--p1ai
xn-----6kccgc6bbalvqdfk0h9a2gra.xn--p1ai
xn-----6kcj5ahllhg7bca2lwb.xn--p1ai
xn-----7kcagabcx1bboelivelc9a1ae5h2keg.xn--p1ai
xn-----7kcaltjvbc0cayhiq.xn--p1ai
xn-----7kcfljaz3ahejjyclgs.xn--p1ai
xn-----8kcagqynk2avt1b4g4b.xn--p1ai
xn-----clcqkbbaodv6a2amm1m.xn--p1ai
xn----07-53d0c9aoe.xn--p1ai
xn----0tbkajo.xn--p1ai
xn----37-53d0c9aoe.xn--p1ai
xn----381-4ve8czbqe.xn--p1ai
xn----385-4ve8czbqe.xn--p1ai
xn----7sba7agpnbgra6h.xn--p1ai
xn----7sbaa3bkkbb7aezde9p.xn--p1ai
xn----7sbaaby2bkezjije0k2b3b.xn--p1ai
xn----7sbabafu0bj1dndz3kqb.xn--p1ai
xn----7sbabaicbmp4cgk0b3cj4u.xn--p1ai
xn----7sbabgdomsq1bp3a.xn--p1acf
xn----7sbafcq0bbowsij7ezg.xn--p1ai
xn----7sbatcstdpzjggh6d.xn--p1ai
xn----7sbbaazuatxpyidedi7gqh.xn--p1ai
xn----7sbbagfd5bmpxdb0a4j.xn--p1ai
xn----7sbbaqd4bnnegvfj.xn--p1ai
xn----7sbbg0aehdnpftn3nna.xn--p1ai
xn----7sbbhc6dhccajjyf.xn--p1ai
xn----7sbbi9aebmgpc8a9n.xn--p1ai
xn----7sbbjbghkd5bomhf1a0b4l.xn--p1ai
xn----7sbbklsjofbwy6a7c.xn--p1ai
xn----7sbbngjtvn3aho.xn--p1ai
xn----7sbecb7abcbog5aifbxmoecbw.xn--p1ai
xn----7sbfophekqcpt.xn--p1ai
xn----7sbgaotba8amdismejk.xn--p1ai
xn----7sbhhcer4cdotco3c2d.xn--p1ai
xn----7sbhla6bdaiftt4a.xn--p1ai
xn----7sbld2eag.xn--p1ai
xn----7sbpa6ajbawicjd.xn--p1ai
xn----7sbpbpmimyihe3a.xn--p1ai
xn----7sbteebiixd2i.xn--p1ai
xn----8sbabgn3b1ct6a.xn--p1ai
xn----8sbajfbhc4aj2ancacuikk3ae.xn--p1ai
xn----8sbancagi3cli.xn--p1ai
xn----8sbb2algu2a0dubw.xn--p1ai
xn----8sbbgddl1fsbzas.xn--p1ai
xn----8sbcocaoy5cfm4j.xn--p1ai
xn----8sbecmnepftxqlq8k.xn--80adxhks
xn----8sbfwfhnmepbiihr.xn--p1ai
xn----8sbghfacwjcg5a4br.xn--p1ai
xn----8sbignc1asekp0o.xn--p1ai
xn----8sbkbfpnmuef4cxdtf.xn--p1ai
xn----8sblezcadvd3bfg3a7k.xn--p1ai
xn----8sbnb2bgqale3a.xn--p1ai
xn----8sbolip4acbk.xn--p1ai
xn----8sboscrfo6ce.xn--p1ai
xn----8sbplhujbpabbsb.xn--p1ai
xn----8sbwahk2bjf.xn--p1ai
xn----97-53d0c9aoe.xn--p1ai
xn----9sbbzbahge3akabtle2i.xn--p1ai
xn----9sbebc2cogcb1c2grb.xn--p1ai
xn----9sbicetdjyi1a1ab0j.xn--p1ai
xn----9sblbqlfep3dwa4f.xn--p1ai
xn----btbbmc0avdfethz2j.xn--p1ai
xn----btbh6abj4a.xn--p1ai
xn----ctbbcltk4che.xn--p1ai
xn----ctbhochb4a5akl0m.xn--p1ai
xn----ctbigii1athe7i7a.xn--p1ai
xn----dtbffaenc8bdknkr.xn--p1ai
xn----dtbhveehhcachh6ad.xn--p1ai
xn----dtbjhocqddcbtmmy5cxg.xn--p1ai
xn----itbabasxiaeevhy9gxbye.xn--p1ai
xn----itbkcijdbf2ab0f9b.xn--p1ai
xn----wtbfbbaab7g4a.xn--p1ai
xn---1-6kc3bfr2e.xn--p1ai
xn---31-2dd5aectd.xn--p1ai
xn---45-qddaqymbwhrfe7p.xn--p1ai
xn--100-nedz8d.xn--p1ai
xn--123-eddpan7ci9a.xn--p1ai
xn--13-6kcgb2cd5aus3d9a1dc.xn--p1ai
xn--15-clc1c.xn--p1ai
xn--161-5cdal8dgrxr4n.xn--p1ai
xn--18-mlclbmm1bbk3f.xn--p1ai
xn--2-ttbdlal1i.xn--p1ai
xn--21-6kcaclrewuf1ab6cr3c.xn--p1ai
xn--22-glcqfm3bya1b.xn--p1ai
xn--24-6kc6a4adipd.xn--p1ai
xn--24-6kch4am7ar1g.xn--p1acf
xn--24-flcifq8b.xn--p1ai
xn--37-glcex3acanefm.xn--p1ai
xn--38-6kch5ajrgjuup.xn--p1ai
xn--40-6kctzgmgdq4g.xn--p1ai
xn--41--5cd3cecud2h.xn--p1ai
xn--54-6kcaj9cfpd2ah.xn--p1ai
xn--61-6kca9c8ajn8e.xn--p1ai
xn--63-6kc5apeki.xn--p1ai
xn--63-6kciifypn6alk.xn--p1ai
xn--63-6kclebf8dkzldj.xn--p1ai
xn--63-dlcm3amfbus.xn--p1ai
xn--63-gmcdgdk.xn--p1ai
xn--80-dlcaib2aqzgcee.xn--p1ai
xn--80a0apf2b.xn--80asehdb
xn--80aa3aamfkdiex7b2g.xn--p1ai
xn--80aaa3akginbpfdjg.xn--p1ai
xn--80aaaa4bgjskugkfh9e.xn--p1ai
xn--80aaacmjvqahf0bs7au.xn--p1ai
xn--80aaadq2bbirx1b9f.xn--p1ai
xn--80aaag0c.xn--p1ai
xn--80aaaj7bktkib6i.xn--p1ai
xn--80aaap6ah4d.xn--p1ai
xn--80aabbccm2fbewc1l.xn--p1ai
xn--80aabfmaaepme8apgibd7aj.xn--p1ai
xn--80aackagcfljt4bdnty.xn--p1ai
xn--80aadddjeda9d2db9cya.xn--p1ai
xn--80aaekbwh2agta9b.xn--p1ai
xn--80aaekfkfp2a8b9bxe.xn--p1ai
xn--80aaexamk2bdlf.xn--p1ai
xn--80aaff7agtblys7c.xn--p1ai
xn--80aag3abqgfgksc.xn--p1ai
xn--80aagwcmqkqjjc5b8c.xn--p1ai
xn--80aahjm4cdn.xn--p1ai
xn--80aaiuhguvq7c1b.xn--p1ai
xn--80aalr8anf.xn--p1ai
xn--80aannod0bi3b.xn--p1ai
xn--80aayvehbjj.xn--p1ai
xn--80abcitymdt0m.xn--p1ai
xn--80abghnlexis.xn--p1ai
xn--80abkwcfrcbhitp0l.xn--p1ai
xn--80abvfi8b.xn--p1ai
xn--80accnaag4dgkf0m.xn--p1ai
xn--80achdzergrmh2k.xn--p1ai
xn--80aclbwjd3b6g.xn--p1ai
xn--80adahaagaab3ab1b2c6ahjdeb5x.xn--p1ai
xn--80adal0awnk7a2h.xn--p1ai
xn--80adfc1ayocc6a5g.xn--p1ai
xn--80adgd5aauho7l.xn--p1ai
xn--80adhcbtqcpbhb2aqk0m1c.xn--p1ai
xn--80adijlskp.xn--p1ai
xn--80adjkkk3alj.xn--p1ai
xn--80adku7df.xn--p1ai
xn--80aeaaegcf2ai1bobbaiqb0aefq6e8m.xn--p1ai
xn--80aeefplmfemvvgn.xn--p1ai
xn--80aegcbawovqtiw4l.xn--p1ai
xn--80aekcjne1b0a.xn--p1ai
xn--80af5ak6c.xn--p1ai
xn--80ajiexanfpcy3b.xn--p1ai
xn--80ajijskcm3d.xn--p1ai
xn--80ajpceieftfc9f5d.xn--p1ai
xn--80akhco1afid.xn--p1ai
xn--80akiiuip7a.xn--p1ai
xn--80akocmfqjhc2b.xn--p1ai
xn--80akpqcais.xn--p1ai
xn--80anhfi7b3a3b.xn--p1ai
xn--80apbhioddjdf3b.xn--p1ai
xn--80aq2abkz.xn--p1ai
xn--80aqdnefifm6b.xn--p1ai
xn--80axeqj.xn--p1ai
xn--86-6kcad3a4abdyjbksfzdfn.xn--p1ai
xn--90a1af.xn--80abbembcyvesfij3at4loa4ff.xn--p1ai
xn--90aamhee5atpy1h.xn--p1ai
xn--90aaxhcobc8ajk9bzc.xn--p1ai
xn--90acchc0boebbbbi9b.xn--p1ai
xn--90adndldtfm4i.xn--p1ai
xn--90afdmba5a1af3i.xn--p1ai
xn--90agdkfjjl6joan.xn--p1ai
xn--90ags8azd.xn--p1ai
xn--90arleh.xn--p1ai
xn--b1aaedda2ajfvagg4ag.xn--p1ai
xn--b1aafdcafpcy1ag.xn--p1ai
xn--b1ademzq.xn--p1ai
xn--b1adz9a.xn--p1ai
xn--b1aecnhpdiajtx.xn--p1ai
xn--b1afic2bee3g.xn--p1ai
xn--c1a8aza.xn--p1ai
xn--c1aaathgrdbi5m.xn--p1ai
xn--c1abdnzp9h.xn--p1ai
xn--c1acdmmrbyl.xn--p1ai
xn--c1aejededqi2and8i.xn--p1ai
xn--c1aeldabzddyu.xn--p1ai
xn--c1avcehq8d.xn--p1ai
xn--d1aa0ade4am.xn--p1ai
xn--d1aabcifl2cpg8i.xn--p1ai
xn--d1abbzkrl2h.xn--p1ai
xn--d1abg3alef4d.xn--p1ai
xn--e1adeiijk.xn--p1ai
xn--e1afaphom6cxb.xn--p1ai
xn--e1afbsbbgnq6j.xn--p1ai
xn--e1afd5acdbc1b5b.xn--p1acf
xn--e1agflcgp4g.xn--p1ai
xn--e1ahcecjfdilwy6b7bnk.xn--p1ai
xn--e1ajoh.xn--p1ai
xn--e1amg1bxa.xn--80atei4cxafy.xn--p1ai
xn--j1ael8b.xn--b1agc5a4f.xn--p1ai
xn--j1aelk.xn--p1ai
xn--j1ajc6c.xn--p1ai
xn--o1abk.xn--p1ai
xozaika.ru
xpets.ru
ya-varshavskaya.ru
yablavka.ru
yaeb19.ru
yaebus18.ru
yandexzenhelp.ru
yansrasfol.ru
yaponovod.ru
yaroland.ru
yarsiti.ru
yazva-stop.ru
yerka.org.ru
yescourses.ru
yoga-love.ru
yoga63.ru
yogamate.ru
yolastamps.ru
yolopizza.ru
yorki-kristal.ru
yoshla.ru
youcomf.ru
yourdating.ru
youtube---radar.ru
ystrebytel-demonov-animego.ru
yulia-varra.ru
yunastudio.ru
yurevets.3dn.ru
z4c.ru
zabeg-a.ru
zabituisky-ds.ru
zaem-ok.ru
zaembe.ru
zahodi-posmotri.ru
zaim-dynai.ru
zaim-irk.ru
zaim-zalog.ru
zaimot.ru
zalogdoveriya.ru
zamenarenault.ru
zarafshan.ru
zavodporevit.ru
zavodritm.ru
zavodspecnozh.ru
zayavka-kr.ru
zaycev-net.ru
zazebok.ru
zbuket.ru
zemli-for-sale.ru
zemlykov.ru
zendo-tatarstan.ru
zeo55.ru
zgbi1.ru
zhaktrans.ru
zhirok.moscow
zhivayaraskraska.ru
zhyvoi.ru
zoloto-severa.ru
zolotoi-lev.ru
zolotoyulov.ru
zoopolis78.ru
zosh.ru
zozh-lekar.ru
zplaza-bc.ru
zstm.ru
zublechit-msk.ru
zvezda-club.ru
zvjozdnyjgorodok.ru
zvonkaya.ru
zvyozdnoye-ditya-animego.ru
