071kk.com
1024tera.com
123rf.com
126.net
163.com
163img.com
163jiasu.com
166.com
1688.com
17track.net
1905.com
1digitech.com
1drv.com
21cn.com
247sports.com
24ur.com
24videos.space
2cnt.net
33across.com
33apk.com
360.com
360safe.com
360totalsecurity.com
360yield.com
365scores.com
3ds.com
3hentai.net
3lift.com
3m.com
405kk.com
4shared.com
4wps.net
500px.com
51job.com
53.com
550909.com
55bmw6.com
58.com
5play.org
6opo.com
7-zip.org
79king1.com
8x8.com
927589452.space
99acres.com
99rdd.com
99xo4.com
9to5mac.com
a-mo.net
a.co
a47b.com
aa.com
aaa.com
aafp.org
aap.org
aarp.org
aastocks.com
abb.com
abc.com
abcnews.com
abebooks.com
abema.tv
abhibus.com
ably.net
aboutamazon.com
abovedomains.com
abplive.com
absoluporn.com
abxxx.com
academy.com
acast.com
accenture.com
accompany.com
accor.com
accuweather.com
acehardware.com
acer.com
aclu.org
acorns.com
acrobat.com
acronis.com
acs.org
actionverb.com
activision.com
acuityplatform.com
acuityscheduling.com
ad-score.com
ad-stir.com
ada.support
adage.com
adblockplus.org
addthis.com
adentifi.com
adform.net
adfuse-ssp.com
adidas.com
adikteev.com
adition.com
aditude.cloud
adjoe.zone
adjust.com
adkernel.com
adlightning.com
admanmedia.com
admaster.cc
adme.media
admixer.net
adnkronos.com
adnxs.com
adobe.com
adobe.net
adobelogin.com
adotmob.com
adp.com
adroll.com
adrta.com
adsafeprotected.com
adsbynimbus.com
adsmeasurement.com
adsmoloco.com
adspower.net
adsrvr.org
adsurge.com
adswizz.com
adtelligent.com
adthrive.com
adtidy.org
adultfriendfinder.com
adweek.com
adyen.com
aetna.com
afr.com
afraid.org
afrinic.net
afrointroductions.com
afternic.com
agoda.com
ahacdn.me
ahagamecenter.com
ahcdn.com
ahnlab.com
aidcgroup.net
aihelp.net
aip.org
airasia.com
airbnb.com
airbus.com
aircanada.com
airtable.com
ajax.systems
ajc.com
ajio.com
ak2yy.com
akamai.com
akc.org
akismet.com
al.com
alamy.com
alarabiya.net
alaskaair.com
alcmpn.com
alexa.com
algolia.net
alibaba-inc.com
alibaba.com
alibabachengdun.com
alibabacorp.com
alicdn.com
alicesw.com
alidns.com
aliexpress.com
alikunlun.com
alikunlun.net
alipay.com
alipaydns.com
alipayobjects.com
aliyun.com
aliyuncs.com
aliyuncsslb.com
aljazeera.com
aljazeera.net
alkosto.com
allawntech.com
allegro.com
allhen.online
allsectech.com
allstate.com
allthefallen.moe
alltrails.com
alodokter.com
alphonso.tv
altavista.com
altervista.org
alz.org
ama-assn.org
amagi.tv
amap.com
amarujala.com
amazon-adsystem.com
amazon.com
amazon.jobs
amazonalexa.com
amazonaws.com
amazonses.com
amazonsilk.com
amazontrust.com
amazonvideo.com
amd.com
amd.online
amemv.com
americanexpress.com
amnesty.org
amplify.com
amplitude.com
ampproject.net
ampproject.org
amspbs.com
amtrak.com
amxrtb.com
an1.com
analog.com
andhrajyothy.com
android.com
angelfire.com
animeheaven.me
aniview.com
anjuke.com
anker-in.com
anker.com
ankergames.net
anlian.co
answers.com
anthropic.com
anticheatexpert.com
anyrtb.com
aol.com
ap.org
apa.org
apache.org
apachefriends.org
apachelounge.com
apachetoday.com
aparat.com
apartments.com
apartmenttherapy.com
apnic.net
app-ads-services.com
app-analytics-services-att.com
app-analytics-services.com
app-measurement.com
app.link
appboy.com
appdome.com
appdynamics.com
appfolio.com
appier.net
apple-cloudkit.com
apple.co
apple.com
apple.news
applovin.com
appnext.com
appsflyer.com
appsflyersdk.com
appsheet.com
appspot.com
aps.org
aptoide.com
aptrinsic.com
arabic-porn-tube.com
arcgis.com
archdaily.com
architecturaldigest.com
archive-digger.com
archive-it.org
archive.org
archlinux.org
arcticwolf.net
arduino.cc
argenprop.com
arin.net
arkoselabs.com
arm.com
arstechnica.com
arte.tv
articulate.com
artnet.com
arubainstanton.com
arubanetworks.com
arxiv.org
as.com
asahi.com
asana.com
asics.com
ask.com
askubuntu.com
asm.org
asos.com
asp.net
assetsconfigcdn.org
astro.com
astrocade.com
asus.com
asuscomm.com
atcpulsa.store
atl-paas.net
atlassian.com
atlassian.net
atomex.net
atptour.com
att.com
att.net
attentivemobile.com
attheraces.com
attn.tv
au.com
auctollo.com
audible.com
audioeye.com
audiomack.com
auntmia.com
autodesk.com
automattic.com
autotrader.com
auvik.com
av380.net
avast.com
avdbs.com
avg.com
aviasales.com
avira.com
avon.com
avsxappcaptiveportal.com
awin1.com
aws.com
axa.com
axios.com
axis.com
axs.com
aylanetworks.com
azcentral.com
azioncdn.net
azionedge.net
azure.com
azure.net
azurerms.com
b-cdn.net
b7510.com
b92.net
babesource.com
bac.com
backblazeb2.com
backlinko.com
badoo.com
badoocdn.com
baidu.com
bain.com
baishan-cloud.net
baitoru.com
bakusai.com
ballotpedia.org
baltimoresun.com
bambuser.com
bancodevenezuela.com
bancsabadell.com
bandcamp.com
bandlab.com
bandsintown.com
bangkokpost.com
bankbazaar.com
bankofamerica.com
bankrate.com
baomoi.com
barchart.com
barnesandnoble.com
barracuda.com
barracudanetworks.com
barrons.com
bartleby.com
basalam.com
basf.com
batch.com
battle.net
bayer.com
bazaarvoice.com
bbc.com
bbcgoodfood.com
bbtec.net
bcg.com
bebee.com
bedbathandbeyond.com
beebom.com
behance.net
beinsports.com
bell-labs.com
bendingspoons.com
bentley.com
besoccer.com
best-hit.tv
bestbuy.com
bet30.host
bet365.com
bet9ja.com
bethesda.net
betterhelp.com
beyondwickedmapping.org
bezeqint.net
bfmio.com
bfmtv.com
bhaskar.com
bible.com
biblegateway.com
biblehub.com
biccamera.com
bidster.net
bidtheatre.com
bigbasket.com
bigcommerce.com
bigolive.tv
bikedekho.com
bikewale.com
bilibili.com
bilibili.tv
bill.com
billboard.com
binance.com
binance.info
bing.com
bing.net
bio.site
biography.com
biomedcentral.com
bip.com
birkenstock.com
bitbucket.org
bitly.com
bitrix24.com
bittorrent.com
bitwarden.com
bizjournals.com
blackberry.com
blackberry.net
blackboard.com
blackmagicdesign.com
blacknight.com
blackrock.com
blackspider.com
bleacherreport.com
blend.school
blizzard.com
blogger.com
blogspot.com
bloomberg.com
bloomberglaw.com
bluecava.com
blueconic.net
bluecore.com
bluestacks.com
blurb.com
bmj.com
bms.com
bmwgroup.com
boardgamearena.com
boat-lifestyle.com
bodis.com
boeing.com
bokeptoket.com
bol.com
bongacams.com
booking.com
boomplaymusic.com
boomtrain.com
boots.com
boredpanda.com
bostonglobe.com
boulanger.com
bounceexchange.com
bouncex.net
boursorama.com
boutell.com
box.com
box.net
boxofficemojo.com
boyuanhulian.com
bp.com
bqsex.com
br.com
braintreegateway.com
brand-display.com
brave.com
brdtest.com
breitbart.com
bricklink.com
brightcloud.com
brightcove.com
brightree.net
brightside.me
brightspace.com
britannica.com
britishairways.com
britishcouncil.org
brivo.com
broadcom.com
brother.com
browser-intake-datadoghq.com
browser-intake-us5-datadoghq.com
browserstack.com
browsiprod.com
bsgslb.com
bsky.app
bsky.network
bstatic.com
bt.com
btinternet.com
bttrack.com
buchstaben.com
buddyns.com
buffermotivatorsuffice.com
bugsnag.com
buildkite.com
bumble.com
bunny.net
bunnyband.com
business-standard.com
business.site
businessinsider.com
businessweek.com
businesswire.com
bustle.com
buzzfeed.com
buzzfeednews.com
buzzvil.com
bybanking.com
bybit.com
byd.com
byjus.com
bynder.com
bysex.click
bytedance.com
c-span.org
c6gj-static.net
cableone.net
caci.com
cadenaser.com
caesars.com
cafe24.com
cafepress.com
cairn.info
calameo.com
calciomercato.com
calculator.net
callofduty.com
callrail.com
calm.com
cam4.com
campaign-archive.com
camscanner.com
camsoda.com
camwhores.tv
canalblog.com
canalturf.com
cancer.org
caniuse.com
canlidoviz.com
canon.com
canonical.com
canva.com
canva.site
capcut.com
capgemini.com
capitalone.com
caranddriver.com
cardekho.com
carfax.com
cargocollective.com
cargurus.com
carmax.com
carnival.com
cars.com
carsensor.net
carwale.com
casio.com
cat.com
catawiki.com
cbr.com
cbre.com
cbs.com
cbslocal.com
cbsnews.com
cbssports.com
ccb.com
cctv.com
cdn-net.com
cdngslb.com
cdnsolutions.media
cdnwidget.com
cedock.com
celtra.com
celuapuestas.bond
cengage.com
centos.org
centurygame.com
cgtn.com
chanel.com
change.org
changeip.com
channel4.com
channelnewsasia.com
charlestonroadregistry.com
chartbeat.com
chartbeat.net
chartboost.com
charter.com
charter.net
chase.com
checkpoint.com
chegg.com
chess-results.com
chewy.com
chicagotribune.com
chichi-pui.com
chimpstatic.com
chinamobile.com
chinanews.com
chinaz.com
chmfin.com
chocolateplatform.com
choiceadvantage.com
choicehotels.com
chosun.com
christies.com
chrome.com
chromium.org
chron.com
chronicle.com
chunkbase.com
churchofjesuschrist.org
churnzero.net
cigna.com
cisco.com
ciscospark.com
citi.com
citigroup.com
citrix.com
cityheaven.net
clamav.net
clara.net
clarivate.com
classificadosx.net
classlink.com
claude.com
cleveland.com
clever.com
cleverreach.com
clevertap-prod.com
clickagy.com
clickmeeting.com
clicktale.net
clicktripz.com
clickup.com
clinch.co
clips4sale.com
clmbtech.com
cloud.com
cloud.sap
cloudappsecurity.com
cloudns.net
clover.com
cmbchina.com
cmpassport.com
cmtelematics.com
cn.com
cnbc.com
cnblogs.com
cnet.com
cnki.net
cnmsn.net
cnn.com
cnstrc.com
cntraveler.com
co.com
coca-cola.com
code.org
code42.com
codeberg.org
codeium.com
codeplex.com
coe.int
coindesk.com
coinmarketcap.com
collegeboard.org
collider.com
colliderporn.com
coloros.com
colossusssp.com
comcast.com
comcast.net
comcastbusiness.net
comfortweather.com
comodo.com
comodoca.com
company-target.com
comparethemarket.com
compass.com
complex.com
computerworld.com
computrabajo.com
concursolutions.com
config-security.com
confirmtkt.com
confluent.cloud
connatix.com
connman.net
consentmanager.net
constantcontact.com
constellix.com
consumerreports.org
contentful.com
contextweb.com
control4.com
controld.com
controlup.com
convertkit.com
conviva.com
cookieadmin.net
cookiebot.com
cookpad.com
cool18.com
cootlogix.com
copart.com
coppel.com
copper6.com
corel.com
cosme.net
cosmopolitan.com
costco.com
counterpane.com
countryliving.com
coupang.com
coursera.org
courtlistener.com
coveo.com
covers.com
cox.net
coxautoinc.com
cpan.org
cpanel.net
cpmstar.com
cquotient.com
craigslist.org
crashlytics.com
crazyegg.com
crazymaplestudios.com
crealitycloud.com
createjs.com
creativecdn.com
creditkarma.com
credly.com
crex.com
cribl.cloud
cricbuzz.com
cricinfo.com
cricketwireless.com
criteo.com
crm.dev
croma.com
cronista.com
cronolog.org
crossref.org
crowd-umlaut.com
crwdcntrl.net
crystalbet.com
cscdns.net
csdn.net
csmonitor.com
cspserver.net
ctmail.com
ctnsnet.com
ctrip.com
cuerpomente.com
cuisineaz.com
curalate.com
cursor.com
custhelp.com
cv666.net
cve.org
cvent.com
cvs.com
cvte.com
cxense.com
cybertrust.com
cygwin.com
cylance.com
cymru.com
d-deltanet.com
d-net.pro
dafont.com
dagospia.com
dailyinnovation.biz
dailykos.com
dailymail.com
dailymotion.com
daisonet.com
dallasnews.com
dalyfeds.com
dan.com
darty.com
dataannotation.tech
databricks.com
datacamp.com
datadoghq.com
datadome.co
datto.com
daum.net
davivienda.com
dayforcehcm.com
dazn.com
db.com
dcinside.com
ddnavi.com
ddns.net
ddnsfree.com
de.com
de17a.com
deadline.com
dealerinspire.com
debian.org
decafeligiblyhad.com
deccanherald.com
decolar.com
deepintent.com
deepseek.com
deere.com
deezer.com
degruyter.com
degruyterbrill.com
delhivery.com
delish.com
delishkitchen.tv
dell.com
deloitte.com
delta.com
demonware.net
denverpost.com
depositphotos.com
desiviral.net
desmos.com
desync.com
detailroi.com
deti-online.com
detik.com
detroitnews.com
detyep.com
deviantart.com
deviantart.net
device9.com
dhgate.com
dhl.com
dianping.com
dickssportinggoods.com
didiglobal.com
dienmayxanh.com
digg.com
digialm.com
digicert.com
digikala.com
digikey.com
digitaltrends.com
diigo.com
dinahosting.com
dinamalar.com
dingtalk.com
dior.com
directnic.com
directv.com
directvgo.com
discogs.com
discover.com
discovermagazine.com
discovery.com
discoveryplus.com
disney.com
disneyplus.com
disqus.com
diva-portal.org
diy.com
dizy.com
djangoproject.com
dji.com
dlsite.com
dmca.com
dmcdn.net
dmm.com
dmoz.org
dmv.org
dnacdn.net
dndbeyond.com
dns-finder.com
dns.com
dnsdomen.com
dnsexit.com
dnshigh.com
dnsimple.com
dnsmadeeasy.com
dnspod.com
dnspod.net
dnsservice.net
dnsv1.com
dnsv5.com
dnszi.com
dnv.com
docker.com
doctoreto.com
docusign.com
docusign.net
doh.pub
dola.com
domaintools.com
dome9.com
dominos.com
dondominio.com
donga.com
doofinder.com
doramy.club
dot-st.com
dotloop.com
dotmetrics.net
dotomi.com
douban.com
doubao.com
doubleclick.net
doubleverify.com
douyin.com
doviz.com
downloadwella.com
draftkings.com
dramaboxdb.com
dreame.tech
dreamhost.com
dreamstime.com
dribbble.com
drift.com
drikpanchang.com
drmgms.com
dropbox.com
dropboxstatic.com
drugs.com
drupal.org
dssott.com
dtscout.com
duckdns.org
duckduckgo.com
dunelm.com
duolingo.com
duosecurity.com
dv.tech
dvr163.com
dw.com
dyn.com
dynamic-dns.net
dynamics.com
dynamicyield.com
dynatrace.com
dyndns.com
dyndns.org
dyndns.tv
dynect.net
dynu.com
e-estekhdam.com
e-planning.net
e.leclerc
ea.com
easports.com
eastmoney.com
easydns.com
easyhomescreen.com
easyjet.com
eater.com
eaton.com
ebay.com
ebird.org
ebsco.com
ebscohost.com
ecer.com
eclipse.org
ecobee.com
economictimes.com
ecosia.org
ecwid.com
edgecdn.world
edmentum.com
edmunds.com
edx.org
eenadu.net
eepurl.com
eeroup.com
eff.org
egnyte.com
eiga.com
eitaa.com
ekatox.com
ekitan.com
elastic.co
elasticbeanstalk.com
elcinema.com
elconfidencial.com
elcorreo.com
eldebate.com
eleadcrm.com
elespanol.com
elle.com
eloqua.com
elpais.com
elperiodico.com
elsevier.com
eltiempo.com
emarketer.com
emarsys.net
emc.com
emirates.com
emol.com
emptyhammock.com
emxdgt.com
enable-javascript.com
engadget.com
enlightenment.org
ensighten.com
enterprise.com
entrepreneur.com
entrust.net
eonline.com
epicgames.com
epicgames.dev
episerver.net
eporner.com
epson.com
eredmenyek.com
ericsson.com
ero-video.net
erome.com
eronity.com
eroprofile.com
eropuru.com
erothots1.com
esa.int
esakal.com
eset.com
eskimi.com
esm1.net
esper.cloud
espn.com
espncdn.com
espncricinfo.com
espressif.com
esquire.com
esri.com
esuteru.com
esxdos.org
etoro.com
etrade.com
etrain.info
ets.org
etsy.com
eu.com
eu.org
eufy.com
eufylife.com
eukdns.com
eurekalert.org
eurodns.com
eurogamer.net
euronews.com
europepmc.org
eventbrite.com
everesttech.net
evergage.com
evernote.com
everydayhealth.com
evidon.com
evri.com
ex.co
exacttarget.com
exelator.com
exlibrisgroup.com
exoclick.com
expedia.com
expediapartnercentral.com
experian.com
expiredwixdomain.com
expressapisv2.net
expressvpn.com
ey.com
eyefinity.com
eyemedvisioncare.com
eyeo.com
eyeota.net
ezoic.net
ezoicns.com
ezvizlife.com
f-secure.com
f5.com
fabulous.com
facebook-hardware.com
facebook.com
faceit.com
facemojikeyboard.com
faipod.com
familysearch.org
fanatics.com
fandango.com
fanduel.com
fanfiction.net
fang.com
fansly.com
faqs.org
fareharbor.com
farfetch.com
farlightgames.com
farming-simulator.com
fas.org
fast.com
fastcgi.com
fastcompany.com
fastly.com
fastly.net
faz.net
fb.com
fb.me
fb.watch
fbcdn.net
fbsbx.com
fc2.com
fdating.com
featureassets.org
fedex.com
fedoraproject.org
feedburner.com
feednews.com
felenasoft.com
feverup.com
fhvfd.com
fidelity.com
fifa.com
figma.com
filedownload-csw-lenovo.com
filezilla-project.org
filimo.com
finalfantasyxiv.com
financialcontent.com
financialexpress.com
finanzen.net
findmykids.org
fineartamerica.com
firebaseapp.com
firefox.com
firetvcaptiveportal.com
firstpost.com
fitbit.com
fitgirl-repacks.site
flashscore.co
flashscore.com
flashscore.mobi
flashtalking.com
flaticon.com
flexport.com
flickr.com
flightrising.com
flingo.tv
flipboard.com
flipkart.com
flippingbook.com
flipsnack.com
flixcdn.com
flurry.com
fly.dev
fmkorea.com
fnac.com
foodnetwork.com
football.com
footmercato.net
forbes.com
forbesjapan.com
force.com
ford.com
formstack.com
formula1.com
forrester.com
forter.com
forticloud.com
fortinet.com
fortinet.net
fortnite.com
fortune.com
fotmob.com
fotoscapes.com
fourseasons.com
foursquare.com
fox.com
foxbusiness.com
foxit.com
foxnews.com
foxsports.com
fpo.xxx
framer.com
france.tv
france24.com
fravega.com
free-reels.com
freebsd.org
freedesktop.org
freelancer.com
freeones.com
freep.com
freepik.com
freepornvideo.sex
fresha.com
freshchat.com
freshdesk.com
freshservice.com
freshworks.com
frhiys.com
friv.com
frontapp.com
frontiernet.net
frontiersin.org
fsf.org
ft.com
fubo.tv
fullstory.com
fullxh.com
funnyjunk.com
funpay.com
futbol24.com
futurecdn.net
futurism.com
fwmrm.net
fyber.com
g.co
g.page
gaana.com
gadsme.com
gaiaonline.com
gaijin.net
gaijinent.com
gallup.com
gambleaware.org
game8.co
gameanalytics.com
gameloft.com
gamepass.com
gamerant.com
gamesradar.com
gamestop.com
gammaplatform.com
gandi.net
gap.com
gapgpt.app
garena.com
gartner.com
gb.net
gbnews.com
gcash.com
gcd-dns.com
gcdn.co
gcore.com
gdms.cloud
ge.com
geeksforgeeks.org
geforce.com
gelbooru.com
gencat.cat
gendai.media
genially.com
gentoo.org
geny.com
geocaching.com
geocities.com
geodema.network
geotrust.com
gestiondecuenta.com
getadblock.com
getcomposer.org
getdropbox.com
getgo.com
getpocket.com
getpostman.com
getpublica.com
getresponse.com
gettyimages.com
getui.com
gfk.com
gfpxw.com
ghanaweb.com
gharsoaps.shop
ghost.org
ghostery.com
ghostery.net
giantpanda.com
gifshow.com
gigabyte.com
gihc.net
giize.com
gimp.org
gingerall.com
giphy.com
girlschannel.net
gitea.com
gitee.com
github.blog
github.com
githubcopilot.com
gitv.tv
gladly.com
glamour.com
glance-cdn.com
glance.net
glip.com
global-e.com
globalcdn.co
globalsign.com
globalso.com
globenewswire.com
globo.com
gm.com
gmail.com
gmoregistry.net
gmx.net
gnome.org
gnu.org
gnupg.org
go-vip.net
go.com
go.dev
go2cloud.org
goal.com
godaddy.com
godaddysites.com
gofundme.com
gog.com
goguardian.com
goibibo.com
golang.org
goldmansachs.com
goldprice.org
goo-net.com
goodhousekeeping.com
goodreads.com
goodrx.com
google-analytics.com
google.cat
google.com
google.com.co
googleadservices.com
googleapis.com
googleblog.com
googlecode.com
googledomains.com
googlemail.com
googlepages.com
googlesource.com
googlesyndication.com
googletagmanager.com
googleusercontent.com
googlevideo.com
goooooooooooooooooooooooooooooooooooooooooooooooooooooooooogle.com
gopro.com
goraggio.com
gosexpod.com
gotchamall.com
gotinder.com
goto.com
gotomeeting.com
gotoresolve.com
gotowebinar.com
govdelivery.com
govee.com
goxh.today
gq.com
gr.com
grab.com
grabtaxi.com
grafana.com
grafana.net
grammarly.com
grammarly.net
gravatar.com
gree.net
greenpeace.org
grigorik.com
grindr.com
gs.com
gsmarena.com
gstatic.com
gtm-a2b2.com
guardingvision.com
gucci.com
guinnessworldrecords.com
gumgum.com
gumtree.com
gutenberg.org
gyazo.com
gzip.org
haaretz.com
haber7.com
haberturk.com
hackaday.com
hal.science
halodoc.com
hanbiro.com
hankyung.com
happy-porn.com
haproxy.com
haproxy.org
harborfreight.com
hardened-php.net
harman.com
harpersbazaar.com
hashicorp.com
hatenablog.com
hath.network
hbo.com
hbomax.com
hbr.org
he.net
headspace.com
health.mil
healthline.com
heapanalytics.com
helloasso.com
hellotalk8.com
helpshift.com
hentaicity.com
hentaiforce.net
hentaiheroes.com
hentaivox.com
hepsiburada.com
here.com
heroku.com
herokuapp.com
hetzner.com
hextom.com
hexun.com
heytapdownload.com
heytapimg.com
heytapmobi.com
heyvagroup.com
heyzine.com
hgtv.com
hihi2.com
hihonor.com
hihonorcloud.com
hilton.com
hindustantimes.com
hinet.net
hismarttv.com
histats.com
history.com
hk01.com
hkjc.com
hm.com
hochi.news
hola.com
hola.org
holadns.com
hollywoodreporter.com
holodisks.com
home.blog
homedepot.com
homeip.net
homes.com
honda.com
honeywell.com
honor.com
hootsuite.com
hostatom.com
hostwindsdns.com
hot-sex-tube.com
hotebonytube.com
hotels.com
hotjar.com
hotmail.com
hotmart.com
hotornot.com
hotstar.com
hotxv.com
housing.com
houzz.com
hover.com
howstuffworks.com
howtogeek.com
hoyolab.com
hoyoverse.com
hp.com
hpdaas.com
hpe.com
hpeprint.com
hpytimes.info
hqporner.com
hrw.org
hsbc.com
hsprotect.net
hstgr.net
htsc.com
httpbin.org
httpwg.org
hu.net
huanqiu.com
huawei.com
huaweicloud.com
huaweicloudwaf.com
hubpages.com
hudl.com
huffingtonpost.com
huffpost.com
huggingface.co
hulu.com
humbedooh.com
humoruniv.com
huya.com
huyamba.name
hwg.org
hyatt.com
hyperliquid.xyz
hyprmx.com
hyundai-meacv.com
hyundai.com
i993.com
iana.org
ibb.co
ibiblio.org
ibm.com
ibosscloud.com
ibtimes.com
icann.org
iccku.com
ichancy.com
icicidirect.com
icims.com
icloud-content.com
icloud.com
icndns.net
icrc.org
id5-sync.com
idc.com
idealista.com
idolfap.com
iea.org
ieee.org
ifconfig.me
ifeng.com
ifilo.net
ifit.com
ifixit.com
ig.com
ign.com
igvita.com
iheart.com
ihg.com
iii.com
iionads.com
ijg.org
ilbe.com
ilsole24ore.com
im-apps.net
imagefap.com
imagemagick.com
imagemagick.org
imageshack.com
imcmdb.net
imdb.com
imf.org
imganalytics.com
imgix.net
imgur.com
immersivelabs.com
immersivelabs.online
immunet.com
imolive.tv
impactradius-event.com
impression.link
imssms.org
imtwjwoasak.com
inaccuracy.net
inaturalist.org
inbake.com
inc.com
india.com
indiadafa.com
indiamart.com
indianexpress.com
indiarace.com
indiatimes.com
indiewire.com
infineon.com
infobae.com
infobip.com
infocyte.com
infogram.com
infojobs.net
infomaniak.com
infoworld.com
ingresso.com
inkscape.org
inleed.net
inmarsat.com
inmobi.com
inmobicdn.net
inner-active.mobi
innovid.com
inquirer.com
insider.com
insightexpressai.com
instabug.com
instacart.com
instagram.com
instapaper.com
instructables.com
instructure.com
int08h.com
intel.com
intentiq.com
intercom.com
intercomcdn.com
intermedia.net
internetwarriors.net
internshala.com
intsig.net
intuit.com
invisalign.com
iom.int
ionos.com
iop.org
iotcplatform.com
ip-api.com
ipecho.net
iplanet.com
iplt20.com
iponweb.net
iprom.net
ipsosinteractive.com
ipxserve.com
iq.com
iqiyi.com
iqm.com
irishtimes.com
irondns.net
isc.org
isipp.com
islonline.net
ispot.tv
issuu.com
istockphoto.com
it.com
itemmania.com
iterable.com
itglue.com
itorrents-igruha.org
itu.int
itunes.com
itv.com
iubenda.com
ivideon.com
ixigo.com
ixigua.com
jadwalnonton.com
jagex.com
jagran.com
jalan.net
jampp.com
janeapp.com
jappy.com
java.com
java.net
jbl.com
jc-gs.com
jcpenney.com
jcphi.com
jd.com
jecontacte.com
jennymovies.com
jet2holidays.com
jetblue.com
jetbrains.com
jetstar.com
jftechws.com
jianshu.com
jigsawplanet.com
jiji.com
jin115.com
jio.com
jiosaavn.com
jito.wtf
jivosite.com
jivox.com
jnbhi.com
jnj.com
johnlewis.com
joinhoney.com
joinmassive.com
joinmastodon.org
joker.com
joom.com
joporn.name
josporn.club
jotform.com
jp.net
jpmorgan.com
jpmorganchase.com
jpn.com
jpost.com
js7k.com
jsdelivr.net
jsonline.com
jstor.org
judge.me
judns.com
juicyads.com
julydns.com
jumpcloud.com
justanswer.com
justdial.com
justgiving.com
justia.com
justporn.com
justwatch.com
jw.org
jwplatform.com
jwpltx.com
jwpsrv.com
kaggle.com
kaiserpermanente.org
kaixo.com
kakao.com
kalshi.com
kaltura.com
kampyle.com
kantimehealth.net
kargo.com
kariyer.net
kashoob.com
kasserver.com
kavak.com
kayak.com
kbb.com
kbz0pwvxmv.com
kde.org
ke.com
keenetic.link
keenetic.pro
keplr.app
kernel.org
ketchcdn.com
kff.org
kgslb.com
khanacademy.org
kia.com
kiabi.com
kidoz.net
kidshealth.org
kinescopecdn.net
king.com
kingbokep.tv
kingsgroupgames.com
kinnser.net
kitco.com
kkstories.com
klarna.com
klaviyo.com
klevu.com
klikbca.com
klook.com
knowbe4.com
knt9.xyz
kochava.com
kohls.com
komect.com
komoot.com
kompas.com
konami.com
konghq.com
kooora.com
kozow.com
kpmg.com
kroger.com
krushmedia.com
ksapisrv.com
ksyun.com
ktrmr.com
kuaishou.com
kucoin.com
kugou.com
kunlunaq.com
kunluncan.com
kunlungr.com
kunlunhuf.com
kunlunsl.com
kurashiru.com
kwai.com
kwai.net
kwimgs.com
kxcdn.com
l-tike.com
l.ink
lachainemeteo.com
ladbrokes.com
ladesk.com
ladsp.com
lahuashanbx.com
lameteoagricole.net
languagetoolplus.com
larksuite.com
lastpass.com
latamairlines.com
latimes.com
launchdarkly.com
launchpad.net
lausd.net
lavanguardia.com
lazada.com
lcw.com
ldplayer.net
leadsquared.com
leagueoflegends.com
leakgallery.com
leaktube.net
leckerschmecker.me
lecturas.com
ledauphine.com
legacy.com
legalzoom.com
lego.com
leiniao.com
lemon8-app.com
lencr.org
lenovo.com
lenovomm.com
leroymerlin.com
letras.com
letsencrypt.org
letsporn.com
lettuceclub.net
lever.co
lexisnexis.com
lexmark.com
lfstrm.tv
lg.com
lgappstv.com
lge.com
lgsmartad.com
lgthinq.com
libbyshelf.com
libertaddigital.com
libguides.com
libpng.org
libramemoria.com
library.link
libreoffice.org
lichess.org
lidl.com
life360.com
lifeaiot.com
liftdsp.com
lijit.com
like.video
likee.video
lilithgame.com
limo.media
line.me
linkedin.com
linkplay.com
linode.com
linternaute.com
linuxfoundation.org
lioden.com
liputan6.com
liquipedia.net
list-manage.com
list-manage1.com
listrakbi.com
lit.link
literotica.com
lithium.com
litnet.com
live.com
livedoor.com
livehindustan.com
liveintent.com
livejasmin.com
livemint.com
liveperson.net
liveramp.com
livescience.com
livescore.com
livescore.mobi
lngtd.com
localto.net
localytics.com
loggly.com
logi.com
logicmonitor.com
logitech.com
logitechg.com
logmein.com
loilonote.app
lokalise.com
lokmat.com
loksatta.com
lonelyplanet.com
loom.com
loopme.me
lothar.com
louisvuitton.com
lovable.app
lowes.com
lpsg.com
lpsnmedia.net
lsrelayaccess.com
ltwebstatic.com
lua.org
lufthansa.com
lululemon.com
luticlip.com
lwsdns.com
lycos.com
lyft.com
lync.com
m.me
mac.com
machotube.tv
mackolik.com
macroaxis.com
macromedia.com
macromill.com
macworld.com
macys.com
made-in-china.com
maersk.com
magento.com
magicbricks.com
magnific.com
mail.com
mailchimp.com
mailinabox.email
makemytrip.com
makeuseof.com
malwarebytes.com
man7.org
manageengine.com
mandmdirect.com
mangadex.org
mangalib.me
mango.com
mangooutlet.com
manhuagui.com
manoramaonline.com
mantis-intelligence.com
manualslib.com
manulife-sinochem.com
mapbox.com
mapquest.com
marca.com
mariadb.org
marketscreener.com
marketwatch.com
marksandspencer.com
marmiton.org
marriott.com
martianinc.co
marvel.com
mastercard.com
mastodon.social
mat6tube.com
matchwithneighbors.com
mathrubhumi.com
mathworks.com
maticooads.com
matomo.cloud
matomo.org
mattel.com
maurices.com
maven.org
max.com
mayoclinic.org
maze.co
mcafee.com
mcafee.net
mcdonalds.com
mcdvoice.com
mckinsey.com
mcldns.com
mcldns.net
mcldns.org
mcusercontent.com
mdpi.com
me.com
measureadv.com
medallia.com
media.net
media6degrees.com
mediadataflow.cloud
mediagotechnology.com
mediamelon.com
mediaplex.com
mediarithmics.com
mediatek.com
mediavine.com
mediawiki.org
medicalnewstoday.com
medicalxpress.com
medtronic.com
meesho.com
meethue.com
meetup.com
megapath.com
megatv.com
mehrnews.com
meitu.com
meituan.com
meituan.net
meitudata.com
meitustat.com
melbet-419270.pro
memcached.org
menards.com
mendeley.com
menlosecurity.com
menshealth.com
mensjournal.com
mentalfloss.com
meraki.com
mercadolibre.com
mercadolibre.com.co
mercadopago.com
mercari.com
mercedes-benz.com
mercurynews.com
merriam-webster.com
messefrankfurt.com
messenger.com
meta.com
metabet.tv
meteofrance.com
meteomedia.com
metmuseum.org
metropoles.com
mexc.com
mfadsrvr.com
mgid.com
mgslb.com
mgstage.com
mgtv.com
mheducation.com
mi.com
miamiherald.com
micasino.com
michaels.com
michelin.com
micpn.com
microchip.com
microsoft.com
microsoft365.com
midasbuy.com
mihanwebhost.com
mikrotik.com
milanuncios.com
milfporn.tv
military.com
milli.gold
millipiyangoonline.com
mimecast.com
mimecast.net
mindbodyonline.com
minecraft.net
mingky04.live
mingky13.net
minhchinh.com
miniclip.com
mintegral.com
mintegral.net
mintmanga.com
mintmanga.one
miro.com
misspark.com
missyusa.com
mitre.org
miui.com
miwifi.com
mixpanel.com
mjedge.net
mktoresp.com
ml.com
ml314.com
mlb.com
mlive.com
mmechocaptiveportal.com
mncdn.com
mobiledokan.com
mobilefuse.com
mobilityware.com
mobolize.com
modaselvim.com
moengage.com
mogujie.com
mojang.com
mojohost.com
moloco.com
moneycontrol.com
mongabay.com
mongodb.com
monopolygo.com
monotaro.com
monster.com
mookie1.com
mooo.com
moovitapp.com
morganstanley.com
morningstar.com
mosyle.com
motherjones.com
motorola.com
motorsport.com
mountain.com
mouser.com
mova-tech.com
movie-box.co
movieweb.com
mozilla.com
mozilla.org
mparticle.com
mql5.com
ms.now
msdmanuals.com
msdn.com
msedge.net
msftstatic.com
msi.com
msn.com
msnbc.com
mtb.com
mtrtb.com
mtv.com
mullvad.net
mundodeportivo.com
musics-fa.com
musixmatch.com
muumuu-domain.com
mux.com
mxptint.net
mxtoolbox.com
my-best.com
my-control-panel.com
myanimelist.net
mybluehost.me
mydlink.com
mydnspt.net
mydramawave.com
myfritz.net
myharmony.com
myherbalife.com
myheritage.com
myhostadmin.net
myisolved.com
mykronos.com
mym.fans
mynet.com
myntra.com
myportfolio.com
mypurecloud.com
myqnapcloud.com
myshopify.com
myshopline.com
myspace.com
mysql.com
mysterium.network
mystrikingly.com
myvzw.com
mywellness.com
myworkday.com
mywot.com
mzstatic.com
n-able.com
n11.com
namasha.com
namecheap.com
namecheaphosting.com
namefind.com
namequery.com
nameshift.com
namnak.com
namu.wiki
nan-net.com
nanit.com
napiszex.com
narvar.com
nasdaq.com
nate.com
nationalacademies.org
nationalgeographic.com
nationalgeographic.org
nationalpost.com
nato.int
nature.com
naukri.com
naver.com
navyfederal.org
nba.com
nbc.com
nbcnews.com
nbcsports.com
nbcuni.com
nber.org
ncore.pro
ndm9.net
ndtv.com
nease.net
nejm.org
neocities.org
neopets.com
nerdwallet.com
nesine.com
nespresso.com
nessus.org
nest.com
netafraz.com
netcetera.com
netease.com
netfirms.com
netflix.com
netflix.net
netgate.com
netgear.com
netkeiba.com
netlify.app
netlify.com
netmarble.com
netperf.org
netscape.com
netskope.com
netsuite.com
netvigator.com
networkadvertising.org
networklinks.space
neverssl.com
newegg.com
newgrounds.com
newlook.com
newrelic.com
newrepublic.com
news18.com
newsbreak.com
newscientist.com
newsday.com
newsmax.com
newsweek.com
newyorker.com
nexon.com
nextcloud.com
nextdoor.com
nfl.com
nflxext.com
nflximg.com
nflxvideo.net
nghttp2.org
nginx.com
nginx.org
ngrok.com
nianticlabs.com
nic.buzz
nic.direct
nic.live
nic.media
nic.network
nic.tv
nic.video
nic.xyz
nic.zone
nicehash.com
niceincontact.com
niconsul.com
nielsen.com
nifty.com
nike.com
nikkansports.com
nikkei.com
nimo.tv
ning.com
ninisite.com
ninjarmm.com
nintendo.com
ninthdecimal.com
nishatlinen.com
nj.com
nme.com
nngroup.com
no-ip.com
no-ip.org
noip.com
nokia.com
noodlemagazine.com
noon.com
nordstrom.com
northwesternmutual.com
norton.com
nosv.org
note.com
notepad-plus-plus.org
notion.com
notion.site
nouvelobs.com
novell.com
novelpia.com
npr.org
nrdc.org
ns1p.net
nseindia.com
ntp.org
ntppool.org
ntt.net
nuget.org
nutanix.com
nvidia.com
nxp.com
nydailynews.com
nykaafashion.com
nymag.com
nypl.org
nypost.com
nyt.com
nytimes.com
oath.com
observer.com
obsproject.com
oceans-nadia.com
oculus.com
oddspark.com
odoo.com
oecd-ilibrary.org
oecd.org
office.com
office365.com
officeally.com
ohchr.org
oilprice.com
ojrq.net
okta.com
okx.com
ollama.com
olympic.org
olympics.com
onaudience.com
ondemand.com
onedio.com
onedrive.com
onefootball.com
oneget.org
onelink.me
onenote.com
onenote.net
onepeloton.com
onetag-sys.com
onlamp.com
onlinesbi.sbi
onrender.com
onthemarket.com
opendns.com
openedition.org
openldap.org
openlibrary.org
openoffice.org
openssl.org
openstreetmap.org
opensuse.org
opentable.com
opentext.com
openweathermap.org
openx.net
openxcdn.net
opera-api.com
opera-api2.com
opera-mini.net
opera.com
opera.software
opera.technology
operacdn.com
opinary.com
oppo.com
oppomobile.com
opsgenie.com
optable.co
optidigital.com
optimizely.com
optimove.net
optonline.net
optum.com
ora.com
oracle.com
oraclecloud.com
orange.com
oray.com
oregonlive.com
oreilly.com
oreillyauto.com
orekou.net
osano.com
ospserver.net
ottadvisors.com
ouedkniss.com
oup.com
ouraring.com
outbrain.com
outdooractive.com
outlook.com
outlookindia.com
outsideonline.com
over-blog.com
overdrive.com
overleaf.com
overstock.com
overwolf.com
ovh.com
ovh.net
ovhcloud.com
owhealth.com
oxfordjournals.org
p6sai.com
packagist.org
packetsdk.net
packetsdk.xyz
packzy.com
page.link
pagesix.com
paheal.net
paho.org
palm.tech
palmplaystore.com
paloaltonetworks.com
pananames.com
panasonic.com
panda.org
pandasecurity.com
pandora.com
pantip.com
papercut.com
parade.com
parallels.com
paramount.tech
paramountplus.com
parastorage.com
pardot.com
parentsquare.com
parismatch.com
parkingcrew.net
parklogic.com
parsely.com
passport.com
patagonia.com
patch.com
pavietnam.net
pawwalls.com
paychex.com
paycomonline.net
paylocity.com
paymaya.com
paymetrust.net
paypal.com
paypal.me
paypalobjects.com
paysafecard.com
paziresh24.com
pbase.com
pbs.org
pbskids.org
pbxai.com
pccc.com
pcgamer.com
pch.net
pcloud.com
pcre.org
pdf24.org
pdflib.com
peacocktv.com
peakgames.net
pearltrees.com
pearson-intl.com
pearson.com
peatix.com
penguinrandomhouse.com
pensador.com
perimeterx.net
perl.com
perl.org
personio.com
petsmart.com
pewresearch.org
pgammedia.com
phonepe.com
photobucket.com
photofolio.com
photoroom.com
photoshelter.com
php.net
phpmyadmin.net
phys.org
physiology.org
pi7.org
piccoma.com
picpay.com
picrew.me
pinduoduo.com
pinimg.com
pinterest.com
pippio.com
pisos.com
pitchfork.com
piwik.pro
pixeldrain.com
pixels.com
pixiv.net
pixlr.com
pixnet.net
pla3.com
playdigo.com
playfootball.games
playrix.com
playstation.com
playtika.com
plex.tv
plrm.zone
pluto.tv
pluxee.app
pm-serv.co
pndsn.com
pocketoption.com
podscribe.com
pointclickcare.com
pointtown.com
pokemon.com
politico.com
poly.com
polygon.com
popsci.com
popsugar.com
popularmechanics.com
poringa.net
porkbun.com
porndr.com
porngameshub.com
pornhub.com
pornhub.org
porno365.golf
porno365x.wiki
pornoborshch.com
pornolab.net
pornozak.shop
pornpics.com
porntrex.com
pornzog.com
porsche.com
poshmark.com
poshvine.com
post-gazette.com
postgresql.org
posthog.com
postimg.cc
postrelease.com
powerapps.com
powerbi.com
powerplatform.com
powerreviews.com
poynter.org
pozdravok.com
prajavani.net
premierleague.com
prezi.com
priceline.com
primevideo.com
primis.tech
principal.com
procore.com
prodregistryv2.org
programme-tv.net
progressive.com
project-limelight.com
pron.click
proof-dns.com
proofpoint.com
property24.com
propublica.org
proquest.com
protechts.net
proton.me
protrafficinspector.com
provenexpert.com
proxad.net
proxmox.com
prreqcroab.icu
prudential.com
pruebat.org
pscp.tv
pstatic.net
psychcentral.com
psychologytoday.com
ptt.cc
pub.network
publicstuff.com
publictracker.xyz
pubmatic.com
pubnative.net
pubnub.com
puma.com
purestorage.com
purl.org
pushd.com
pusher.com
pushwoosh.com
pushy.me
pwc.com
px-cloud.net
pypi.org
pyrus.com
python.org
q10.com
qatarairways.com
qcloud.com
qcloudcdn.com
qianxun.com
qiita.com
qiniudns.com
qiniup.com
qnap.com
qobuz.com
qq.com
quad9.net
qualcomm.com
qualtrics.com
quantcount.com
quantserve.com
quantummetric.com
questionablequesting.com
queue-it.net
quicksetcloud.com
qunaer.com
qunar.com
quora.com
qvc.com
qvdt3feo.com
qwant.com
qwest.net
r-project.org
r7.com
racingpost.com
rackspace.com
rackspace.net
radissonhotels.com
rainberrytv.com
rakuten.com
rand.org
randomchoice.org
rapid7.com
rapidgator.net
rapidssl.com
raptive.com
rat.xxx
ravelry.com
ravm.tv
rayjump.com
razer.com
razersynapse.com
razerzone.com
razorpay.com
rcdn-web.com
react.dev
readli.net
real.com
realme.com
realtor.com
recaptcha.net
redbull.com
redcross.org
reddit.com
redditmedia.com
redfin.com
redhat.com
rediff.com
redtube.com
reference.com
refinery29.com
registrar-servers.com
rei.com
relaysteering.com
relevant-digital.com
reliefweb.int
remitly.com
rentalcars.com
reolink.com
repec.org
researchnow.com
reserved.com
resetdigital.co
reson8.com
respawn.com
reuters.com
revcontent.com
revenuecat.com
reverbnation.com
revolve.com
rezultati.com
rezync.com
rfa.org
rferl.org
ria.com
richaudience.com
ricoh.com
ridewithvia.com
ring.com
ringcentral.com
riotgames.com
ripe.net
rixengine.com
rj.link
rkdms.com
rkv1.com
rncdn7.com
robertsspaceindustries.com
robinhood.com
roblox.com
roborock.com
roche.com
rocketmoney.dev
rockstargames.com
roeyecdn.com
rogers.com
rokt.com
rokutime.com
rollingstone.com
romarg.com
rottentomatoes.com
royalbank.com
royalcaribbean.com
royalmail.com
rozmusic.com
rr.com
rs-online.com
rs6.net
rsc.org
rspamd.com
rtb-oveeo.com
rtbhouse.com
rtbwise.com
rtmark.net
rubiconproject.com
rudderlabs.com
rudderstack.com
rule34video.com
ruliweb.com
run.app
runescape.com
runsignup.com
runwayml.com
russianfood.com
rust-lang.org
rusvideos.app
ryanair.com
rylkngdm.com
rylmtch.com
s8ey.com
saasexch.com
saasprotection.com
sacbee.com
sagepub.com
sahibinden.com
saksfifthavenue.com
sakshi.com
salesforce-scrt.com
salesforce-sites.com
salesforce.com
salesforceliveagent.com
salesmartly.com
salon.com
salonboard.com
samba.tv
samsara.com
samsclub.com
samsung.com
samsungads.com
samsungapps.com
samsungcloud.com
samsungdive.com
samsungelectronics.com
samsunghealth.com
samsungknox.com
samsungmobile.com
samsungotn.net
sandai.net
sandiegouniontribune.com
sankei.com
sankuai.com
sanofi-synthelabo.com
sanook.com
sanspo.com
sap.com
sarkariresult.com
sas.com
sascdn.com
sattamatkadpboss.mobi
saviyntcloud.com
savvis.net
sbicard.com
sbnation.com
sbxh1.com
sc-static.net
scarabresearch.com
scene7.com
schema.org
schneevonmorgen.com
schneier.com
schwab.com
science.org
sciencedirect.com
sciencemag.org
sciencenews.org
scientificamerican.com
scirp.org
scopus.com
scorecardresearch.com
scotsman.com
scrabblewordfinder.org
screenconnect.com
screenrant.com
scribd.com
scw.cloud
se.com
search-io.com
search-redirect.com
search-sprint.com
searchenginejournal.com
seattletimes.com
secondlife.com
sectigo.com
secu100.net
securedvisit.com
secureserver.net
securityfocus.com
securly.com
sedoparking.com
seek.com
seekingalpha.com
seesaa.net
sefon.pro
segment.com
sellatuparley.com
sellvir.com
seloger.com
semana.com
semanticscholar.org
semrush.com
sena.edu.co
sendbird.com
senderscore.com
sendgrid.com
sendgrid.net
senkodns.net
sensic.net
sentinelone.net
sephora.com
serebii.net
servedbyadbutler.com
serverdata.net
service-now.com
servicenow.com
servicewebly.com
servidoresdns.net
setrol.com
sevilmusics.com
sex-studentki.cafe
sex-studentki.sale
sex.com
sexvid.pro
sexvid.xxx
sexvid1.com
sfchronicle.com
sfgate.com
sgvps.net
shalltry.com
shalove.net
shareasale.com
sharepoint.com
sharepointonline.com
sharethis.com
sharethrough.com
shawcable.net
shazam.com
shb-sync.com
shcilestamp.com
shein.com
shell.com
shiabank.com
shifen.com
shiksha.com
shonenjumpplus.com
shop.app
shopcider.com
shopee.com
shopeemobile.com
shopify.com
shopifycloud.com
shorttv.live
showroomprive.com
shrm.org
shutterfly.com
shutterstock.com
si.com
siemens.com
sift.com
siftscience.com
signalfx.com
signalr.net
signifyd.com
similarweb.com
simplecast.com
simplisafe.com
simply.com
sina.com
singaporeair.com
singular.net
sinsay.com
siol.net
siriusxm.com
site.com
site123.me
siteforce.com
siteground.biz
sitemaps.org
sitescout.com
sixt.com
sketchfab.com
sketchup.com
skimresources.com
sky.com
skyhigh.cloud
skylinewebcams.com
skype.com
skyrock.net
skyscanner.net
skysports.com
slack.com
slackb.com
slate.com
sleepfoundation.org
sleepycat.com
slideshare.net
sliide.cloud
smadex.com
smallpdf.com
smartadserver.com
smartclip.net
smartnews-ads.com
smartnews.com
smartrecruiters.com
smartsheet.com
smartthings.com
smashingmagazine.com
smithsonianmag.com
smugmug.com
smule.com
smythstoys.com
snapchat.com
snapkit.com
snaptube.com
sndcdn.com
snowflakecomputing.com
snssdk.com
so.com
socdm.com
socialmediagirls.com
sofascore.com
softonic.com
softpedia.com
sogou.com
sohu.com
soinluck.com
sojern.com
sokmil.com
solitaired.com
solitairegrandharvest.com
solopornoitaliani.xxx
sonicwall.com
sonobi.com
sonos.com
sony.com
sony.net
sonyliv.com
sooplive.com
sophos.com
sorrisi.com
sosalkino.app
soufun.com
soundcloud.com
sourcefire.com
southwest.com
space.com
spaceship.com
spamcop.net
spamhaus.org
sparteo.com
spec.org
spectrum.com
spectrum.net
speedcurve.com
speedtest.net
speedtestcustom.com
spglobal.com
spiceworks.com
splashtop.com
splunk.com
splunkcloud.com
spokeo.com
sporcle.com
sportinglife.com
sportpesa.com
sportradar.com
sportradarserving.com
sportsdirect.com
sportskeeda.com
sportybet.com
spotify.com
spotify.dev
spotify.net
spreaker.com
sprig.com
springer.com
springeropen.com
springserve.com
sprinklr.com
sproutsocial.com
sqlite.org
square.site
squarespace.com
squid-cache.org
srv53.com
srv53.net
ss.com
ssl.com
ssllabs.com
ssrchat.com
ssrn.com
st.com
stabletransit.com
stackadapt.com
stackexchange.com
stackoverflow.com
staples.com
starbucks.com
starfall.com
starfieldtech.com
starlink.com
starmakerstudios.com
startappservice.com
startribune.com
starwars.com
staseraintv.com
statefarm.com
statista.com
statsigapi.net
steamcommunity.com
steamconnecttest.com
steampowered.com
stheadline.com
stickyadstv.com
stitcher.com
stlouisfed.org
storygize.net
stradivarius.com
straitstimes.com
strava.com
streamable.com
strip2.co
stripe.com
stripe.network
stripecdn.com
stubhub.com
studocu.com
study.com
stumbleupon.com
su89-cdn.net
substackcdn.com
sumup.com
sun.com
sundaysky.com
suning.com
suntimes.com
supabase.co
supabase.com
supercell.com
superuser.com
supplyframe.com
supportview.com
suramericana.com
sureserver.com
surriel.com
surveymonkey.com
survicate.com
suse.com
swagbucks.com
swarovski.com
sway.com
sweetwater.com
swiftkey.com
swiggy.com
swrve.com
symantec.com
syncingbridge.com
syncthing.net
syndigo.com
synology.com
syosetu.com
system-monitor.com
systemdns.com
sytes.net
t-mobile.com
t.me
t0x.net
tableau.com
tabletcaptiveportal.com
taboola.com
taboolanews.com
tacobell.com
tagsrvcs.com
tailscale.com
taktube.net
talkie-ai.com
talon-sec.com
tango.me
taoa.com
taobao.com
tapad.com
tapclap.com
tappx.com
taptapnetworks.com
target.com
tbcache.com
tcgplayer.com
tcylgslb.com
td.com
tds.net
teachable.com
teacherspayteachers.com
teads.tv
tealiumiq.com
teamviewer.com
techcrunch.com
technologyreview.com
technorail.com
technorati.com
technoratimedia.com
techradar.com
techsmith.com
techtarget.com
ted.com
teepublic.com
telcel.com
telecomsvc.com
telegram.com
telegram.me
telegram.org
telekom.net
telia.com
telkomsel.com
telogis.com
telstra.com
temporary.site
temu.com
tenable.com
tencent.com
tenjin.com
tenor.com
tensorflow.org
terabox.app
terabox.com
tesco.com
tesla.com
teslamotors.com
tezenis.com
tgju.org
thalesgroup.com
thawte.com
the-sun.com
theatlantic.com
theconversation.com
thecut.com
thedailybeast.com
thegioididong.com
theglobeandmail.com
theguardian.com
thehill.com
theintercept.com
thekitchn.com
theknot.com
themeansar.com
themoviebox.xyz
themoviedb.org
thenai.org
thenationalnews.com
thenkiri.com
thenounproject.com
theonion.com
theplatform.com
therealreal.com
theregister.com
thermofisher.com
thestar.com
thestreet.com
thetimes.com
thetrainline.com
theverge.com
theweathernetwork.com
theweek.com
thexh.live
thinkwithgoogle.com
thisisdax.com
thisvid.com
thomsonreuters.com
thomsonreuters.net
thousandeyes.com
threads.com
threads.net
threatdown.com
threatlocker.com
thriftbooks.com
thrtle.com
thscore3.com
thscore99.com
thumbtack.com
ti.com
tibia.com
ticketmaster.com
tidal.com
tiket.com
tiktok.com
tiktokglobalshopv.com
tiktokv.com
time.com
timeout.com
timeshighereducation.com
tinder.com
tinkercad.com
tiny.cc
tinypic.com
tistory.com
titan.email
tivo.com
tixcraft.com
tizen.org
tjk.org
tk0x1.com
tkmaxx.com
tmall.com
tmdb.org
tmz.com
tnaflix.com
toast.com
toasttab.com
today.com
todoist.com
togetter.com
tokopedia.com
tokyomotion.net
tolunastart.com
tomsguide.com
tomshardware.com
tomtom.com
topdns.com
toptoon.com
torob.com
torproject.org
toutiao.com
towardsdatascience.com
toyokeizai.net
toyota.com
tp-link.com
tpbid.com
tplinkcloud.com
tracookiepixel.xyz
tractorsupply.com
tradedoubler.com
tradeinn.com
tradingeconomics.com
tradingview.com
tradplusad.com
trafficjunky.net
traffmonetizer.com
tranche.finance
transmit.live
trassir.com
travelaudience.com
traveloka.com
travian.com
treasuredata.com
trellix.com
trello.com
tremorhub.com
trendmicro.com
trenitalia.com
tribalfusion.com
tribunnews.com
trimble.com
trip.com
tripadvisor.com
triplinkintl.com
tripod.com
tritondigital.com
trpcdn.net
truecaller.com
trueconf.com
trueconf.net
truist.com
trulia.com
truper.com
trustarc.com
truste.com
trustedshops.com
trusteer.com
trustpilot.com
tsyndicate.com
tuasaude.com
tube8.com
tubemogul.com
tubitv.com
tucows.com
tumbex.com
tumblr.com
turbify.com
turbosquid.com
turf-fr.com
turkishairlines.com
turnitin.com
tuya.com
tv9telugu.com
tvazteca.com
tvinteractive.tv
tvpixel.com
tvsquared.com
twc.com
twilio.com
twingate.com
twitcasting.tv
twitch.tv
txxx.com
tycsports.com
tynt.com
typeform.com
typekit.com
typekit.net
uadns.com
uber.com
ubereats.com
ubi.com
ubisoft.com
ubnt.com
ubs.com
ubuntu.com
uc-share.com
ucoz.net
ucweb.com
udmserve.net
udn.com
uefa.com
uhc.com
ui.com
uisp.com
uk.com
uk.net
ukdevilz.com
ukr.net
ukrainealarm.com
ulta.com
ultradns.biz
ultradns.com
ultradns.net
umbrella.com
umeng.com
un.org
undertone.com
undp.org
unep.org
unesco.org
unfccc.int
unhcr.org
unicef.org
unifi-ai.com
unioneeu.com
uniqlo.com
unisoc.com
unisys.com
united.com
unity.com
unity3d.com
unixtools.org
unodc.org
unrealengine.com
unruly.co
unrulymedia.com
unsplash.com
unstoppabledomains.com
unwomen.org
uplynk.com
upmusics.com
uppcl.org
ups.com
uptodown.com
urbanairship.com
urbandictionary.com
uribl.com
urldefense.com
us.com
us.org
usaa.com
usabilla.com
usatoday.com
usbank.com
userreport.com
usertrust.com
uservoice.com
userway.org
ushmm.org
usmagazine.com
usnews.com
usps.com
ustream.tv
usvisa-info.com
uta-net.com
utoon.net
utorrent.com
uuidksinc.net
uvfuns.com
v-videoapp.com
v6velugu.com
vanguard.com
vanityfair.com
variety.com
varzesh3.com
vcmdiawe.com
vedantu.com
veeam.com
venmo.com
venturebeat.com
vercel-dns.com
vercel.app
vercel.com
verisign.com
verisign.net
verizon.com
verizon.net
verizonwireless.com
verkada.com
vervegroupinc.net
vesselfinder.com
vewd.com
vfsglobal.com
viafoura.co
vialotadom.com
viator.com
viber.com
vice.com
victronenergy.com
vide-greniers.org
videoamp.com
videocelebs.net
videojs.com
videolan.org
vidio.com
vidoomy.com
vidyard.com
viglink.com
viki.com
vimeocdn.com
virginmedia.com
virtualbox.org
virtualearth.net
virtualmin.com
virustotal.com
vistarsagency.com
visualstudio.com
visualwebsiteoptimizer.com
vivo.com
vivoglobal.com
vivox.com
vix.com
vlxx.moi
vmware.com
vnexpress.net
vnggames.com
vnsextop1.com
voanews.com
vodafone.com
vogue.com
volvocars.com
vorwerk-digital.com
vox.com
voximplant.com
vrbo.com
vtex.com
vuejs.org
vultr.com
vulture.com
vungle.com
w.org
w3schools.com
wa.me
wakelet.com
wal-mart.com
walgreens.com
walkerplus.com
walkme.com
wallapop.com
wallpapers.com
walmart.com
wampserver.com
wandera.com
warframe.com
wargaming.net
warnerbros.com
wasabisys.com
washingtonpost.com
washingtontimes.com
wassenaar.org
watchguard.com
waterstones.com
wattpad.com
wav.tv
wayfair.com
wayground.com
waze.com
wb.com
wbs.legal
wbur.org
wbx2.com
weather.com
web.app
web.dev
webaim.org
webcontentassessor.com
webdav.org
webengage.com
webex.com
webflow.com
webmd.com
webnode.com
webofscience.com
webpt.com
websitewelcome.com
webthing.com
webtoons.com
wechat.com
weebly.com
weforum.org
weibo.com
weibocdn.com
wellsfargo.com
weplayapp.com
westernunion.com
wetest.net
wetransfer.com
wetter.com
wfp.org
whatsapp.com
whatsapp.net
whatwg.org
whitepages.com
who.int
whois.com
widen.net
widgetable.net
wikibooks.org
wikidata.org
wikidot.com
wikihow.com
wikimapia.org
wikimedia.org
wikipedia.com
wikipedia.org
wikiquote.org
wikisource.org
wiktionary.org
wildlifestudios.com
wiley.com
williamhill.com
windows.com
windows.net
windowsphone.com
windstream.net
windy.com
wipo.int
wired.com
wireguard.com
wishlink.com
wistia.com
withbuddies.com
withgoogle.com
withings.net
wix.com
wixdns.net
wixmp.com
wizards.com
wizzair.com
wmo.int
wn.com
wo-cloud.com
wolfram.com
wolframalpha.com
wolt.com
wolterskluwer.com
wolvden.com
womenshealthmag.com
wondershare.com
wonporn.com
woocommerce.com
wordfence.com
wordplays.com
wordpress.com
wordpress.org
wordreference.com
wordstream.com
wordwall.net
workday.com
workdaysuv.com
workspaceone.com
worldnic.com
worldpopulationreview.com
wowhead.com
wp.com
wp.me
wpenginepowered.com
wps.com
wral.com
wshareit.com
wsj.com
wsj.net
wufoo.com
wunderground.com
wurflcloud.com
wurl.com
wuytg.com
wwd.com
wyndhamhotels.com
wyze.com
x-cdn-static.com
xasiat.com
xataka.com
xbox.com
xboxlive.com
xda-developers.com
xe.com
xero.com
xerox.com
xfeed.com
xfinity.com
xhaccess.com
xhamster19.com
xhamster2.com
xhbox.today
xhcdn.com
xhchannel.com
xhclub.live
xhfanclub.com
xhfuck.com
xhname.com
xhnews.live
xhopen.com
xhpingcdn.com
xhscdn.com
xhsocial.com
xhspot.com
xhtotal.com
xhwebsite.com
xhwide.com
xiaohongshu.com
xiaomi.com
xiaomi.net
xiaoyi.com
ximalaya.com
xing.com
xinhuanet.com
xinnet.com
xkcd.com
xleche.com
xlgmedia.com
xmlsoft.org
xn--42cah7d0cxcvbbb9x.com
xnalgas.com
xnhau.bet
xnhau.ing
xnhau.shop
xnxx.com
xnxx.tv
xorgasmo.com
xpaja.net
xsolla.com
xundns.com
xunlei.com
xvideo-jp.com
xvideo.blog
xvideos.com
xxpkg.com
xxx.com
xxx18hot.com
xxxbp.pro
xxxbp.tv
xxxbule.com
xxxvideosind.com
yahoo.com
yahoo.net
yamaha.com
yammer.com
yango.com
yasyadong01.tv
ycombinator.com
yealink.com
yeastar.com
yektanet.com
yelp.com
yg5sjx5kzy.com
ygosu.com
yiche.com
yieldlab.net
yieldmo.com
yimg.com
ylilauta.org
ymmobi.com
yodobashi.com
yotpo.com
youappi.com
youdao.com
yougov.com
youjizz.com
youku.com
youporn.com
youradchoices.com
youronlinechoices.com
youtube-nocookie.com
youtube.com
youversionapi.com
ys7.com
yumpu.com
yuvideos.com
zalo.me
zaloapp.com
zapier.com
zappos.com
zara.com
zazzle.com
zblogcn.com
zbporn.com
zbporn.tv
zdbb.net
zdnet.com
zearn.org
zeasn.tv
zebra.com
zee5.com
zellbury.com
zemanta.com
zend.com
zendesk.com
zenlogic.net
zenodo.org
zephr.com
zepto.com
zerogpt.com
zerohedge.com
zeronaught.com
zetaglobal.net
zg-api.com
zhangle.com
zhihu.com
zillow.com
zillowstatic.com
zimbra.com
zimperium.com
zlib.net
zmaticoo.com
zoho.com
zohopublic.com
zomato.com
zoneedit.com
zoom.com
zotero.org
zscaler.com
ztomy.com
zuimeitianqi.com
zynga.com
zyxel.com
